Archive member included to satisfy reference by file (symbol)

/home/tulip/gcc-arm-none-eabi-5_3-2016q1-20160330-linux/gcc-arm-none-eabi-5_3-2016q1/bin/../lib/gcc/arm-none-eabi/5.3.1/../../../../arm-none-eabi/lib/armv6-m/libstdc++_nano.a(eh_terminate.o)
                              build/main.o (std::terminate())
/home/tulip/gcc-arm-none-eabi-5_3-2016q1-20160330-linux/gcc-arm-none-eabi-5_3-2016q1/bin/../lib/gcc/arm-none-eabi/5.3.1/../../../../arm-none-eabi/lib/armv6-m/libstdc++_nano.a(eh_term_handler.o)
                              /home/tulip/gcc-arm-none-eabi-5_3-2016q1-20160330-linux/gcc-arm-none-eabi-5_3-2016q1/bin/../lib/gcc/arm-none-eabi/5.3.1/../../../../arm-none-eabi/lib/armv6-m/libstdc++_nano.a(eh_terminate.o) (__cxxabiv1::__terminate_handler)
/home/tulip/gcc-arm-none-eabi-5_3-2016q1-20160330-linux/gcc-arm-none-eabi-5_3-2016q1/bin/../lib/gcc/arm-none-eabi/5.3.1/../../../../arm-none-eabi/lib/armv6-m/libstdc++_nano.a(eh_unex_handler.o)
                              /home/tulip/gcc-arm-none-eabi-5_3-2016q1-20160330-linux/gcc-arm-none-eabi-5_3-2016q1/bin/../lib/gcc/arm-none-eabi/5.3.1/../../../../arm-none-eabi/lib/armv6-m/libstdc++_nano.a(eh_terminate.o) (__cxxabiv1::__unexpected_handler)
/home/tulip/gcc-arm-none-eabi-5_3-2016q1-20160330-linux/gcc-arm-none-eabi-5_3-2016q1/bin/../lib/gcc/arm-none-eabi/5.3.1/armv6-m/libgcc.a(_aeabi_ldivmod.o)
                              build/empty_port.o (__aeabi_ldivmod)
/home/tulip/gcc-arm-none-eabi-5_3-2016q1-20160330-linux/gcc-arm-none-eabi-5_3-2016q1/bin/../lib/gcc/arm-none-eabi/5.3.1/armv6-m/libgcc.a(_aeabi_uldivmod.o)
                              build/empty_port.o (__aeabi_uldivmod)
/home/tulip/gcc-arm-none-eabi-5_3-2016q1-20160330-linux/gcc-arm-none-eabi-5_3-2016q1/bin/../lib/gcc/arm-none-eabi/5.3.1/armv6-m/libgcc.a(_muldi3.o)
                              build/empty_port.o (__aeabi_lmul)
/home/tulip/gcc-arm-none-eabi-5_3-2016q1-20160330-linux/gcc-arm-none-eabi-5_3-2016q1/bin/../lib/gcc/arm-none-eabi/5.3.1/armv6-m/libgcc.a(_udivmoddi4.o)
                              /home/tulip/gcc-arm-none-eabi-5_3-2016q1-20160330-linux/gcc-arm-none-eabi-5_3-2016q1/bin/../lib/gcc/arm-none-eabi/5.3.1/armv6-m/libgcc.a(_aeabi_uldivmod.o) (__udivmoddi4)
/home/tulip/gcc-arm-none-eabi-5_3-2016q1-20160330-linux/gcc-arm-none-eabi-5_3-2016q1/bin/../lib/gcc/arm-none-eabi/5.3.1/armv6-m/libgcc.a(bpabi.o)
                              /home/tulip/gcc-arm-none-eabi-5_3-2016q1-20160330-linux/gcc-arm-none-eabi-5_3-2016q1/bin/../lib/gcc/arm-none-eabi/5.3.1/armv6-m/libgcc.a(_aeabi_ldivmod.o) (__gnu_ldivmod_helper)
/home/tulip/gcc-arm-none-eabi-5_3-2016q1-20160330-linux/gcc-arm-none-eabi-5_3-2016q1/bin/../lib/gcc/arm-none-eabi/5.3.1/armv6-m/libgcc.a(_dvmd_tls.o)
                              /home/tulip/gcc-arm-none-eabi-5_3-2016q1-20160330-linux/gcc-arm-none-eabi-5_3-2016q1/bin/../lib/gcc/arm-none-eabi/5.3.1/armv6-m/libgcc.a(_aeabi_ldivmod.o) (__aeabi_ldiv0)
/home/tulip/gcc-arm-none-eabi-5_3-2016q1-20160330-linux/gcc-arm-none-eabi-5_3-2016q1/bin/../lib/gcc/arm-none-eabi/5.3.1/armv6-m/libgcc.a(_clzdi2.o)
                              /home/tulip/gcc-arm-none-eabi-5_3-2016q1-20160330-linux/gcc-arm-none-eabi-5_3-2016q1/bin/../lib/gcc/arm-none-eabi/5.3.1/armv6-m/libgcc.a(_udivmoddi4.o) (__clzdi2)
/home/tulip/gcc-arm-none-eabi-5_3-2016q1-20160330-linux/gcc-arm-none-eabi-5_3-2016q1/bin/../lib/gcc/arm-none-eabi/5.3.1/armv6-m/libgcc.a(_divdi3.o)
                              /home/tulip/gcc-arm-none-eabi-5_3-2016q1-20160330-linux/gcc-arm-none-eabi-5_3-2016q1/bin/../lib/gcc/arm-none-eabi/5.3.1/armv6-m/libgcc.a(bpabi.o) (__divdi3)
/home/tulip/gcc-arm-none-eabi-5_3-2016q1-20160330-linux/gcc-arm-none-eabi-5_3-2016q1/bin/../lib/gcc/arm-none-eabi/5.3.1/armv6-m/libgcc.a(_clzsi2.o)
                              /home/tulip/gcc-arm-none-eabi-5_3-2016q1-20160330-linux/gcc-arm-none-eabi-5_3-2016q1/bin/../lib/gcc/arm-none-eabi/5.3.1/armv6-m/libgcc.a(_clzdi2.o) (__clzsi2)
/home/tulip/gcc-arm-none-eabi-5_3-2016q1-20160330-linux/gcc-arm-none-eabi-5_3-2016q1/bin/../lib/gcc/arm-none-eabi/5.3.1/../../../../arm-none-eabi/lib/armv6-m/libc_nano.a(lib_a-abort.o)
                              /home/tulip/gcc-arm-none-eabi-5_3-2016q1-20160330-linux/gcc-arm-none-eabi-5_3-2016q1/bin/../lib/gcc/arm-none-eabi/5.3.1/../../../../arm-none-eabi/lib/armv6-m/libstdc++_nano.a(eh_terminate.o) (abort)
/home/tulip/gcc-arm-none-eabi-5_3-2016q1-20160330-linux/gcc-arm-none-eabi-5_3-2016q1/bin/../lib/gcc/arm-none-eabi/5.3.1/../../../../arm-none-eabi/lib/armv6-m/libc_nano.a(lib_a-exit.o)
                              /home/tulip/gcc-arm-none-eabi-5_3-2016q1-20160330-linux/gcc-arm-none-eabi-5_3-2016q1/bin/../lib/gcc/arm-none-eabi/5.3.1/../../../../arm-none-eabi/lib/armv6-m/crt0.o (exit)
/home/tulip/gcc-arm-none-eabi-5_3-2016q1-20160330-linux/gcc-arm-none-eabi-5_3-2016q1/bin/../lib/gcc/arm-none-eabi/5.3.1/../../../../arm-none-eabi/lib/armv6-m/libc_nano.a(lib_a-impure.o)
                              /home/tulip/gcc-arm-none-eabi-5_3-2016q1-20160330-linux/gcc-arm-none-eabi-5_3-2016q1/bin/../lib/gcc/arm-none-eabi/5.3.1/../../../../arm-none-eabi/lib/armv6-m/libc_nano.a(lib_a-exit.o) (_global_impure_ptr)
/home/tulip/gcc-arm-none-eabi-5_3-2016q1-20160330-linux/gcc-arm-none-eabi-5_3-2016q1/bin/../lib/gcc/arm-none-eabi/5.3.1/../../../../arm-none-eabi/lib/armv6-m/libc_nano.a(lib_a-init.o)
                              /home/tulip/gcc-arm-none-eabi-5_3-2016q1-20160330-linux/gcc-arm-none-eabi-5_3-2016q1/bin/../lib/gcc/arm-none-eabi/5.3.1/../../../../arm-none-eabi/lib/armv6-m/crt0.o (__libc_init_array)
/home/tulip/gcc-arm-none-eabi-5_3-2016q1-20160330-linux/gcc-arm-none-eabi-5_3-2016q1/bin/../lib/gcc/arm-none-eabi/5.3.1/../../../../arm-none-eabi/lib/armv6-m/libc_nano.a(lib_a-malloc.o)
                              build/main.o (malloc)
/home/tulip/gcc-arm-none-eabi-5_3-2016q1-20160330-linux/gcc-arm-none-eabi-5_3-2016q1/bin/../lib/gcc/arm-none-eabi/5.3.1/../../../../arm-none-eabi/lib/armv6-m/libc_nano.a(lib_a-memset.o)
                              /home/tulip/gcc-arm-none-eabi-5_3-2016q1-20160330-linux/gcc-arm-none-eabi-5_3-2016q1/bin/../lib/gcc/arm-none-eabi/5.3.1/../../../../arm-none-eabi/lib/armv6-m/crt0.o (memset)
/home/tulip/gcc-arm-none-eabi-5_3-2016q1-20160330-linux/gcc-arm-none-eabi-5_3-2016q1/bin/../lib/gcc/arm-none-eabi/5.3.1/../../../../arm-none-eabi/lib/armv6-m/libc_nano.a(lib_a-nano-freer.o)
                              /home/tulip/gcc-arm-none-eabi-5_3-2016q1-20160330-linux/gcc-arm-none-eabi-5_3-2016q1/bin/../lib/gcc/arm-none-eabi/5.3.1/../../../../arm-none-eabi/lib/armv6-m/libc_nano.a(lib_a-malloc.o) (_free_r)
/home/tulip/gcc-arm-none-eabi-5_3-2016q1-20160330-linux/gcc-arm-none-eabi-5_3-2016q1/bin/../lib/gcc/arm-none-eabi/5.3.1/../../../../arm-none-eabi/lib/armv6-m/libc_nano.a(lib_a-nano-mallocr.o)
                              /home/tulip/gcc-arm-none-eabi-5_3-2016q1-20160330-linux/gcc-arm-none-eabi-5_3-2016q1/bin/../lib/gcc/arm-none-eabi/5.3.1/../../../../arm-none-eabi/lib/armv6-m/libc_nano.a(lib_a-malloc.o) (_malloc_r)
/home/tulip/gcc-arm-none-eabi-5_3-2016q1-20160330-linux/gcc-arm-none-eabi-5_3-2016q1/bin/../lib/gcc/arm-none-eabi/5.3.1/../../../../arm-none-eabi/lib/armv6-m/libc_nano.a(lib_a-realloc.o)
                              build/main.o (realloc)
/home/tulip/gcc-arm-none-eabi-5_3-2016q1-20160330-linux/gcc-arm-none-eabi-5_3-2016q1/bin/../lib/gcc/arm-none-eabi/5.3.1/../../../../arm-none-eabi/lib/armv6-m/libc_nano.a(lib_a-sbrkr.o)
                              /home/tulip/gcc-arm-none-eabi-5_3-2016q1-20160330-linux/gcc-arm-none-eabi-5_3-2016q1/bin/../lib/gcc/arm-none-eabi/5.3.1/../../../../arm-none-eabi/lib/armv6-m/libc_nano.a(lib_a-nano-mallocr.o) (_sbrk_r)
/home/tulip/gcc-arm-none-eabi-5_3-2016q1-20160330-linux/gcc-arm-none-eabi-5_3-2016q1/bin/../lib/gcc/arm-none-eabi/5.3.1/../../../../arm-none-eabi/lib/armv6-m/libc_nano.a(lib_a-signal.o)
                              /home/tulip/gcc-arm-none-eabi-5_3-2016q1-20160330-linux/gcc-arm-none-eabi-5_3-2016q1/bin/../lib/gcc/arm-none-eabi/5.3.1/../../../../arm-none-eabi/lib/armv6-m/libc_nano.a(lib_a-abort.o) (raise)
/home/tulip/gcc-arm-none-eabi-5_3-2016q1-20160330-linux/gcc-arm-none-eabi-5_3-2016q1/bin/../lib/gcc/arm-none-eabi/5.3.1/../../../../arm-none-eabi/lib/armv6-m/libc_nano.a(lib_a-signalr.o)
                              /home/tulip/gcc-arm-none-eabi-5_3-2016q1-20160330-linux/gcc-arm-none-eabi-5_3-2016q1/bin/../lib/gcc/arm-none-eabi/5.3.1/../../../../arm-none-eabi/lib/armv6-m/libc_nano.a(lib_a-signal.o) (_kill_r)
/home/tulip/gcc-arm-none-eabi-5_3-2016q1-20160330-linux/gcc-arm-none-eabi-5_3-2016q1/bin/../lib/gcc/arm-none-eabi/5.3.1/../../../../arm-none-eabi/lib/armv6-m/libc_nano.a(lib_a-nano-reallocr.o)
                              /home/tulip/gcc-arm-none-eabi-5_3-2016q1-20160330-linux/gcc-arm-none-eabi-5_3-2016q1/bin/../lib/gcc/arm-none-eabi/5.3.1/../../../../arm-none-eabi/lib/armv6-m/libc_nano.a(lib_a-realloc.o) (_realloc_r)
/home/tulip/gcc-arm-none-eabi-5_3-2016q1-20160330-linux/gcc-arm-none-eabi-5_3-2016q1/bin/../lib/gcc/arm-none-eabi/5.3.1/../../../../arm-none-eabi/lib/armv6-m/libc_nano.a(lib_a-reent.o)
                              /home/tulip/gcc-arm-none-eabi-5_3-2016q1-20160330-linux/gcc-arm-none-eabi-5_3-2016q1/bin/../lib/gcc/arm-none-eabi/5.3.1/../../../../arm-none-eabi/lib/armv6-m/libc_nano.a(lib_a-sbrkr.o) (errno)
/home/tulip/gcc-arm-none-eabi-5_3-2016q1-20160330-linux/gcc-arm-none-eabi-5_3-2016q1/bin/../lib/gcc/arm-none-eabi/5.3.1/../../../../arm-none-eabi/lib/armv6-m/libc_nano.a(lib_a-memcpy-stub.o)
                              /home/tulip/gcc-arm-none-eabi-5_3-2016q1-20160330-linux/gcc-arm-none-eabi-5_3-2016q1/bin/../lib/gcc/arm-none-eabi/5.3.1/../../../../arm-none-eabi/lib/armv6-m/libc_nano.a(lib_a-nano-reallocr.o) (memcpy)
/home/tulip/gcc-arm-none-eabi-5_3-2016q1-20160330-linux/gcc-arm-none-eabi-5_3-2016q1/bin/../lib/gcc/arm-none-eabi/5.3.1/../../../../arm-none-eabi/lib/armv6-m/libc_nano.a(lib_a-nano-msizer.o)
                              /home/tulip/gcc-arm-none-eabi-5_3-2016q1-20160330-linux/gcc-arm-none-eabi-5_3-2016q1/bin/../lib/gcc/arm-none-eabi/5.3.1/../../../../arm-none-eabi/lib/armv6-m/libc_nano.a(lib_a-nano-reallocr.o) (_malloc_usable_size_r)
/home/tulip/gcc-arm-none-eabi-5_3-2016q1-20160330-linux/gcc-arm-none-eabi-5_3-2016q1/bin/../lib/gcc/arm-none-eabi/5.3.1/../../../../arm-none-eabi/lib/armv6-m/libnosys.a(getpid.o)
                              /home/tulip/gcc-arm-none-eabi-5_3-2016q1-20160330-linux/gcc-arm-none-eabi-5_3-2016q1/bin/../lib/gcc/arm-none-eabi/5.3.1/../../../../arm-none-eabi/lib/armv6-m/libc_nano.a(lib_a-signalr.o) (_getpid)
/home/tulip/gcc-arm-none-eabi-5_3-2016q1-20160330-linux/gcc-arm-none-eabi-5_3-2016q1/bin/../lib/gcc/arm-none-eabi/5.3.1/../../../../arm-none-eabi/lib/armv6-m/libnosys.a(kill.o)
                              /home/tulip/gcc-arm-none-eabi-5_3-2016q1-20160330-linux/gcc-arm-none-eabi-5_3-2016q1/bin/../lib/gcc/arm-none-eabi/5.3.1/../../../../arm-none-eabi/lib/armv6-m/libc_nano.a(lib_a-signalr.o) (_kill)
/home/tulip/gcc-arm-none-eabi-5_3-2016q1-20160330-linux/gcc-arm-none-eabi-5_3-2016q1/bin/../lib/gcc/arm-none-eabi/5.3.1/../../../../arm-none-eabi/lib/armv6-m/libnosys.a(sbrk.o)
                              /home/tulip/gcc-arm-none-eabi-5_3-2016q1-20160330-linux/gcc-arm-none-eabi-5_3-2016q1/bin/../lib/gcc/arm-none-eabi/5.3.1/../../../../arm-none-eabi/lib/armv6-m/libc_nano.a(lib_a-sbrkr.o) (_sbrk)
/home/tulip/gcc-arm-none-eabi-5_3-2016q1-20160330-linux/gcc-arm-none-eabi-5_3-2016q1/bin/../lib/gcc/arm-none-eabi/5.3.1/../../../../arm-none-eabi/lib/armv6-m/libnosys.a(_exit.o)
                              /home/tulip/gcc-arm-none-eabi-5_3-2016q1-20160330-linux/gcc-arm-none-eabi-5_3-2016q1/bin/../lib/gcc/arm-none-eabi/5.3.1/../../../../arm-none-eabi/lib/armv6-m/libc_nano.a(lib_a-abort.o) (_exit)

Allocating common symbols
Common symbol       size              file

errno               0x4               /home/tulip/gcc-arm-none-eabi-5_3-2016q1-20160330-linux/gcc-arm-none-eabi-5_3-2016q1/bin/../lib/gcc/arm-none-eabi/5.3.1/../../../../arm-none-eabi/lib/armv6-m/libc_nano.a(lib_a-reent.o)

Discarded input sections

 .text          0x00000000        0x0 /home/tulip/gcc-arm-none-eabi-5_3-2016q1-20160330-linux/gcc-arm-none-eabi-5_3-2016q1/bin/../lib/gcc/arm-none-eabi/5.3.1/armv6-m/crti.o
 .data          0x00000000        0x0 /home/tulip/gcc-arm-none-eabi-5_3-2016q1-20160330-linux/gcc-arm-none-eabi-5_3-2016q1/bin/../lib/gcc/arm-none-eabi/5.3.1/armv6-m/crti.o
 .bss           0x00000000        0x0 /home/tulip/gcc-arm-none-eabi-5_3-2016q1-20160330-linux/gcc-arm-none-eabi-5_3-2016q1/bin/../lib/gcc/arm-none-eabi/5.3.1/armv6-m/crti.o
 .data          0x00000000        0x4 /home/tulip/gcc-arm-none-eabi-5_3-2016q1-20160330-linux/gcc-arm-none-eabi-5_3-2016q1/bin/../lib/gcc/arm-none-eabi/5.3.1/armv6-m/crtbegin.o
 .data          0x00000000        0x0 /home/tulip/gcc-arm-none-eabi-5_3-2016q1-20160330-linux/gcc-arm-none-eabi-5_3-2016q1/bin/../lib/gcc/arm-none-eabi/5.3.1/../../../../arm-none-eabi/lib/armv6-m/crt0.o
 .bss           0x00000000        0x0 /home/tulip/gcc-arm-none-eabi-5_3-2016q1-20160330-linux/gcc-arm-none-eabi-5_3-2016q1/bin/../lib/gcc/arm-none-eabi/5.3.1/../../../../arm-none-eabi/lib/armv6-m/crt0.o
 .ARM.extab     0x00000000        0x0 /home/tulip/gcc-arm-none-eabi-5_3-2016q1-20160330-linux/gcc-arm-none-eabi-5_3-2016q1/bin/../lib/gcc/arm-none-eabi/5.3.1/../../../../arm-none-eabi/lib/armv6-m/crt0.o
 .text          0x00000000        0x0 build/empty_port.o
 .data          0x00000000        0x0 build/empty_port.o
 .bss           0x00000000        0x0 build/empty_port.o
 .text._gettimeofday
                0x00000000       0x38 build/empty_port.o
 .data          0x00000000        0x0 build/gcc_startup_nrf51.o
 .bss           0x00000000        0x0 build/gcc_startup_nrf51.o
 .group         0x00000000        0x8 build/main.o
 .group         0x00000000        0x8 build/main.o
 .text          0x00000000        0x0 build/main.o
 .data          0x00000000        0x0 build/main.o
 .bss           0x00000000        0x0 build/main.o
 .text          0x00000000        0x0 build/signalSlot.o
 .data          0x00000000        0x0 build/signalSlot.o
 .bss           0x00000000        0x0 build/signalSlot.o
 .text          0x00000000        0x0 build/system_nrf51422.o
 .data          0x00000000        0x0 build/system_nrf51422.o
 .bss           0x00000000        0x0 build/system_nrf51422.o
 .text.SystemCoreClockUpdate
                0x00000000       0x10 build/system_nrf51422.o
 .data.SystemCoreClock
                0x00000000        0x4 build/system_nrf51422.o
 .text          0x00000000        0x0 build/timer.o
 .data          0x00000000        0x0 build/timer.o
 .bss           0x00000000        0x0 build/timer.o
 .text          0x00000000        0x0 /home/tulip/gcc-arm-none-eabi-5_3-2016q1-20160330-linux/gcc-arm-none-eabi-5_3-2016q1/bin/../lib/gcc/arm-none-eabi/5.3.1/../../../../arm-none-eabi/lib/armv6-m/libstdc++_nano.a(eh_terminate.o)
 .data          0x00000000        0x0 /home/tulip/gcc-arm-none-eabi-5_3-2016q1-20160330-linux/gcc-arm-none-eabi-5_3-2016q1/bin/../lib/gcc/arm-none-eabi/5.3.1/../../../../arm-none-eabi/lib/armv6-m/libstdc++_nano.a(eh_terminate.o)
 .bss           0x00000000        0x0 /home/tulip/gcc-arm-none-eabi-5_3-2016q1-20160330-linux/gcc-arm-none-eabi-5_3-2016q1/bin/../lib/gcc/arm-none-eabi/5.3.1/../../../../arm-none-eabi/lib/armv6-m/libstdc++_nano.a(eh_terminate.o)
 .text._ZN10__cxxabiv112__unexpectedEPFvvE
                0x00000000        0x8 /home/tulip/gcc-arm-none-eabi-5_3-2016q1-20160330-linux/gcc-arm-none-eabi-5_3-2016q1/bin/../lib/gcc/arm-none-eabi/5.3.1/../../../../arm-none-eabi/lib/armv6-m/libstdc++_nano.a(eh_terminate.o)
 .text._ZSt10unexpectedv
                0x00000000       0x10 /home/tulip/gcc-arm-none-eabi-5_3-2016q1-20160330-linux/gcc-arm-none-eabi-5_3-2016q1/bin/../lib/gcc/arm-none-eabi/5.3.1/../../../../arm-none-eabi/lib/armv6-m/libstdc++_nano.a(eh_terminate.o)
 .text._ZSt13set_terminatePFvvE
                0x00000000       0x10 /home/tulip/gcc-arm-none-eabi-5_3-2016q1-20160330-linux/gcc-arm-none-eabi-5_3-2016q1/bin/../lib/gcc/arm-none-eabi/5.3.1/../../../../arm-none-eabi/lib/armv6-m/libstdc++_nano.a(eh_terminate.o)
 .text._ZSt13get_terminatev
                0x00000000        0xc /home/tulip/gcc-arm-none-eabi-5_3-2016q1-20160330-linux/gcc-arm-none-eabi-5_3-2016q1/bin/../lib/gcc/arm-none-eabi/5.3.1/../../../../arm-none-eabi/lib/armv6-m/libstdc++_nano.a(eh_terminate.o)
 .text._ZSt14set_unexpectedPFvvE
                0x00000000       0x10 /home/tulip/gcc-arm-none-eabi-5_3-2016q1-20160330-linux/gcc-arm-none-eabi-5_3-2016q1/bin/../lib/gcc/arm-none-eabi/5.3.1/../../../../arm-none-eabi/lib/armv6-m/libstdc++_nano.a(eh_terminate.o)
 .text._ZSt14get_unexpectedv
                0x00000000        0xc /home/tulip/gcc-arm-none-eabi-5_3-2016q1-20160330-linux/gcc-arm-none-eabi-5_3-2016q1/bin/../lib/gcc/arm-none-eabi/5.3.1/../../../../arm-none-eabi/lib/armv6-m/libstdc++_nano.a(eh_terminate.o)
 .text          0x00000000        0x0 /home/tulip/gcc-arm-none-eabi-5_3-2016q1-20160330-linux/gcc-arm-none-eabi-5_3-2016q1/bin/../lib/gcc/arm-none-eabi/5.3.1/../../../../arm-none-eabi/lib/armv6-m/libstdc++_nano.a(eh_term_handler.o)
 .data          0x00000000        0x0 /home/tulip/gcc-arm-none-eabi-5_3-2016q1-20160330-linux/gcc-arm-none-eabi-5_3-2016q1/bin/../lib/gcc/arm-none-eabi/5.3.1/../../../../arm-none-eabi/lib/armv6-m/libstdc++_nano.a(eh_term_handler.o)
 .bss           0x00000000        0x0 /home/tulip/gcc-arm-none-eabi-5_3-2016q1-20160330-linux/gcc-arm-none-eabi-5_3-2016q1/bin/../lib/gcc/arm-none-eabi/5.3.1/../../../../arm-none-eabi/lib/armv6-m/libstdc++_nano.a(eh_term_handler.o)
 .text          0x00000000        0x0 /home/tulip/gcc-arm-none-eabi-5_3-2016q1-20160330-linux/gcc-arm-none-eabi-5_3-2016q1/bin/../lib/gcc/arm-none-eabi/5.3.1/../../../../arm-none-eabi/lib/armv6-m/libstdc++_nano.a(eh_unex_handler.o)
 .data          0x00000000        0x0 /home/tulip/gcc-arm-none-eabi-5_3-2016q1-20160330-linux/gcc-arm-none-eabi-5_3-2016q1/bin/../lib/gcc/arm-none-eabi/5.3.1/../../../../arm-none-eabi/lib/armv6-m/libstdc++_nano.a(eh_unex_handler.o)
 .bss           0x00000000        0x0 /home/tulip/gcc-arm-none-eabi-5_3-2016q1-20160330-linux/gcc-arm-none-eabi-5_3-2016q1/bin/../lib/gcc/arm-none-eabi/5.3.1/../../../../arm-none-eabi/lib/armv6-m/libstdc++_nano.a(eh_unex_handler.o)
 .data._ZN10__cxxabiv120__unexpected_handlerE
                0x00000000        0x4 /home/tulip/gcc-arm-none-eabi-5_3-2016q1-20160330-linux/gcc-arm-none-eabi-5_3-2016q1/bin/../lib/gcc/arm-none-eabi/5.3.1/../../../../arm-none-eabi/lib/armv6-m/libstdc++_nano.a(eh_unex_handler.o)
 .ARM.attributes
                0x00000000       0x2c /home/tulip/gcc-arm-none-eabi-5_3-2016q1-20160330-linux/gcc-arm-none-eabi-5_3-2016q1/bin/../lib/gcc/arm-none-eabi/5.3.1/../../../../arm-none-eabi/lib/armv6-m/libstdc++_nano.a(eh_unex_handler.o)
 .data          0x00000000        0x0 /home/tulip/gcc-arm-none-eabi-5_3-2016q1-20160330-linux/gcc-arm-none-eabi-5_3-2016q1/bin/../lib/gcc/arm-none-eabi/5.3.1/armv6-m/libgcc.a(_aeabi_ldivmod.o)
 .bss           0x00000000        0x0 /home/tulip/gcc-arm-none-eabi-5_3-2016q1-20160330-linux/gcc-arm-none-eabi-5_3-2016q1/bin/../lib/gcc/arm-none-eabi/5.3.1/armv6-m/libgcc.a(_aeabi_ldivmod.o)
 .text          0x00000000       0x40 /home/tulip/gcc-arm-none-eabi-5_3-2016q1-20160330-linux/gcc-arm-none-eabi-5_3-2016q1/bin/../lib/gcc/arm-none-eabi/5.3.1/armv6-m/libgcc.a(_aeabi_uldivmod.o)
 .data          0x00000000        0x0 /home/tulip/gcc-arm-none-eabi-5_3-2016q1-20160330-linux/gcc-arm-none-eabi-5_3-2016q1/bin/../lib/gcc/arm-none-eabi/5.3.1/armv6-m/libgcc.a(_aeabi_uldivmod.o)
 .bss           0x00000000        0x0 /home/tulip/gcc-arm-none-eabi-5_3-2016q1-20160330-linux/gcc-arm-none-eabi-5_3-2016q1/bin/../lib/gcc/arm-none-eabi/5.3.1/armv6-m/libgcc.a(_aeabi_uldivmod.o)
 .ARM.attributes
                0x00000000       0x1e /home/tulip/gcc-arm-none-eabi-5_3-2016q1-20160330-linux/gcc-arm-none-eabi-5_3-2016q1/bin/../lib/gcc/arm-none-eabi/5.3.1/armv6-m/libgcc.a(_aeabi_uldivmod.o)
 .data          0x00000000        0x0 /home/tulip/gcc-arm-none-eabi-5_3-2016q1-20160330-linux/gcc-arm-none-eabi-5_3-2016q1/bin/../lib/gcc/arm-none-eabi/5.3.1/armv6-m/libgcc.a(_muldi3.o)
 .bss           0x00000000        0x0 /home/tulip/gcc-arm-none-eabi-5_3-2016q1-20160330-linux/gcc-arm-none-eabi-5_3-2016q1/bin/../lib/gcc/arm-none-eabi/5.3.1/armv6-m/libgcc.a(_muldi3.o)
 .text          0x00000000      0x180 /home/tulip/gcc-arm-none-eabi-5_3-2016q1-20160330-linux/gcc-arm-none-eabi-5_3-2016q1/bin/../lib/gcc/arm-none-eabi/5.3.1/armv6-m/libgcc.a(_udivmoddi4.o)
 .data          0x00000000        0x0 /home/tulip/gcc-arm-none-eabi-5_3-2016q1-20160330-linux/gcc-arm-none-eabi-5_3-2016q1/bin/../lib/gcc/arm-none-eabi/5.3.1/armv6-m/libgcc.a(_udivmoddi4.o)
 .bss           0x00000000        0x0 /home/tulip/gcc-arm-none-eabi-5_3-2016q1-20160330-linux/gcc-arm-none-eabi-5_3-2016q1/bin/../lib/gcc/arm-none-eabi/5.3.1/armv6-m/libgcc.a(_udivmoddi4.o)
 .ARM.extab     0x00000000        0x0 /home/tulip/gcc-arm-none-eabi-5_3-2016q1-20160330-linux/gcc-arm-none-eabi-5_3-2016q1/bin/../lib/gcc/arm-none-eabi/5.3.1/armv6-m/libgcc.a(_udivmoddi4.o)
 .ARM.exidx     0x00000000        0x8 /home/tulip/gcc-arm-none-eabi-5_3-2016q1-20160330-linux/gcc-arm-none-eabi-5_3-2016q1/bin/../lib/gcc/arm-none-eabi/5.3.1/armv6-m/libgcc.a(_udivmoddi4.o)
 .debug_frame   0x00000000       0x3c /home/tulip/gcc-arm-none-eabi-5_3-2016q1-20160330-linux/gcc-arm-none-eabi-5_3-2016q1/bin/../lib/gcc/arm-none-eabi/5.3.1/armv6-m/libgcc.a(_udivmoddi4.o)
 .ARM.attributes
                0x00000000       0x2c /home/tulip/gcc-arm-none-eabi-5_3-2016q1-20160330-linux/gcc-arm-none-eabi-5_3-2016q1/bin/../lib/gcc/arm-none-eabi/5.3.1/armv6-m/libgcc.a(_udivmoddi4.o)
 .data          0x00000000        0x0 /home/tulip/gcc-arm-none-eabi-5_3-2016q1-20160330-linux/gcc-arm-none-eabi-5_3-2016q1/bin/../lib/gcc/arm-none-eabi/5.3.1/armv6-m/libgcc.a(bpabi.o)
 .bss           0x00000000        0x0 /home/tulip/gcc-arm-none-eabi-5_3-2016q1-20160330-linux/gcc-arm-none-eabi-5_3-2016q1/bin/../lib/gcc/arm-none-eabi/5.3.1/armv6-m/libgcc.a(bpabi.o)
 .data          0x00000000        0x0 /home/tulip/gcc-arm-none-eabi-5_3-2016q1-20160330-linux/gcc-arm-none-eabi-5_3-2016q1/bin/../lib/gcc/arm-none-eabi/5.3.1/armv6-m/libgcc.a(_dvmd_tls.o)
 .bss           0x00000000        0x0 /home/tulip/gcc-arm-none-eabi-5_3-2016q1-20160330-linux/gcc-arm-none-eabi-5_3-2016q1/bin/../lib/gcc/arm-none-eabi/5.3.1/armv6-m/libgcc.a(_dvmd_tls.o)
 .data          0x00000000        0x0 /home/tulip/gcc-arm-none-eabi-5_3-2016q1-20160330-linux/gcc-arm-none-eabi-5_3-2016q1/bin/../lib/gcc/arm-none-eabi/5.3.1/armv6-m/libgcc.a(_clzdi2.o)
 .bss           0x00000000        0x0 /home/tulip/gcc-arm-none-eabi-5_3-2016q1-20160330-linux/gcc-arm-none-eabi-5_3-2016q1/bin/../lib/gcc/arm-none-eabi/5.3.1/armv6-m/libgcc.a(_clzdi2.o)
 .data          0x00000000        0x0 /home/tulip/gcc-arm-none-eabi-5_3-2016q1-20160330-linux/gcc-arm-none-eabi-5_3-2016q1/bin/../lib/gcc/arm-none-eabi/5.3.1/armv6-m/libgcc.a(_divdi3.o)
 .bss           0x00000000        0x0 /home/tulip/gcc-arm-none-eabi-5_3-2016q1-20160330-linux/gcc-arm-none-eabi-5_3-2016q1/bin/../lib/gcc/arm-none-eabi/5.3.1/armv6-m/libgcc.a(_divdi3.o)
 .ARM.extab     0x00000000        0x0 /home/tulip/gcc-arm-none-eabi-5_3-2016q1-20160330-linux/gcc-arm-none-eabi-5_3-2016q1/bin/../lib/gcc/arm-none-eabi/5.3.1/armv6-m/libgcc.a(_divdi3.o)
 .data          0x00000000        0x0 /home/tulip/gcc-arm-none-eabi-5_3-2016q1-20160330-linux/gcc-arm-none-eabi-5_3-2016q1/bin/../lib/gcc/arm-none-eabi/5.3.1/armv6-m/libgcc.a(_clzsi2.o)
 .bss           0x00000000        0x0 /home/tulip/gcc-arm-none-eabi-5_3-2016q1-20160330-linux/gcc-arm-none-eabi-5_3-2016q1/bin/../lib/gcc/arm-none-eabi/5.3.1/armv6-m/libgcc.a(_clzsi2.o)
 .text          0x00000000        0x0 /home/tulip/gcc-arm-none-eabi-5_3-2016q1-20160330-linux/gcc-arm-none-eabi-5_3-2016q1/bin/../lib/gcc/arm-none-eabi/5.3.1/../../../../arm-none-eabi/lib/armv6-m/libc_nano.a(lib_a-abort.o)
 .data          0x00000000        0x0 /home/tulip/gcc-arm-none-eabi-5_3-2016q1-20160330-linux/gcc-arm-none-eabi-5_3-2016q1/bin/../lib/gcc/arm-none-eabi/5.3.1/../../../../arm-none-eabi/lib/armv6-m/libc_nano.a(lib_a-abort.o)
 .bss           0x00000000        0x0 /home/tulip/gcc-arm-none-eabi-5_3-2016q1-20160330-linux/gcc-arm-none-eabi-5_3-2016q1/bin/../lib/gcc/arm-none-eabi/5.3.1/../../../../arm-none-eabi/lib/armv6-m/libc_nano.a(lib_a-abort.o)
 .text          0x00000000        0x0 /home/tulip/gcc-arm-none-eabi-5_3-2016q1-20160330-linux/gcc-arm-none-eabi-5_3-2016q1/bin/../lib/gcc/arm-none-eabi/5.3.1/../../../../arm-none-eabi/lib/armv6-m/libc_nano.a(lib_a-exit.o)
 .data          0x00000000        0x0 /home/tulip/gcc-arm-none-eabi-5_3-2016q1-20160330-linux/gcc-arm-none-eabi-5_3-2016q1/bin/../lib/gcc/arm-none-eabi/5.3.1/../../../../arm-none-eabi/lib/armv6-m/libc_nano.a(lib_a-exit.o)
 .bss           0x00000000        0x0 /home/tulip/gcc-arm-none-eabi-5_3-2016q1-20160330-linux/gcc-arm-none-eabi-5_3-2016q1/bin/../lib/gcc/arm-none-eabi/5.3.1/../../../../arm-none-eabi/lib/armv6-m/libc_nano.a(lib_a-exit.o)
 .text          0x00000000        0x0 /home/tulip/gcc-arm-none-eabi-5_3-2016q1-20160330-linux/gcc-arm-none-eabi-5_3-2016q1/bin/../lib/gcc/arm-none-eabi/5.3.1/../../../../arm-none-eabi/lib/armv6-m/libc_nano.a(lib_a-impure.o)
 .data          0x00000000        0x0 /home/tulip/gcc-arm-none-eabi-5_3-2016q1-20160330-linux/gcc-arm-none-eabi-5_3-2016q1/bin/../lib/gcc/arm-none-eabi/5.3.1/../../../../arm-none-eabi/lib/armv6-m/libc_nano.a(lib_a-impure.o)
 .bss           0x00000000        0x0 /home/tulip/gcc-arm-none-eabi-5_3-2016q1-20160330-linux/gcc-arm-none-eabi-5_3-2016q1/bin/../lib/gcc/arm-none-eabi/5.3.1/../../../../arm-none-eabi/lib/armv6-m/libc_nano.a(lib_a-impure.o)
 .text          0x00000000        0x0 /home/tulip/gcc-arm-none-eabi-5_3-2016q1-20160330-linux/gcc-arm-none-eabi-5_3-2016q1/bin/../lib/gcc/arm-none-eabi/5.3.1/../../../../arm-none-eabi/lib/armv6-m/libc_nano.a(lib_a-init.o)
 .data          0x00000000        0x0 /home/tulip/gcc-arm-none-eabi-5_3-2016q1-20160330-linux/gcc-arm-none-eabi-5_3-2016q1/bin/../lib/gcc/arm-none-eabi/5.3.1/../../../../arm-none-eabi/lib/armv6-m/libc_nano.a(lib_a-init.o)
 .bss           0x00000000        0x0 /home/tulip/gcc-arm-none-eabi-5_3-2016q1-20160330-linux/gcc-arm-none-eabi-5_3-2016q1/bin/../lib/gcc/arm-none-eabi/5.3.1/../../../../arm-none-eabi/lib/armv6-m/libc_nano.a(lib_a-init.o)
 .text          0x00000000        0x0 /home/tulip/gcc-arm-none-eabi-5_3-2016q1-20160330-linux/gcc-arm-none-eabi-5_3-2016q1/bin/../lib/gcc/arm-none-eabi/5.3.1/../../../../arm-none-eabi/lib/armv6-m/libc_nano.a(lib_a-malloc.o)
 .data          0x00000000        0x0 /home/tulip/gcc-arm-none-eabi-5_3-2016q1-20160330-linux/gcc-arm-none-eabi-5_3-2016q1/bin/../lib/gcc/arm-none-eabi/5.3.1/../../../../arm-none-eabi/lib/armv6-m/libc_nano.a(lib_a-malloc.o)
 .bss           0x00000000        0x0 /home/tulip/gcc-arm-none-eabi-5_3-2016q1-20160330-linux/gcc-arm-none-eabi-5_3-2016q1/bin/../lib/gcc/arm-none-eabi/5.3.1/../../../../arm-none-eabi/lib/armv6-m/libc_nano.a(lib_a-malloc.o)
 .text          0x00000000        0x0 /home/tulip/gcc-arm-none-eabi-5_3-2016q1-20160330-linux/gcc-arm-none-eabi-5_3-2016q1/bin/../lib/gcc/arm-none-eabi/5.3.1/../../../../arm-none-eabi/lib/armv6-m/libc_nano.a(lib_a-memset.o)
 .data          0x00000000        0x0 /home/tulip/gcc-arm-none-eabi-5_3-2016q1-20160330-linux/gcc-arm-none-eabi-5_3-2016q1/bin/../lib/gcc/arm-none-eabi/5.3.1/../../../../arm-none-eabi/lib/armv6-m/libc_nano.a(lib_a-memset.o)
 .bss           0x00000000        0x0 /home/tulip/gcc-arm-none-eabi-5_3-2016q1-20160330-linux/gcc-arm-none-eabi-5_3-2016q1/bin/../lib/gcc/arm-none-eabi/5.3.1/../../../../arm-none-eabi/lib/armv6-m/libc_nano.a(lib_a-memset.o)
 .text          0x00000000        0x0 /home/tulip/gcc-arm-none-eabi-5_3-2016q1-20160330-linux/gcc-arm-none-eabi-5_3-2016q1/bin/../lib/gcc/arm-none-eabi/5.3.1/../../../../arm-none-eabi/lib/armv6-m/libc_nano.a(lib_a-nano-freer.o)
 .data          0x00000000        0x0 /home/tulip/gcc-arm-none-eabi-5_3-2016q1-20160330-linux/gcc-arm-none-eabi-5_3-2016q1/bin/../lib/gcc/arm-none-eabi/5.3.1/../../../../arm-none-eabi/lib/armv6-m/libc_nano.a(lib_a-nano-freer.o)
 .bss           0x00000000        0x0 /home/tulip/gcc-arm-none-eabi-5_3-2016q1-20160330-linux/gcc-arm-none-eabi-5_3-2016q1/bin/../lib/gcc/arm-none-eabi/5.3.1/../../../../arm-none-eabi/lib/armv6-m/libc_nano.a(lib_a-nano-freer.o)
 .text          0x00000000        0x0 /home/tulip/gcc-arm-none-eabi-5_3-2016q1-20160330-linux/gcc-arm-none-eabi-5_3-2016q1/bin/../lib/gcc/arm-none-eabi/5.3.1/../../../../arm-none-eabi/lib/armv6-m/libc_nano.a(lib_a-nano-mallocr.o)
 .data          0x00000000        0x0 /home/tulip/gcc-arm-none-eabi-5_3-2016q1-20160330-linux/gcc-arm-none-eabi-5_3-2016q1/bin/../lib/gcc/arm-none-eabi/5.3.1/../../../../arm-none-eabi/lib/armv6-m/libc_nano.a(lib_a-nano-mallocr.o)
 .bss           0x00000000        0x0 /home/tulip/gcc-arm-none-eabi-5_3-2016q1-20160330-linux/gcc-arm-none-eabi-5_3-2016q1/bin/../lib/gcc/arm-none-eabi/5.3.1/../../../../arm-none-eabi/lib/armv6-m/libc_nano.a(lib_a-nano-mallocr.o)
 .text          0x00000000        0x0 /home/tulip/gcc-arm-none-eabi-5_3-2016q1-20160330-linux/gcc-arm-none-eabi-5_3-2016q1/bin/../lib/gcc/arm-none-eabi/5.3.1/../../../../arm-none-eabi/lib/armv6-m/libc_nano.a(lib_a-realloc.o)
 .data          0x00000000        0x0 /home/tulip/gcc-arm-none-eabi-5_3-2016q1-20160330-linux/gcc-arm-none-eabi-5_3-2016q1/bin/../lib/gcc/arm-none-eabi/5.3.1/../../../../arm-none-eabi/lib/armv6-m/libc_nano.a(lib_a-realloc.o)
 .bss           0x00000000        0x0 /home/tulip/gcc-arm-none-eabi-5_3-2016q1-20160330-linux/gcc-arm-none-eabi-5_3-2016q1/bin/../lib/gcc/arm-none-eabi/5.3.1/../../../../arm-none-eabi/lib/armv6-m/libc_nano.a(lib_a-realloc.o)
 .text          0x00000000        0x0 /home/tulip/gcc-arm-none-eabi-5_3-2016q1-20160330-linux/gcc-arm-none-eabi-5_3-2016q1/bin/../lib/gcc/arm-none-eabi/5.3.1/../../../../arm-none-eabi/lib/armv6-m/libc_nano.a(lib_a-sbrkr.o)
 .data          0x00000000        0x0 /home/tulip/gcc-arm-none-eabi-5_3-2016q1-20160330-linux/gcc-arm-none-eabi-5_3-2016q1/bin/../lib/gcc/arm-none-eabi/5.3.1/../../../../arm-none-eabi/lib/armv6-m/libc_nano.a(lib_a-sbrkr.o)
 .bss           0x00000000        0x0 /home/tulip/gcc-arm-none-eabi-5_3-2016q1-20160330-linux/gcc-arm-none-eabi-5_3-2016q1/bin/../lib/gcc/arm-none-eabi/5.3.1/../../../../arm-none-eabi/lib/armv6-m/libc_nano.a(lib_a-sbrkr.o)
 .text          0x00000000        0x0 /home/tulip/gcc-arm-none-eabi-5_3-2016q1-20160330-linux/gcc-arm-none-eabi-5_3-2016q1/bin/../lib/gcc/arm-none-eabi/5.3.1/../../../../arm-none-eabi/lib/armv6-m/libc_nano.a(lib_a-signal.o)
 .data          0x00000000        0x0 /home/tulip/gcc-arm-none-eabi-5_3-2016q1-20160330-linux/gcc-arm-none-eabi-5_3-2016q1/bin/../lib/gcc/arm-none-eabi/5.3.1/../../../../arm-none-eabi/lib/armv6-m/libc_nano.a(lib_a-signal.o)
 .bss           0x00000000        0x0 /home/tulip/gcc-arm-none-eabi-5_3-2016q1-20160330-linux/gcc-arm-none-eabi-5_3-2016q1/bin/../lib/gcc/arm-none-eabi/5.3.1/../../../../arm-none-eabi/lib/armv6-m/libc_nano.a(lib_a-signal.o)
 .text._init_signal_r
                0x00000000       0x30 /home/tulip/gcc-arm-none-eabi-5_3-2016q1-20160330-linux/gcc-arm-none-eabi-5_3-2016q1/bin/../lib/gcc/arm-none-eabi/5.3.1/../../../../arm-none-eabi/lib/armv6-m/libc_nano.a(lib_a-signal.o)
 .text._signal_r
                0x00000000       0x32 /home/tulip/gcc-arm-none-eabi-5_3-2016q1-20160330-linux/gcc-arm-none-eabi-5_3-2016q1/bin/../lib/gcc/arm-none-eabi/5.3.1/../../../../arm-none-eabi/lib/armv6-m/libc_nano.a(lib_a-signal.o)
 .text.__sigtramp_r
                0x00000000       0x48 /home/tulip/gcc-arm-none-eabi-5_3-2016q1-20160330-linux/gcc-arm-none-eabi-5_3-2016q1/bin/../lib/gcc/arm-none-eabi/5.3.1/../../../../arm-none-eabi/lib/armv6-m/libc_nano.a(lib_a-signal.o)
 .text.signal   0x00000000       0x14 /home/tulip/gcc-arm-none-eabi-5_3-2016q1-20160330-linux/gcc-arm-none-eabi-5_3-2016q1/bin/../lib/gcc/arm-none-eabi/5.3.1/../../../../arm-none-eabi/lib/armv6-m/libc_nano.a(lib_a-signal.o)
 .text._init_signal
                0x00000000       0x10 /home/tulip/gcc-arm-none-eabi-5_3-2016q1-20160330-linux/gcc-arm-none-eabi-5_3-2016q1/bin/../lib/gcc/arm-none-eabi/5.3.1/../../../../arm-none-eabi/lib/armv6-m/libc_nano.a(lib_a-signal.o)
 .text.__sigtramp
                0x00000000       0x14 /home/tulip/gcc-arm-none-eabi-5_3-2016q1-20160330-linux/gcc-arm-none-eabi-5_3-2016q1/bin/../lib/gcc/arm-none-eabi/5.3.1/../../../../arm-none-eabi/lib/armv6-m/libc_nano.a(lib_a-signal.o)
 .text          0x00000000        0x0 /home/tulip/gcc-arm-none-eabi-5_3-2016q1-20160330-linux/gcc-arm-none-eabi-5_3-2016q1/bin/../lib/gcc/arm-none-eabi/5.3.1/../../../../arm-none-eabi/lib/armv6-m/libc_nano.a(lib_a-signalr.o)
 .data          0x00000000        0x0 /home/tulip/gcc-arm-none-eabi-5_3-2016q1-20160330-linux/gcc-arm-none-eabi-5_3-2016q1/bin/../lib/gcc/arm-none-eabi/5.3.1/../../../../arm-none-eabi/lib/armv6-m/libc_nano.a(lib_a-signalr.o)
 .bss           0x00000000        0x0 /home/tulip/gcc-arm-none-eabi-5_3-2016q1-20160330-linux/gcc-arm-none-eabi-5_3-2016q1/bin/../lib/gcc/arm-none-eabi/5.3.1/../../../../arm-none-eabi/lib/armv6-m/libc_nano.a(lib_a-signalr.o)
 .text          0x00000000        0x0 /home/tulip/gcc-arm-none-eabi-5_3-2016q1-20160330-linux/gcc-arm-none-eabi-5_3-2016q1/bin/../lib/gcc/arm-none-eabi/5.3.1/../../../../arm-none-eabi/lib/armv6-m/libc_nano.a(lib_a-nano-reallocr.o)
 .data          0x00000000        0x0 /home/tulip/gcc-arm-none-eabi-5_3-2016q1-20160330-linux/gcc-arm-none-eabi-5_3-2016q1/bin/../lib/gcc/arm-none-eabi/5.3.1/../../../../arm-none-eabi/lib/armv6-m/libc_nano.a(lib_a-nano-reallocr.o)
 .bss           0x00000000        0x0 /home/tulip/gcc-arm-none-eabi-5_3-2016q1-20160330-linux/gcc-arm-none-eabi-5_3-2016q1/bin/../lib/gcc/arm-none-eabi/5.3.1/../../../../arm-none-eabi/lib/armv6-m/libc_nano.a(lib_a-nano-reallocr.o)
 .text          0x00000000        0x0 /home/tulip/gcc-arm-none-eabi-5_3-2016q1-20160330-linux/gcc-arm-none-eabi-5_3-2016q1/bin/../lib/gcc/arm-none-eabi/5.3.1/../../../../arm-none-eabi/lib/armv6-m/libc_nano.a(lib_a-reent.o)
 .data          0x00000000        0x0 /home/tulip/gcc-arm-none-eabi-5_3-2016q1-20160330-linux/gcc-arm-none-eabi-5_3-2016q1/bin/../lib/gcc/arm-none-eabi/5.3.1/../../../../arm-none-eabi/lib/armv6-m/libc_nano.a(lib_a-reent.o)
 .bss           0x00000000        0x0 /home/tulip/gcc-arm-none-eabi-5_3-2016q1-20160330-linux/gcc-arm-none-eabi-5_3-2016q1/bin/../lib/gcc/arm-none-eabi/5.3.1/../../../../arm-none-eabi/lib/armv6-m/libc_nano.a(lib_a-reent.o)
 .text.cleanup_glue
                0x00000000       0x1a /home/tulip/gcc-arm-none-eabi-5_3-2016q1-20160330-linux/gcc-arm-none-eabi-5_3-2016q1/bin/../lib/gcc/arm-none-eabi/5.3.1/../../../../arm-none-eabi/lib/armv6-m/libc_nano.a(lib_a-reent.o)
 .text._reclaim_reent
                0x00000000       0xcc /home/tulip/gcc-arm-none-eabi-5_3-2016q1-20160330-linux/gcc-arm-none-eabi-5_3-2016q1/bin/../lib/gcc/arm-none-eabi/5.3.1/../../../../arm-none-eabi/lib/armv6-m/libc_nano.a(lib_a-reent.o)
 .text          0x00000000        0x0 /home/tulip/gcc-arm-none-eabi-5_3-2016q1-20160330-linux/gcc-arm-none-eabi-5_3-2016q1/bin/../lib/gcc/arm-none-eabi/5.3.1/../../../../arm-none-eabi/lib/armv6-m/libc_nano.a(lib_a-memcpy-stub.o)
 .data          0x00000000        0x0 /home/tulip/gcc-arm-none-eabi-5_3-2016q1-20160330-linux/gcc-arm-none-eabi-5_3-2016q1/bin/../lib/gcc/arm-none-eabi/5.3.1/../../../../arm-none-eabi/lib/armv6-m/libc_nano.a(lib_a-memcpy-stub.o)
 .bss           0x00000000        0x0 /home/tulip/gcc-arm-none-eabi-5_3-2016q1-20160330-linux/gcc-arm-none-eabi-5_3-2016q1/bin/../lib/gcc/arm-none-eabi/5.3.1/../../../../arm-none-eabi/lib/armv6-m/libc_nano.a(lib_a-memcpy-stub.o)
 .text          0x00000000        0x0 /home/tulip/gcc-arm-none-eabi-5_3-2016q1-20160330-linux/gcc-arm-none-eabi-5_3-2016q1/bin/../lib/gcc/arm-none-eabi/5.3.1/../../../../arm-none-eabi/lib/armv6-m/libc_nano.a(lib_a-nano-msizer.o)
 .data          0x00000000        0x0 /home/tulip/gcc-arm-none-eabi-5_3-2016q1-20160330-linux/gcc-arm-none-eabi-5_3-2016q1/bin/../lib/gcc/arm-none-eabi/5.3.1/../../../../arm-none-eabi/lib/armv6-m/libc_nano.a(lib_a-nano-msizer.o)
 .bss           0x00000000        0x0 /home/tulip/gcc-arm-none-eabi-5_3-2016q1-20160330-linux/gcc-arm-none-eabi-5_3-2016q1/bin/../lib/gcc/arm-none-eabi/5.3.1/../../../../arm-none-eabi/lib/armv6-m/libc_nano.a(lib_a-nano-msizer.o)
 .text          0x00000000        0x0 /home/tulip/gcc-arm-none-eabi-5_3-2016q1-20160330-linux/gcc-arm-none-eabi-5_3-2016q1/bin/../lib/gcc/arm-none-eabi/5.3.1/armv6-m/crtend.o
 .data          0x00000000        0x0 /home/tulip/gcc-arm-none-eabi-5_3-2016q1-20160330-linux/gcc-arm-none-eabi-5_3-2016q1/bin/../lib/gcc/arm-none-eabi/5.3.1/armv6-m/crtend.o
 .bss           0x00000000        0x0 /home/tulip/gcc-arm-none-eabi-5_3-2016q1-20160330-linux/gcc-arm-none-eabi-5_3-2016q1/bin/../lib/gcc/arm-none-eabi/5.3.1/armv6-m/crtend.o
 .text          0x00000000        0x0 /home/tulip/gcc-arm-none-eabi-5_3-2016q1-20160330-linux/gcc-arm-none-eabi-5_3-2016q1/bin/../lib/gcc/arm-none-eabi/5.3.1/armv6-m/crtn.o
 .data          0x00000000        0x0 /home/tulip/gcc-arm-none-eabi-5_3-2016q1-20160330-linux/gcc-arm-none-eabi-5_3-2016q1/bin/../lib/gcc/arm-none-eabi/5.3.1/armv6-m/crtn.o
 .bss           0x00000000        0x0 /home/tulip/gcc-arm-none-eabi-5_3-2016q1-20160330-linux/gcc-arm-none-eabi-5_3-2016q1/bin/../lib/gcc/arm-none-eabi/5.3.1/armv6-m/crtn.o
 .text          0x00000000        0x0 /home/tulip/gcc-arm-none-eabi-5_3-2016q1-20160330-linux/gcc-arm-none-eabi-5_3-2016q1/bin/../lib/gcc/arm-none-eabi/5.3.1/../../../../arm-none-eabi/lib/armv6-m/libnosys.a(getpid.o)
 .data          0x00000000        0x0 /home/tulip/gcc-arm-none-eabi-5_3-2016q1-20160330-linux/gcc-arm-none-eabi-5_3-2016q1/bin/../lib/gcc/arm-none-eabi/5.3.1/../../../../arm-none-eabi/lib/armv6-m/libnosys.a(getpid.o)
 .bss           0x00000000        0x0 /home/tulip/gcc-arm-none-eabi-5_3-2016q1-20160330-linux/gcc-arm-none-eabi-5_3-2016q1/bin/../lib/gcc/arm-none-eabi/5.3.1/../../../../arm-none-eabi/lib/armv6-m/libnosys.a(getpid.o)
 .text          0x00000000        0x0 /home/tulip/gcc-arm-none-eabi-5_3-2016q1-20160330-linux/gcc-arm-none-eabi-5_3-2016q1/bin/../lib/gcc/arm-none-eabi/5.3.1/../../../../arm-none-eabi/lib/armv6-m/libnosys.a(kill.o)
 .data          0x00000000        0x0 /home/tulip/gcc-arm-none-eabi-5_3-2016q1-20160330-linux/gcc-arm-none-eabi-5_3-2016q1/bin/../lib/gcc/arm-none-eabi/5.3.1/../../../../arm-none-eabi/lib/armv6-m/libnosys.a(kill.o)
 .bss           0x00000000        0x0 /home/tulip/gcc-arm-none-eabi-5_3-2016q1-20160330-linux/gcc-arm-none-eabi-5_3-2016q1/bin/../lib/gcc/arm-none-eabi/5.3.1/../../../../arm-none-eabi/lib/armv6-m/libnosys.a(kill.o)
 .text          0x00000000        0x0 /home/tulip/gcc-arm-none-eabi-5_3-2016q1-20160330-linux/gcc-arm-none-eabi-5_3-2016q1/bin/../lib/gcc/arm-none-eabi/5.3.1/../../../../arm-none-eabi/lib/armv6-m/libnosys.a(sbrk.o)
 .data          0x00000000        0x0 /home/tulip/gcc-arm-none-eabi-5_3-2016q1-20160330-linux/gcc-arm-none-eabi-5_3-2016q1/bin/../lib/gcc/arm-none-eabi/5.3.1/../../../../arm-none-eabi/lib/armv6-m/libnosys.a(sbrk.o)
 .bss           0x00000000        0x0 /home/tulip/gcc-arm-none-eabi-5_3-2016q1-20160330-linux/gcc-arm-none-eabi-5_3-2016q1/bin/../lib/gcc/arm-none-eabi/5.3.1/../../../../arm-none-eabi/lib/armv6-m/libnosys.a(sbrk.o)
 .text          0x00000000        0x0 /home/tulip/gcc-arm-none-eabi-5_3-2016q1-20160330-linux/gcc-arm-none-eabi-5_3-2016q1/bin/../lib/gcc/arm-none-eabi/5.3.1/../../../../arm-none-eabi/lib/armv6-m/libnosys.a(_exit.o)
 .data          0x00000000        0x0 /home/tulip/gcc-arm-none-eabi-5_3-2016q1-20160330-linux/gcc-arm-none-eabi-5_3-2016q1/bin/../lib/gcc/arm-none-eabi/5.3.1/../../../../arm-none-eabi/lib/armv6-m/libnosys.a(_exit.o)
 .bss           0x00000000        0x0 /home/tulip/gcc-arm-none-eabi-5_3-2016q1-20160330-linux/gcc-arm-none-eabi-5_3-2016q1/bin/../lib/gcc/arm-none-eabi/5.3.1/../../../../arm-none-eabi/lib/armv6-m/libnosys.a(_exit.o)

Memory Configuration

Name             Origin             Length             Attributes
FLASH            0x00000000         0x00040000         xr
RAM              0x20000000         0x00004000         xrw
*default*        0x00000000         0xffffffff

Linker script and memory map

LOAD /home/tulip/gcc-arm-none-eabi-5_3-2016q1-20160330-linux/gcc-arm-none-eabi-5_3-2016q1/bin/../lib/gcc/arm-none-eabi/5.3.1/armv6-m/crti.o
LOAD /home/tulip/gcc-arm-none-eabi-5_3-2016q1-20160330-linux/gcc-arm-none-eabi-5_3-2016q1/bin/../lib/gcc/arm-none-eabi/5.3.1/armv6-m/crtbegin.o
LOAD /home/tulip/gcc-arm-none-eabi-5_3-2016q1-20160330-linux/gcc-arm-none-eabi-5_3-2016q1/bin/../lib/gcc/arm-none-eabi/5.3.1/../../../../arm-none-eabi/lib/armv6-m/crt0.o
LOAD build/empty_port.o
LOAD build/gcc_startup_nrf51.o
LOAD build/main.o
LOAD build/signalSlot.o
LOAD build/system_nrf51422.o
LOAD build/timer.o
LOAD /home/tulip/gcc-arm-none-eabi-5_3-2016q1-20160330-linux/gcc-arm-none-eabi-5_3-2016q1/bin/../lib/gcc/arm-none-eabi/5.3.1/../../../../arm-none-eabi/lib/armv6-m/libstdc++_nano.a
LOAD /home/tulip/gcc-arm-none-eabi-5_3-2016q1-20160330-linux/gcc-arm-none-eabi-5_3-2016q1/bin/../lib/gcc/arm-none-eabi/5.3.1/../../../../arm-none-eabi/lib/armv6-m/libm.a
START GROUP
LOAD /home/tulip/gcc-arm-none-eabi-5_3-2016q1-20160330-linux/gcc-arm-none-eabi-5_3-2016q1/bin/../lib/gcc/arm-none-eabi/5.3.1/armv6-m/libgcc.a
LOAD /home/tulip/gcc-arm-none-eabi-5_3-2016q1-20160330-linux/gcc-arm-none-eabi-5_3-2016q1/bin/../lib/gcc/arm-none-eabi/5.3.1/../../../../arm-none-eabi/lib/armv6-m/libc_nano.a
END GROUP
START GROUP
LOAD /home/tulip/gcc-arm-none-eabi-5_3-2016q1-20160330-linux/gcc-arm-none-eabi-5_3-2016q1/bin/../lib/gcc/arm-none-eabi/5.3.1/armv6-m/libgcc.a
LOAD /home/tulip/gcc-arm-none-eabi-5_3-2016q1-20160330-linux/gcc-arm-none-eabi-5_3-2016q1/bin/../lib/gcc/arm-none-eabi/5.3.1/../../../../arm-none-eabi/lib/armv6-m/libc_nano.a
END GROUP
LOAD /home/tulip/gcc-arm-none-eabi-5_3-2016q1-20160330-linux/gcc-arm-none-eabi-5_3-2016q1/bin/../lib/gcc/arm-none-eabi/5.3.1/armv6-m/crtend.o
LOAD /home/tulip/gcc-arm-none-eabi-5_3-2016q1-20160330-linux/gcc-arm-none-eabi-5_3-2016q1/bin/../lib/gcc/arm-none-eabi/5.3.1/armv6-m/crtn.o
START GROUP
LOAD /home/tulip/gcc-arm-none-eabi-5_3-2016q1-20160330-linux/gcc-arm-none-eabi-5_3-2016q1/bin/../lib/gcc/arm-none-eabi/5.3.1/armv6-m/libgcc.a
LOAD /home/tulip/gcc-arm-none-eabi-5_3-2016q1-20160330-linux/gcc-arm-none-eabi-5_3-2016q1/bin/../lib/gcc/arm-none-eabi/5.3.1/../../../../arm-none-eabi/lib/armv6-m/libc.a
LOAD /home/tulip/gcc-arm-none-eabi-5_3-2016q1-20160330-linux/gcc-arm-none-eabi-5_3-2016q1/bin/../lib/gcc/arm-none-eabi/5.3.1/../../../../arm-none-eabi/lib/armv6-m/libnosys.a
END GROUP

.text           0x00000000     0x1364
 *(.isr_vector)
 .isr_vector    0x00000000       0xc0 build/gcc_startup_nrf51.o
                0x00000000                __isr_vector
 *(.text*)
 .text          0x000000c0       0x60 /home/tulip/gcc-arm-none-eabi-5_3-2016q1-20160330-linux/gcc-arm-none-eabi-5_3-2016q1/bin/../lib/gcc/arm-none-eabi/5.3.1/armv6-m/crtbegin.o
 .text          0x00000120       0x78 /home/tulip/gcc-arm-none-eabi-5_3-2016q1-20160330-linux/gcc-arm-none-eabi-5_3-2016q1/bin/../lib/gcc/arm-none-eabi/5.3.1/../../../../arm-none-eabi/lib/armv6-m/crt0.o
                0x00000120                _mainCRTStartup
                0x00000120                _start
 .text._ZNSt11this_thread11__sleep_forENSt6chrono8durationIxSt5ratioILx1ELx1EEEENS1_IxS2_ILx1ELx1000000000EEEE
                0x00000198       0x4c build/empty_port.o
                0x00000198                std::this_thread::__sleep_for(std::chrono::duration<long long, std::ratio<1ll, 1ll> >, std::chrono::duration<long long, std::ratio<1ll, 1000000000ll> >)
 .text          0x000001e4       0x60 build/gcc_startup_nrf51.o
                0x000001e4                Reset_Handler
                0x00000238                NMI_Handler
                0x0000023a                HardFault_Handler
                0x0000023c                SVC_Handler
                0x0000023e                PendSV_Handler
                0x00000240                SysTick_Handler
                0x00000242                SPI0_TWI0_IRQHandler
                0x00000242                RTC0_IRQHandler
                0x00000242                GPIOTE_IRQHandler
                0x00000242                POWER_CLOCK_IRQHandler
                0x00000242                RADIO_IRQHandler
                0x00000242                LPCOMP_IRQHandler
                0x00000242                SWI4_IRQHandler
                0x00000242                TEMP_IRQHandler
                0x00000242                QDEC_IRQHandler
                0x00000242                UART0_IRQHandler
                0x00000242                SWI5_IRQHandler
                0x00000242                SWI0_IRQHandler
                0x00000242                ECB_IRQHandler
                0x00000242                Default_Handler
                0x00000242                ADC_IRQHandler
                0x00000242                SWI3_IRQHandler
                0x00000242                CCM_AAR_IRQHandler
                0x00000242                WDT_IRQHandler
                0x00000242                SWI2_IRQHandler
                0x00000242                RNG_IRQHandler
                0x00000242                SPI1_TWI1_IRQHandler
                0x00000242                RTC1_IRQHandler
                0x00000242                SWI1_IRQHandler
 .text._ZN8microhal6SignalIJvEE12multipleEmitEPv
                0x00000244       0x20 build/main.o
                0x00000244                microhal::Signal<void>::multipleEmit(void*)
                0x00000244                microhal::Signal<void>::multipleEmit(void*)
 .text._Z14timerInterruptv
                0x00000264       0xc4 build/main.o
                0x00000264                timerInterrupt()
 .text._ZN3RGBC2EN8microhal5nrf514GPIO5IOPinES3_S3_
                0x00000328       0xb8 build/main.o
                0x00000328                RGB::RGB(microhal::nrf51::GPIO::IOPin, microhal::nrf51::GPIO::IOPin, microhal::nrf51::GPIO::IOPin)
                0x00000328                RGB::RGB(microhal::nrf51::GPIO::IOPin, microhal::nrf51::GPIO::IOPin, microhal::nrf51::GPIO::IOPin)
 .text._Z41__static_initialization_and_destruction_0ii
                0x000003e0      0x150 build/main.o
 .text._Z10offAllLedsv
                0x00000530       0x38 build/main.o
                0x00000530                offAllLeds()
 .text._Z13pattern3_initv
                0x00000568      0x28c build/main.o
                0x00000568                pattern3_init()
 .text._Z19intensity_ramp_calch
                0x000007f4       0x5c build/main.o
                0x000007f4                intensity_ramp_calc(unsigned char)
 .text._Z8pattern3v
                0x00000850       0x2c build/main.o
                0x00000850                pattern3()
 .text.main     0x0000087c       0x80 build/main.o
                0x0000087c                main
 .text._GLOBAL__sub_I_timer
                0x000008fc       0x10 build/main.o
 .text._GLOBAL__sub_D_timer
                0x0000090c       0x10 build/main.o
 .text._ZN8microhal9emptySlotEPv
                0x0000091c        0x4 build/signalSlot.o
                0x0000091c                microhal::emptySlot(void*)
 .text.is_manual_peripheral_setup_needed
                0x00000920       0x70 build/system_nrf51422.o
 .text.is_disabled_in_debug_needed
                0x00000990       0x4c build/system_nrf51422.o
 .text.SystemInit
                0x000009dc       0x3c build/system_nrf51422.o
                0x000009dc                SystemInit
 .text.TIMER0_IRQHandler
                0x00000a18       0xb4 build/timer.o
                0x00000a18                TIMER0_IRQHandler
 .text.TIMER1_IRQHandler
                0x00000acc       0xb4 build/timer.o
                0x00000acc                TIMER1_IRQHandler
 .text.TIMER2_IRQHandler
                0x00000b80       0xb4 build/timer.o
                0x00000b80                TIMER2_IRQHandler
 .text._ZN10__cxxabiv111__terminateEPFvvE
                0x00000c34        0x8 /home/tulip/gcc-arm-none-eabi-5_3-2016q1-20160330-linux/gcc-arm-none-eabi-5_3-2016q1/bin/../lib/gcc/arm-none-eabi/5.3.1/../../../../arm-none-eabi/lib/armv6-m/libstdc++_nano.a(eh_terminate.o)
                0x00000c34                __cxxabiv1::__terminate(void (*)())
 .text._ZSt9terminatev
                0x00000c3c       0x10 /home/tulip/gcc-arm-none-eabi-5_3-2016q1-20160330-linux/gcc-arm-none-eabi-5_3-2016q1/bin/../lib/gcc/arm-none-eabi/5.3.1/../../../../arm-none-eabi/lib/armv6-m/libstdc++_nano.a(eh_terminate.o)
                0x00000c3c                std::terminate()
 .text          0x00000c4c       0x48 /home/tulip/gcc-arm-none-eabi-5_3-2016q1-20160330-linux/gcc-arm-none-eabi-5_3-2016q1/bin/../lib/gcc/arm-none-eabi/5.3.1/armv6-m/libgcc.a(_aeabi_ldivmod.o)
                0x00000c4c                __aeabi_ldivmod
 .text          0x00000c94       0x58 /home/tulip/gcc-arm-none-eabi-5_3-2016q1-20160330-linux/gcc-arm-none-eabi-5_3-2016q1/bin/../lib/gcc/arm-none-eabi/5.3.1/armv6-m/libgcc.a(_muldi3.o)
                0x00000c94                __aeabi_lmul
                0x00000c94                __muldi3
 .text          0x00000cec       0x38 /home/tulip/gcc-arm-none-eabi-5_3-2016q1-20160330-linux/gcc-arm-none-eabi-5_3-2016q1/bin/../lib/gcc/arm-none-eabi/5.3.1/armv6-m/libgcc.a(bpabi.o)
                0x00000cec                __gnu_ldivmod_helper
 .text          0x00000d24        0x4 /home/tulip/gcc-arm-none-eabi-5_3-2016q1-20160330-linux/gcc-arm-none-eabi-5_3-2016q1/bin/../lib/gcc/arm-none-eabi/5.3.1/armv6-m/libgcc.a(_dvmd_tls.o)
                0x00000d24                __aeabi_ldiv0
                0x00000d24                __aeabi_idiv0
 .text          0x00000d28       0x18 /home/tulip/gcc-arm-none-eabi-5_3-2016q1-20160330-linux/gcc-arm-none-eabi-5_3-2016q1/bin/../lib/gcc/arm-none-eabi/5.3.1/armv6-m/libgcc.a(_clzdi2.o)
                0x00000d28                __clzdi2
 .text          0x00000d40      0x1bc /home/tulip/gcc-arm-none-eabi-5_3-2016q1-20160330-linux/gcc-arm-none-eabi-5_3-2016q1/bin/../lib/gcc/arm-none-eabi/5.3.1/armv6-m/libgcc.a(_divdi3.o)
                0x00000d40                __divdi3
 .text          0x00000efc       0x3c /home/tulip/gcc-arm-none-eabi-5_3-2016q1-20160330-linux/gcc-arm-none-eabi-5_3-2016q1/bin/../lib/gcc/arm-none-eabi/5.3.1/armv6-m/libgcc.a(_clzsi2.o)
                0x00000efc                __clzsi2
 .text.abort    0x00000f38        0xe /home/tulip/gcc-arm-none-eabi-5_3-2016q1-20160330-linux/gcc-arm-none-eabi-5_3-2016q1/bin/../lib/gcc/arm-none-eabi/5.3.1/../../../../arm-none-eabi/lib/armv6-m/libc_nano.a(lib_a-abort.o)
                0x00000f38                abort
 *fill*         0x00000f46        0x2 
 .text.exit     0x00000f48       0x2c /home/tulip/gcc-arm-none-eabi-5_3-2016q1-20160330-linux/gcc-arm-none-eabi-5_3-2016q1/bin/../lib/gcc/arm-none-eabi/5.3.1/../../../../arm-none-eabi/lib/armv6-m/libc_nano.a(lib_a-exit.o)
                0x00000f48                exit
 .text.__libc_init_array
                0x00000f74       0x4c /home/tulip/gcc-arm-none-eabi-5_3-2016q1-20160330-linux/gcc-arm-none-eabi-5_3-2016q1/bin/../lib/gcc/arm-none-eabi/5.3.1/../../../../arm-none-eabi/lib/armv6-m/libc_nano.a(lib_a-init.o)
                0x00000f74                __libc_init_array
 .text.malloc   0x00000fc0       0x14 /home/tulip/gcc-arm-none-eabi-5_3-2016q1-20160330-linux/gcc-arm-none-eabi-5_3-2016q1/bin/../lib/gcc/arm-none-eabi/5.3.1/../../../../arm-none-eabi/lib/armv6-m/libc_nano.a(lib_a-malloc.o)
                0x00000fc0                malloc
 .text.free     0x00000fd4       0x14 /home/tulip/gcc-arm-none-eabi-5_3-2016q1-20160330-linux/gcc-arm-none-eabi-5_3-2016q1/bin/../lib/gcc/arm-none-eabi/5.3.1/../../../../arm-none-eabi/lib/armv6-m/libc_nano.a(lib_a-malloc.o)
                0x00000fd4                free
 .text.memset   0x00000fe8       0x10 /home/tulip/gcc-arm-none-eabi-5_3-2016q1-20160330-linux/gcc-arm-none-eabi-5_3-2016q1/bin/../lib/gcc/arm-none-eabi/5.3.1/../../../../arm-none-eabi/lib/armv6-m/libc_nano.a(lib_a-memset.o)
                0x00000fe8                memset
 .text._free_r  0x00000ff8       0x8c /home/tulip/gcc-arm-none-eabi-5_3-2016q1-20160330-linux/gcc-arm-none-eabi-5_3-2016q1/bin/../lib/gcc/arm-none-eabi/5.3.1/../../../../arm-none-eabi/lib/armv6-m/libc_nano.a(lib_a-nano-freer.o)
                0x00000ff8                _free_r
 .text._malloc_r
                0x00001084       0xac /home/tulip/gcc-arm-none-eabi-5_3-2016q1-20160330-linux/gcc-arm-none-eabi-5_3-2016q1/bin/../lib/gcc/arm-none-eabi/5.3.1/../../../../arm-none-eabi/lib/armv6-m/libc_nano.a(lib_a-nano-mallocr.o)
                0x00001084                _malloc_r
 .text.realloc  0x00001130       0x14 /home/tulip/gcc-arm-none-eabi-5_3-2016q1-20160330-linux/gcc-arm-none-eabi-5_3-2016q1/bin/../lib/gcc/arm-none-eabi/5.3.1/../../../../arm-none-eabi/lib/armv6-m/libc_nano.a(lib_a-realloc.o)
                0x00001130                realloc
 .text._sbrk_r  0x00001144       0x24 /home/tulip/gcc-arm-none-eabi-5_3-2016q1-20160330-linux/gcc-arm-none-eabi-5_3-2016q1/bin/../lib/gcc/arm-none-eabi/5.3.1/../../../../arm-none-eabi/lib/armv6-m/libc_nano.a(lib_a-sbrkr.o)
                0x00001144                _sbrk_r
 .text._raise_r
                0x00001168       0x54 /home/tulip/gcc-arm-none-eabi-5_3-2016q1-20160330-linux/gcc-arm-none-eabi-5_3-2016q1/bin/../lib/gcc/arm-none-eabi/5.3.1/../../../../arm-none-eabi/lib/armv6-m/libc_nano.a(lib_a-signal.o)
                0x00001168                _raise_r
 .text.raise    0x000011bc       0x14 /home/tulip/gcc-arm-none-eabi-5_3-2016q1-20160330-linux/gcc-arm-none-eabi-5_3-2016q1/bin/../lib/gcc/arm-none-eabi/5.3.1/../../../../arm-none-eabi/lib/armv6-m/libc_nano.a(lib_a-signal.o)
                0x000011bc                raise
 .text._kill_r  0x000011d0       0x24 /home/tulip/gcc-arm-none-eabi-5_3-2016q1-20160330-linux/gcc-arm-none-eabi-5_3-2016q1/bin/../lib/gcc/arm-none-eabi/5.3.1/../../../../arm-none-eabi/lib/armv6-m/libc_nano.a(lib_a-signalr.o)
                0x000011d0                _kill_r
 .text._getpid_r
                0x000011f4        0x8 /home/tulip/gcc-arm-none-eabi-5_3-2016q1-20160330-linux/gcc-arm-none-eabi-5_3-2016q1/bin/../lib/gcc/arm-none-eabi/5.3.1/../../../../arm-none-eabi/lib/armv6-m/libc_nano.a(lib_a-signalr.o)
                0x000011f4                _getpid_r
 .text._realloc_r
                0x000011fc       0x4c /home/tulip/gcc-arm-none-eabi-5_3-2016q1-20160330-linux/gcc-arm-none-eabi-5_3-2016q1/bin/../lib/gcc/arm-none-eabi/5.3.1/../../../../arm-none-eabi/lib/armv6-m/libc_nano.a(lib_a-nano-reallocr.o)
                0x000011fc                _realloc_r
 .text.memcpy   0x00001248       0x12 /home/tulip/gcc-arm-none-eabi-5_3-2016q1-20160330-linux/gcc-arm-none-eabi-5_3-2016q1/bin/../lib/gcc/arm-none-eabi/5.3.1/../../../../arm-none-eabi/lib/armv6-m/libc_nano.a(lib_a-memcpy-stub.o)
                0x00001248                memcpy
 .text._malloc_usable_size_r
                0x0000125a       0x16 /home/tulip/gcc-arm-none-eabi-5_3-2016q1-20160330-linux/gcc-arm-none-eabi-5_3-2016q1/bin/../lib/gcc/arm-none-eabi/5.3.1/../../../../arm-none-eabi/lib/armv6-m/libc_nano.a(lib_a-nano-msizer.o)
                0x0000125a                _malloc_usable_size_r
 .text._getpid  0x00001270       0x10 /home/tulip/gcc-arm-none-eabi-5_3-2016q1-20160330-linux/gcc-arm-none-eabi-5_3-2016q1/bin/../lib/gcc/arm-none-eabi/5.3.1/../../../../arm-none-eabi/lib/armv6-m/libnosys.a(getpid.o)
                0x00001270                _getpid
 .text._kill    0x00001280       0x10 /home/tulip/gcc-arm-none-eabi-5_3-2016q1-20160330-linux/gcc-arm-none-eabi-5_3-2016q1/bin/../lib/gcc/arm-none-eabi/5.3.1/../../../../arm-none-eabi/lib/armv6-m/libnosys.a(kill.o)
                0x00001280                _kill
 .text._sbrk    0x00001290       0x1c /home/tulip/gcc-arm-none-eabi-5_3-2016q1-20160330-linux/gcc-arm-none-eabi-5_3-2016q1/bin/../lib/gcc/arm-none-eabi/5.3.1/../../../../arm-none-eabi/lib/armv6-m/libnosys.a(sbrk.o)
                0x00001290                _sbrk
 .text._exit    0x000012ac        0x4 /home/tulip/gcc-arm-none-eabi-5_3-2016q1-20160330-linux/gcc-arm-none-eabi-5_3-2016q1/bin/../lib/gcc/arm-none-eabi/5.3.1/../../../../arm-none-eabi/lib/armv6-m/libnosys.a(_exit.o)
                0x000012ac                _exit
 *(.init)
 .init          0x000012b0        0x4 /home/tulip/gcc-arm-none-eabi-5_3-2016q1-20160330-linux/gcc-arm-none-eabi-5_3-2016q1/bin/../lib/gcc/arm-none-eabi/5.3.1/armv6-m/crti.o
                0x000012b0                _init
 .init          0x000012b4        0x8 /home/tulip/gcc-arm-none-eabi-5_3-2016q1-20160330-linux/gcc-arm-none-eabi-5_3-2016q1/bin/../lib/gcc/arm-none-eabi/5.3.1/armv6-m/crtn.o
 *(.fini)
 .fini          0x000012bc        0x4 /home/tulip/gcc-arm-none-eabi-5_3-2016q1-20160330-linux/gcc-arm-none-eabi-5_3-2016q1/bin/../lib/gcc/arm-none-eabi/5.3.1/armv6-m/crti.o
                0x000012bc                _fini
 .fini          0x000012c0        0x8 /home/tulip/gcc-arm-none-eabi-5_3-2016q1-20160330-linux/gcc-arm-none-eabi-5_3-2016q1/bin/../lib/gcc/arm-none-eabi/5.3.1/armv6-m/crtn.o
 *crtbegin.o(.ctors)
 *crtbegin?.o(.ctors)
 *(EXCLUDE_FILE(*crtend.o *crtend?.o) .ctors)
 *(SORT(.ctors.*))
 *(.ctors)
 *crtbegin.o(.dtors)
 *crtbegin?.o(.dtors)
 *(EXCLUDE_FILE(*crtend.o *crtend?.o) .dtors)
 *(SORT(.dtors.*))
 *(.dtors)
 *(.rodata*)
 .rodata._ZL9ledFR_pin
                0x000012c8        0x8 build/main.o
 .rodata._ZL9ledBR_pin
                0x000012d0        0x8 build/main.o
 .rodata._ZL9ledDR_pin
                0x000012d8        0x8 build/main.o
 .rodata._ZL9ledFB_pin
                0x000012e0        0x8 build/main.o
 .rodata._ZL9ledBB_pin
                0x000012e8        0x8 build/main.o
 .rodata._ZL9ledDB_pin
                0x000012f0        0x8 build/main.o
 .rodata._ZL9ledBG_pin
                0x000012f8        0x8 build/main.o
 .rodata._ZL9ledDG_pin
                0x00001300        0x8 build/main.o
 .rodata._ZL9ledFG_pin
                0x00001308        0x8 build/main.o
 .rodata._ZL9ledCR_pin
                0x00001310        0x8 build/main.o
 .rodata._ZL9ledER_pin
                0x00001318        0x8 build/main.o
 .rodata._ZL9ledAR_pin
                0x00001320        0x8 build/main.o
 .rodata._ZL9ledCB_pin
                0x00001328        0x8 build/main.o
 .rodata._ZL9ledEB_pin
                0x00001330        0x8 build/main.o
 .rodata._ZL9ledCG_pin
                0x00001338        0x8 build/main.o
 .rodata._ZL9ledAB_pin
                0x00001340        0x8 build/main.o
 .rodata._ZL9ledEG_pin
                0x00001348        0x8 build/main.o
 .rodata._ZL9ledAG_pin
                0x00001350        0x8 build/main.o
 .rodata.str1.1
                0x00001358        0x2 /home/tulip/gcc-arm-none-eabi-5_3-2016q1-20160330-linux/gcc-arm-none-eabi-5_3-2016q1/bin/../lib/gcc/arm-none-eabi/5.3.1/../../../../arm-none-eabi/lib/armv6-m/libc_nano.a(lib_a-impure.o)
 *fill*         0x0000135a        0x2 
 .rodata._global_impure_ptr
                0x0000135c        0x4 /home/tulip/gcc-arm-none-eabi-5_3-2016q1-20160330-linux/gcc-arm-none-eabi-5_3-2016q1/bin/../lib/gcc/arm-none-eabi/5.3.1/../../../../arm-none-eabi/lib/armv6-m/libc_nano.a(lib_a-impure.o)
                0x0000135c                _global_impure_ptr
 *(.eh_frame*)
 .eh_frame      0x00001360        0x0 /home/tulip/gcc-arm-none-eabi-5_3-2016q1-20160330-linux/gcc-arm-none-eabi-5_3-2016q1/bin/../lib/gcc/arm-none-eabi/5.3.1/armv6-m/crtbegin.o
 .eh_frame      0x00001360        0x4 /home/tulip/gcc-arm-none-eabi-5_3-2016q1-20160330-linux/gcc-arm-none-eabi-5_3-2016q1/bin/../lib/gcc/arm-none-eabi/5.3.1/armv6-m/crtend.o

.glue_7         0x00001364        0x0
 .glue_7        0x00001364        0x0 linker stubs

.glue_7t        0x00001364        0x0
 .glue_7t       0x00001364        0x0 linker stubs

.vfp11_veneer   0x00001364        0x0
 .vfp11_veneer  0x00001364        0x0 linker stubs

.v4_bx          0x00001364        0x0
 .v4_bx         0x00001364        0x0 linker stubs

.iplt           0x00001364        0x0
 .iplt          0x00001364        0x0 /home/tulip/gcc-arm-none-eabi-5_3-2016q1-20160330-linux/gcc-arm-none-eabi-5_3-2016q1/bin/../lib/gcc/arm-none-eabi/5.3.1/armv6-m/crtbegin.o

.ARM.extab
 *(.ARM.extab* .gnu.linkonce.armextab.*)
                0x00001364                __exidx_start = .

.ARM.exidx      0x00001364        0x8
 *(.ARM.exidx* .gnu.linkonce.armexidx.*)
 .ARM.exidx     0x00001364        0x8 /home/tulip/gcc-arm-none-eabi-5_3-2016q1-20160330-linux/gcc-arm-none-eabi-5_3-2016q1/bin/../lib/gcc/arm-none-eabi/5.3.1/../../../../arm-none-eabi/lib/armv6-m/crt0.o
 .ARM.exidx     0x0000136c        0x0 /home/tulip/gcc-arm-none-eabi-5_3-2016q1-20160330-linux/gcc-arm-none-eabi-5_3-2016q1/bin/../lib/gcc/arm-none-eabi/5.3.1/armv6-m/libgcc.a(_divdi3.o)
                                  0x8 (size before relaxing)
                0x0000136c                __exidx_end = .
                0x0000136c                __etext = .

.rel.dyn        0x0000136c        0x0
 .rel.iplt      0x0000136c        0x0 /home/tulip/gcc-arm-none-eabi-5_3-2016q1-20160330-linux/gcc-arm-none-eabi-5_3-2016q1/bin/../lib/gcc/arm-none-eabi/5.3.1/armv6-m/crtbegin.o

.data           0x20000000      0x128 load address 0x0000136c
                0x20000000                __data_start__ = .
 *(vtable)
 *(.data*)
 .data._ZZ19intensity_ramp_calchE9direction
                0x20000000        0x1 build/main.o
 *fill*         0x20000001        0x3 
 .data.leds     0x20000004       0x18 build/main.o
                0x20000004                leds
 .data._ZN8microhal5nrf515Timer15interruptTimer0E
                0x2000001c       0x30 build/timer.o
                0x2000001c                microhal::nrf51::Timer::interruptTimer0
 .data._ZN8microhal5nrf515Timer15interruptTimer1E
                0x2000004c       0x30 build/timer.o
                0x2000004c                microhal::nrf51::Timer::interruptTimer1
 .data._ZN8microhal5nrf515Timer15interruptTimer2E
                0x2000007c       0x30 build/timer.o
                0x2000007c                microhal::nrf51::Timer::interruptTimer2
 .data._ZN10__cxxabiv119__terminate_handlerE
                0x200000ac        0x4 /home/tulip/gcc-arm-none-eabi-5_3-2016q1-20160330-linux/gcc-arm-none-eabi-5_3-2016q1/bin/../lib/gcc/arm-none-eabi/5.3.1/../../../../arm-none-eabi/lib/armv6-m/libstdc++_nano.a(eh_term_handler.o)
                0x200000ac                __cxxabiv1::__terminate_handler
 .data.impure_data
                0x200000b0       0x60 /home/tulip/gcc-arm-none-eabi-5_3-2016q1-20160330-linux/gcc-arm-none-eabi-5_3-2016q1/bin/../lib/gcc/arm-none-eabi/5.3.1/../../../../arm-none-eabi/lib/armv6-m/libc_nano.a(lib_a-impure.o)
 .data._impure_ptr
                0x20000110        0x4 /home/tulip/gcc-arm-none-eabi-5_3-2016q1-20160330-linux/gcc-arm-none-eabi-5_3-2016q1/bin/../lib/gcc/arm-none-eabi/5.3.1/../../../../arm-none-eabi/lib/armv6-m/libc_nano.a(lib_a-impure.o)
                0x20000110                _impure_ptr
                0x20000114                . = ALIGN (0x4)
                0x20000114                PROVIDE (__preinit_array_start, .)
 *(.preinit_array)
                0x20000114                PROVIDE (__preinit_array_end, .)
                0x20000114                . = ALIGN (0x4)
                0x20000114                PROVIDE (__init_array_start, .)
 *(SORT(.init_array.*))
 *(.init_array)
 .init_array    0x20000114        0x4 /home/tulip/gcc-arm-none-eabi-5_3-2016q1-20160330-linux/gcc-arm-none-eabi-5_3-2016q1/bin/../lib/gcc/arm-none-eabi/5.3.1/armv6-m/crtbegin.o
 .init_array    0x20000118        0x4 build/main.o
                0x2000011c                PROVIDE (__init_array_end, .)
                0x2000011c                . = ALIGN (0x4)
                [!provide]                PROVIDE (__fini_array_start, .)
 *(SORT(.fini_array.*))
 *(.fini_array)
 .fini_array    0x2000011c        0x4 /home/tulip/gcc-arm-none-eabi-5_3-2016q1-20160330-linux/gcc-arm-none-eabi-5_3-2016q1/bin/../lib/gcc/arm-none-eabi/5.3.1/armv6-m/crtbegin.o
 .fini_array    0x20000120        0x4 build/main.o
                [!provide]                PROVIDE (__fini_array_end, .)
 *(.jcr*)
 .jcr           0x20000124        0x0 /home/tulip/gcc-arm-none-eabi-5_3-2016q1-20160330-linux/gcc-arm-none-eabi-5_3-2016q1/bin/../lib/gcc/arm-none-eabi/5.3.1/armv6-m/crtbegin.o
 .jcr           0x20000124        0x4 /home/tulip/gcc-arm-none-eabi-5_3-2016q1-20160330-linux/gcc-arm-none-eabi-5_3-2016q1/bin/../lib/gcc/arm-none-eabi/5.3.1/armv6-m/crtend.o
                0x20000128                . = ALIGN (0x4)
                0x20000128                __data_end__ = .

.igot.plt       0x20000128        0x0 load address 0x00001494
 .igot.plt      0x20000128        0x0 /home/tulip/gcc-arm-none-eabi-5_3-2016q1-20160330-linux/gcc-arm-none-eabi-5_3-2016q1/bin/../lib/gcc/arm-none-eabi/5.3.1/armv6-m/crtbegin.o

.bss            0x20000128      0x110 load address 0x00001494
                0x20000128                . = ALIGN (0x4)
                0x20000128                __bss_start__ = .
 *(.bss*)
 .bss           0x20000128       0x1c /home/tulip/gcc-arm-none-eabi-5_3-2016q1-20160330-linux/gcc-arm-none-eabi-5_3-2016q1/bin/../lib/gcc/arm-none-eabi/5.3.1/armv6-m/crtbegin.o
 .bss._ZZ8pattern3vE11color_index
                0x20000144        0x1 build/main.o
 *fill*         0x20000145        0x3 
 .bss.ledA      0x20000148       0x18 build/main.o
                0x20000148                ledA
 .bss.ledB      0x20000160       0x18 build/main.o
                0x20000160                ledB
 .bss.ledC      0x20000178       0x18 build/main.o
                0x20000178                ledC
 .bss.ledD      0x20000190       0x18 build/main.o
                0x20000190                ledD
 .bss.pwm       0x200001a8       0x12 build/main.o
                0x200001a8                pwm
 *fill*         0x200001ba        0x2 
 .bss.ledF      0x200001bc       0x18 build/main.o
                0x200001bc                ledF
 .bss.ledE      0x200001d4       0x18 build/main.o
                0x200001d4                ledE
 .bss.timer     0x200001ec       0x34 build/main.o
                0x200001ec                timer
 .bss._ZZ19intensity_ramp_calchE9intensity
                0x20000220        0x4 build/main.o
 .bss._ZZ14timerInterruptvE7counter
                0x20000224        0x1 build/main.o
 *fill*         0x20000225        0x3 
 .bss.__malloc_sbrk_start
                0x20000228        0x4 /home/tulip/gcc-arm-none-eabi-5_3-2016q1-20160330-linux/gcc-arm-none-eabi-5_3-2016q1/bin/../lib/gcc/arm-none-eabi/5.3.1/../../../../arm-none-eabi/lib/armv6-m/libc_nano.a(lib_a-nano-mallocr.o)
                0x20000228                __malloc_sbrk_start
 .bss.__malloc_free_list
                0x2000022c        0x4 /home/tulip/gcc-arm-none-eabi-5_3-2016q1-20160330-linux/gcc-arm-none-eabi-5_3-2016q1/bin/../lib/gcc/arm-none-eabi/5.3.1/../../../../arm-none-eabi/lib/armv6-m/libc_nano.a(lib_a-nano-mallocr.o)
                0x2000022c                __malloc_free_list
 .bss.heap_end.4167
                0x20000230        0x4 /home/tulip/gcc-arm-none-eabi-5_3-2016q1-20160330-linux/gcc-arm-none-eabi-5_3-2016q1/bin/../lib/gcc/arm-none-eabi/5.3.1/../../../../arm-none-eabi/lib/armv6-m/libnosys.a(sbrk.o)
 *(COMMON)
 COMMON         0x20000234        0x4 /home/tulip/gcc-arm-none-eabi-5_3-2016q1-20160330-linux/gcc-arm-none-eabi-5_3-2016q1/bin/../lib/gcc/arm-none-eabi/5.3.1/../../../../arm-none-eabi/lib/armv6-m/libc_nano.a(lib_a-reent.o)
                0x20000234                errno
                0x20000238                . = ALIGN (0x4)
                0x20000238                __bss_end__ = .

.heap           0x20000238      0x800
                0x20000238                __HeapBase = .
                0x20000238                __end__ = .
                0x20000238                PROVIDE (end, .)
 *(.heap*)
 .heap          0x20000238      0x800 build/gcc_startup_nrf51.o
                0x20000a38                __HeapLimit = .

.stack_dummy    0x20000238      0x800
 *(.stack*)
 .stack         0x20000238      0x800 build/gcc_startup_nrf51.o
                0x20004000                __StackTop = (ORIGIN (RAM) + LENGTH (RAM))
                0x20003800                __StackLimit = (__StackTop - SIZEOF (.stack_dummy))
                0x20004000                PROVIDE (__stack, __StackTop)
                0x00000001                ASSERT ((__StackLimit >= __HeapLimit), region RAM overflowed with stack)
OUTPUT(output.elf elf32-littlearm)

.ARM.attributes
                0x00000000       0x28
 .ARM.attributes
                0x00000000       0x1e /home/tulip/gcc-arm-none-eabi-5_3-2016q1-20160330-linux/gcc-arm-none-eabi-5_3-2016q1/bin/../lib/gcc/arm-none-eabi/5.3.1/armv6-m/crti.o
 .ARM.attributes
                0x0000001e       0x2c /home/tulip/gcc-arm-none-eabi-5_3-2016q1-20160330-linux/gcc-arm-none-eabi-5_3-2016q1/bin/../lib/gcc/arm-none-eabi/5.3.1/armv6-m/crtbegin.o
 .ARM.attributes
                0x0000004a       0x1b /home/tulip/gcc-arm-none-eabi-5_3-2016q1-20160330-linux/gcc-arm-none-eabi-5_3-2016q1/bin/../lib/gcc/arm-none-eabi/5.3.1/../../../../arm-none-eabi/lib/armv6-m/crt0.o
 .ARM.attributes
                0x00000065       0x31 build/empty_port.o
 .ARM.attributes
                0x00000096       0x1b build/gcc_startup_nrf51.o
 .ARM.attributes
                0x000000b1       0x31 build/main.o
 .ARM.attributes
                0x000000e2       0x31 build/signalSlot.o
 .ARM.attributes
                0x00000113       0x31 build/system_nrf51422.o
 .ARM.attributes
                0x00000144       0x31 build/timer.o
 .ARM.attributes
                0x00000175       0x2c /home/tulip/gcc-arm-none-eabi-5_3-2016q1-20160330-linux/gcc-arm-none-eabi-5_3-2016q1/bin/../lib/gcc/arm-none-eabi/5.3.1/../../../../arm-none-eabi/lib/armv6-m/libstdc++_nano.a(eh_terminate.o)
 .ARM.attributes
                0x000001a1       0x2c /home/tulip/gcc-arm-none-eabi-5_3-2016q1-20160330-linux/gcc-arm-none-eabi-5_3-2016q1/bin/../lib/gcc/arm-none-eabi/5.3.1/../../../../arm-none-eabi/lib/armv6-m/libstdc++_nano.a(eh_term_handler.o)
 .ARM.attributes
                0x000001cd       0x1e /home/tulip/gcc-arm-none-eabi-5_3-2016q1-20160330-linux/gcc-arm-none-eabi-5_3-2016q1/bin/../lib/gcc/arm-none-eabi/5.3.1/armv6-m/libgcc.a(_aeabi_ldivmod.o)
 .ARM.attributes
                0x000001eb       0x2c /home/tulip/gcc-arm-none-eabi-5_3-2016q1-20160330-linux/gcc-arm-none-eabi-5_3-2016q1/bin/../lib/gcc/arm-none-eabi/5.3.1/armv6-m/libgcc.a(_muldi3.o)
 .ARM.attributes
                0x00000217       0x2c /home/tulip/gcc-arm-none-eabi-5_3-2016q1-20160330-linux/gcc-arm-none-eabi-5_3-2016q1/bin/../lib/gcc/arm-none-eabi/5.3.1/armv6-m/libgcc.a(bpabi.o)
 .ARM.attributes
                0x00000243       0x1e /home/tulip/gcc-arm-none-eabi-5_3-2016q1-20160330-linux/gcc-arm-none-eabi-5_3-2016q1/bin/../lib/gcc/arm-none-eabi/5.3.1/armv6-m/libgcc.a(_dvmd_tls.o)
 .ARM.attributes
                0x00000261       0x1e /home/tulip/gcc-arm-none-eabi-5_3-2016q1-20160330-linux/gcc-arm-none-eabi-5_3-2016q1/bin/../lib/gcc/arm-none-eabi/5.3.1/armv6-m/libgcc.a(_clzdi2.o)
 .ARM.attributes
                0x0000027f       0x2c /home/tulip/gcc-arm-none-eabi-5_3-2016q1-20160330-linux/gcc-arm-none-eabi-5_3-2016q1/bin/../lib/gcc/arm-none-eabi/5.3.1/armv6-m/libgcc.a(_divdi3.o)
 .ARM.attributes
                0x000002ab       0x1e /home/tulip/gcc-arm-none-eabi-5_3-2016q1-20160330-linux/gcc-arm-none-eabi-5_3-2016q1/bin/../lib/gcc/arm-none-eabi/5.3.1/armv6-m/libgcc.a(_clzsi2.o)
 .ARM.attributes
                0x000002c9       0x2c /home/tulip/gcc-arm-none-eabi-5_3-2016q1-20160330-linux/gcc-arm-none-eabi-5_3-2016q1/bin/../lib/gcc/arm-none-eabi/5.3.1/../../../../arm-none-eabi/lib/armv6-m/libc_nano.a(lib_a-abort.o)
 .ARM.attributes
                0x000002f5       0x2c /home/tulip/gcc-arm-none-eabi-5_3-2016q1-20160330-linux/gcc-arm-none-eabi-5_3-2016q1/bin/../lib/gcc/arm-none-eabi/5.3.1/../../../../arm-none-eabi/lib/armv6-m/libc_nano.a(lib_a-exit.o)
 .ARM.attributes
                0x00000321       0x2c /home/tulip/gcc-arm-none-eabi-5_3-2016q1-20160330-linux/gcc-arm-none-eabi-5_3-2016q1/bin/../lib/gcc/arm-none-eabi/5.3.1/../../../../arm-none-eabi/lib/armv6-m/libc_nano.a(lib_a-impure.o)
 .ARM.attributes
                0x0000034d       0x2c /home/tulip/gcc-arm-none-eabi-5_3-2016q1-20160330-linux/gcc-arm-none-eabi-5_3-2016q1/bin/../lib/gcc/arm-none-eabi/5.3.1/../../../../arm-none-eabi/lib/armv6-m/libc_nano.a(lib_a-init.o)
 .ARM.attributes
                0x00000379       0x2c /home/tulip/gcc-arm-none-eabi-5_3-2016q1-20160330-linux/gcc-arm-none-eabi-5_3-2016q1/bin/../lib/gcc/arm-none-eabi/5.3.1/../../../../arm-none-eabi/lib/armv6-m/libc_nano.a(lib_a-malloc.o)
 .ARM.attributes
                0x000003a5       0x2c /home/tulip/gcc-arm-none-eabi-5_3-2016q1-20160330-linux/gcc-arm-none-eabi-5_3-2016q1/bin/../lib/gcc/arm-none-eabi/5.3.1/../../../../arm-none-eabi/lib/armv6-m/libc_nano.a(lib_a-memset.o)
 .ARM.attributes
                0x000003d1       0x2c /home/tulip/gcc-arm-none-eabi-5_3-2016q1-20160330-linux/gcc-arm-none-eabi-5_3-2016q1/bin/../lib/gcc/arm-none-eabi/5.3.1/../../../../arm-none-eabi/lib/armv6-m/libc_nano.a(lib_a-nano-freer.o)
 .ARM.attributes
                0x000003fd       0x2c /home/tulip/gcc-arm-none-eabi-5_3-2016q1-20160330-linux/gcc-arm-none-eabi-5_3-2016q1/bin/../lib/gcc/arm-none-eabi/5.3.1/../../../../arm-none-eabi/lib/armv6-m/libc_nano.a(lib_a-nano-mallocr.o)
 .ARM.attributes
                0x00000429       0x2c /home/tulip/gcc-arm-none-eabi-5_3-2016q1-20160330-linux/gcc-arm-none-eabi-5_3-2016q1/bin/../lib/gcc/arm-none-eabi/5.3.1/../../../../arm-none-eabi/lib/armv6-m/libc_nano.a(lib_a-realloc.o)
 .ARM.attributes
                0x00000455       0x2c /home/tulip/gcc-arm-none-eabi-5_3-2016q1-20160330-linux/gcc-arm-none-eabi-5_3-2016q1/bin/../lib/gcc/arm-none-eabi/5.3.1/../../../../arm-none-eabi/lib/armv6-m/libc_nano.a(lib_a-sbrkr.o)
 .ARM.attributes
                0x00000481       0x2c /home/tulip/gcc-arm-none-eabi-5_3-2016q1-20160330-linux/gcc-arm-none-eabi-5_3-2016q1/bin/../lib/gcc/arm-none-eabi/5.3.1/../../../../arm-none-eabi/lib/armv6-m/libc_nano.a(lib_a-signal.o)
 .ARM.attributes
                0x000004ad       0x2c /home/tulip/gcc-arm-none-eabi-5_3-2016q1-20160330-linux/gcc-arm-none-eabi-5_3-2016q1/bin/../lib/gcc/arm-none-eabi/5.3.1/../../../../arm-none-eabi/lib/armv6-m/libc_nano.a(lib_a-signalr.o)
 .ARM.attributes
                0x000004d9       0x2c /home/tulip/gcc-arm-none-eabi-5_3-2016q1-20160330-linux/gcc-arm-none-eabi-5_3-2016q1/bin/../lib/gcc/arm-none-eabi/5.3.1/../../../../arm-none-eabi/lib/armv6-m/libc_nano.a(lib_a-nano-reallocr.o)
 .ARM.attributes
                0x00000505       0x2c /home/tulip/gcc-arm-none-eabi-5_3-2016q1-20160330-linux/gcc-arm-none-eabi-5_3-2016q1/bin/../lib/gcc/arm-none-eabi/5.3.1/../../../../arm-none-eabi/lib/armv6-m/libc_nano.a(lib_a-reent.o)
 .ARM.attributes
                0x00000531       0x2c /home/tulip/gcc-arm-none-eabi-5_3-2016q1-20160330-linux/gcc-arm-none-eabi-5_3-2016q1/bin/../lib/gcc/arm-none-eabi/5.3.1/../../../../arm-none-eabi/lib/armv6-m/libc_nano.a(lib_a-memcpy-stub.o)
 .ARM.attributes
                0x0000055d       0x2c /home/tulip/gcc-arm-none-eabi-5_3-2016q1-20160330-linux/gcc-arm-none-eabi-5_3-2016q1/bin/../lib/gcc/arm-none-eabi/5.3.1/../../../../arm-none-eabi/lib/armv6-m/libc_nano.a(lib_a-nano-msizer.o)
 .ARM.attributes
                0x00000589       0x2c /home/tulip/gcc-arm-none-eabi-5_3-2016q1-20160330-linux/gcc-arm-none-eabi-5_3-2016q1/bin/../lib/gcc/arm-none-eabi/5.3.1/armv6-m/crtend.o
 .ARM.attributes
                0x000005b5       0x1e /home/tulip/gcc-arm-none-eabi-5_3-2016q1-20160330-linux/gcc-arm-none-eabi-5_3-2016q1/bin/../lib/gcc/arm-none-eabi/5.3.1/armv6-m/crtn.o
 .ARM.attributes
                0x000005d3       0x2c /home/tulip/gcc-arm-none-eabi-5_3-2016q1-20160330-linux/gcc-arm-none-eabi-5_3-2016q1/bin/../lib/gcc/arm-none-eabi/5.3.1/../../../../arm-none-eabi/lib/armv6-m/libnosys.a(getpid.o)
 .ARM.attributes
                0x000005ff       0x2c /home/tulip/gcc-arm-none-eabi-5_3-2016q1-20160330-linux/gcc-arm-none-eabi-5_3-2016q1/bin/../lib/gcc/arm-none-eabi/5.3.1/../../../../arm-none-eabi/lib/armv6-m/libnosys.a(kill.o)
 .ARM.attributes
                0x0000062b       0x2c /home/tulip/gcc-arm-none-eabi-5_3-2016q1-20160330-linux/gcc-arm-none-eabi-5_3-2016q1/bin/../lib/gcc/arm-none-eabi/5.3.1/../../../../arm-none-eabi/lib/armv6-m/libnosys.a(sbrk.o)
 .ARM.attributes
                0x00000657       0x2c /home/tulip/gcc-arm-none-eabi-5_3-2016q1-20160330-linux/gcc-arm-none-eabi-5_3-2016q1/bin/../lib/gcc/arm-none-eabi/5.3.1/../../../../arm-none-eabi/lib/armv6-m/libnosys.a(_exit.o)

.GCC.command.line
                0x00000000      0x4a9
 .GCC.command.line
                0x00000000      0x3d6 build/empty_port.o
 .GCC.command.line
                0x000003d6       0x29 build/main.o
                                0x3a9 (size before relaxing)
 .GCC.command.line
                0x000003ff       0x5c build/signalSlot.o
                                0x3dc (size before relaxing)
 .GCC.command.line
                0x0000045b       0x4e build/timer.o
                                0x3ce (size before relaxing)

.comment        0x00000000       0x6e
 .comment       0x00000000       0x6e build/empty_port.o
                                 0x6f (size before relaxing)
 .comment       0x0000006e       0x6f build/main.o
 .comment       0x0000006e       0x6f build/signalSlot.o
 .comment       0x0000006e       0x6f build/system_nrf51422.o
 .comment       0x0000006e       0x6f build/timer.o

.debug_frame    0x00000000      0x53c
 .debug_frame   0x00000000       0xb0 /home/tulip/gcc-arm-none-eabi-5_3-2016q1-20160330-linux/gcc-arm-none-eabi-5_3-2016q1/bin/../lib/gcc/arm-none-eabi/5.3.1/../../../../arm-none-eabi/lib/armv6-m/libstdc++_nano.a(eh_terminate.o)
 .debug_frame   0x000000b0       0x34 /home/tulip/gcc-arm-none-eabi-5_3-2016q1-20160330-linux/gcc-arm-none-eabi-5_3-2016q1/bin/../lib/gcc/arm-none-eabi/5.3.1/armv6-m/libgcc.a(_muldi3.o)
 .debug_frame   0x000000e4       0x30 /home/tulip/gcc-arm-none-eabi-5_3-2016q1-20160330-linux/gcc-arm-none-eabi-5_3-2016q1/bin/../lib/gcc/arm-none-eabi/5.3.1/armv6-m/libgcc.a(bpabi.o)
 .debug_frame   0x00000114       0x3c /home/tulip/gcc-arm-none-eabi-5_3-2016q1-20160330-linux/gcc-arm-none-eabi-5_3-2016q1/bin/../lib/gcc/arm-none-eabi/5.3.1/armv6-m/libgcc.a(_divdi3.o)
 .debug_frame   0x00000150       0x28 /home/tulip/gcc-arm-none-eabi-5_3-2016q1-20160330-linux/gcc-arm-none-eabi-5_3-2016q1/bin/../lib/gcc/arm-none-eabi/5.3.1/../../../../arm-none-eabi/lib/armv6-m/libc_nano.a(lib_a-abort.o)
 .debug_frame   0x00000178       0x28 /home/tulip/gcc-arm-none-eabi-5_3-2016q1-20160330-linux/gcc-arm-none-eabi-5_3-2016q1/bin/../lib/gcc/arm-none-eabi/5.3.1/../../../../arm-none-eabi/lib/armv6-m/libc_nano.a(lib_a-exit.o)
 .debug_frame   0x000001a0       0x2c /home/tulip/gcc-arm-none-eabi-5_3-2016q1-20160330-linux/gcc-arm-none-eabi-5_3-2016q1/bin/../lib/gcc/arm-none-eabi/5.3.1/../../../../arm-none-eabi/lib/armv6-m/libc_nano.a(lib_a-init.o)
 .debug_frame   0x000001cc       0x40 /home/tulip/gcc-arm-none-eabi-5_3-2016q1-20160330-linux/gcc-arm-none-eabi-5_3-2016q1/bin/../lib/gcc/arm-none-eabi/5.3.1/../../../../arm-none-eabi/lib/armv6-m/libc_nano.a(lib_a-malloc.o)
 .debug_frame   0x0000020c       0x20 /home/tulip/gcc-arm-none-eabi-5_3-2016q1-20160330-linux/gcc-arm-none-eabi-5_3-2016q1/bin/../lib/gcc/arm-none-eabi/5.3.1/../../../../arm-none-eabi/lib/armv6-m/libc_nano.a(lib_a-memset.o)
 .debug_frame   0x0000022c       0x2c /home/tulip/gcc-arm-none-eabi-5_3-2016q1-20160330-linux/gcc-arm-none-eabi-5_3-2016q1/bin/../lib/gcc/arm-none-eabi/5.3.1/../../../../arm-none-eabi/lib/armv6-m/libc_nano.a(lib_a-nano-freer.o)
 .debug_frame   0x00000258       0x2c /home/tulip/gcc-arm-none-eabi-5_3-2016q1-20160330-linux/gcc-arm-none-eabi-5_3-2016q1/bin/../lib/gcc/arm-none-eabi/5.3.1/../../../../arm-none-eabi/lib/armv6-m/libc_nano.a(lib_a-nano-mallocr.o)
 .debug_frame   0x00000284       0x28 /home/tulip/gcc-arm-none-eabi-5_3-2016q1-20160330-linux/gcc-arm-none-eabi-5_3-2016q1/bin/../lib/gcc/arm-none-eabi/5.3.1/../../../../arm-none-eabi/lib/armv6-m/libc_nano.a(lib_a-realloc.o)
 .debug_frame   0x000002ac       0x2c /home/tulip/gcc-arm-none-eabi-5_3-2016q1-20160330-linux/gcc-arm-none-eabi-5_3-2016q1/bin/../lib/gcc/arm-none-eabi/5.3.1/../../../../arm-none-eabi/lib/armv6-m/libc_nano.a(lib_a-sbrkr.o)
 .debug_frame   0x000002d8       0xe0 /home/tulip/gcc-arm-none-eabi-5_3-2016q1-20160330-linux/gcc-arm-none-eabi-5_3-2016q1/bin/../lib/gcc/arm-none-eabi/5.3.1/../../../../arm-none-eabi/lib/armv6-m/libc_nano.a(lib_a-signal.o)
 .debug_frame   0x000003b8       0x44 /home/tulip/gcc-arm-none-eabi-5_3-2016q1-20160330-linux/gcc-arm-none-eabi-5_3-2016q1/bin/../lib/gcc/arm-none-eabi/5.3.1/../../../../arm-none-eabi/lib/armv6-m/libc_nano.a(lib_a-signalr.o)
 .debug_frame   0x000003fc       0x30 /home/tulip/gcc-arm-none-eabi-5_3-2016q1-20160330-linux/gcc-arm-none-eabi-5_3-2016q1/bin/../lib/gcc/arm-none-eabi/5.3.1/../../../../arm-none-eabi/lib/armv6-m/libc_nano.a(lib_a-nano-reallocr.o)
 .debug_frame   0x0000042c       0x48 /home/tulip/gcc-arm-none-eabi-5_3-2016q1-20160330-linux/gcc-arm-none-eabi-5_3-2016q1/bin/../lib/gcc/arm-none-eabi/5.3.1/../../../../arm-none-eabi/lib/armv6-m/libc_nano.a(lib_a-reent.o)
 .debug_frame   0x00000474       0x28 /home/tulip/gcc-arm-none-eabi-5_3-2016q1-20160330-linux/gcc-arm-none-eabi-5_3-2016q1/bin/../lib/gcc/arm-none-eabi/5.3.1/../../../../arm-none-eabi/lib/armv6-m/libc_nano.a(lib_a-memcpy-stub.o)
 .debug_frame   0x0000049c       0x20 /home/tulip/gcc-arm-none-eabi-5_3-2016q1-20160330-linux/gcc-arm-none-eabi-5_3-2016q1/bin/../lib/gcc/arm-none-eabi/5.3.1/../../../../arm-none-eabi/lib/armv6-m/libc_nano.a(lib_a-nano-msizer.o)
 .debug_frame   0x000004bc       0x20 /home/tulip/gcc-arm-none-eabi-5_3-2016q1-20160330-linux/gcc-arm-none-eabi-5_3-2016q1/bin/../lib/gcc/arm-none-eabi/5.3.1/../../../../arm-none-eabi/lib/armv6-m/libnosys.a(getpid.o)
 .debug_frame   0x000004dc       0x20 /home/tulip/gcc-arm-none-eabi-5_3-2016q1-20160330-linux/gcc-arm-none-eabi-5_3-2016q1/bin/../lib/gcc/arm-none-eabi/5.3.1/../../../../arm-none-eabi/lib/armv6-m/libnosys.a(kill.o)
 .debug_frame   0x000004fc       0x20 /home/tulip/gcc-arm-none-eabi-5_3-2016q1-20160330-linux/gcc-arm-none-eabi-5_3-2016q1/bin/../lib/gcc/arm-none-eabi/5.3.1/../../../../arm-none-eabi/lib/armv6-m/libnosys.a(sbrk.o)
 .debug_frame   0x0000051c       0x20 /home/tulip/gcc-arm-none-eabi-5_3-2016q1-20160330-linux/gcc-arm-none-eabi-5_3-2016q1/bin/../lib/gcc/arm-none-eabi/5.3.1/../../../../arm-none-eabi/lib/armv6-m/libnosys.a(_exit.o)

.stab           0x00000000       0x3c
 .stab          0x00000000       0x24 /home/tulip/gcc-arm-none-eabi-5_3-2016q1-20160330-linux/gcc-arm-none-eabi-5_3-2016q1/bin/../lib/gcc/arm-none-eabi/5.3.1/../../../../arm-none-eabi/lib/armv6-m/libnosys.a(getpid.o)
 .stab          0x00000024       0x18 /home/tulip/gcc-arm-none-eabi-5_3-2016q1-20160330-linux/gcc-arm-none-eabi-5_3-2016q1/bin/../lib/gcc/arm-none-eabi/5.3.1/../../../../arm-none-eabi/lib/armv6-m/libnosys.a(kill.o)
                                 0x24 (size before relaxing)

.stabstr        0x00000000       0x76
 .stabstr       0x00000000       0x76 /home/tulip/gcc-arm-none-eabi-5_3-2016q1-20160330-linux/gcc-arm-none-eabi-5_3-2016q1/bin/../lib/gcc/arm-none-eabi/5.3.1/../../../../arm-none-eabi/lib/armv6-m/libnosys.a(getpid.o)
