Archive member included to satisfy reference by file (symbol)

/home/tulip/gcc-arm-none-eabi-10.3-2021.10-x86_64-linux/gcc-arm-none-eabi-10.3-2021.10/bin/../lib/gcc/arm-none-eabi/10.3.1/../../../../arm-none-eabi/lib/thumb/v6-m/nofp/libc.a(lib_a-memcmp.o)
                              build/device_store.o (memcmp)
/home/tulip/gcc-arm-none-eabi-10.3-2021.10-x86_64-linux/gcc-arm-none-eabi-10.3-2021.10/bin/../lib/gcc/arm-none-eabi/10.3.1/../../../../arm-none-eabi/lib/thumb/v6-m/nofp/libc.a(lib_a-memcpy-stub.o)
                              build/device_store.o (memcpy)
/home/tulip/gcc-arm-none-eabi-10.3-2021.10-x86_64-linux/gcc-arm-none-eabi-10.3-2021.10/bin/../lib/gcc/arm-none-eabi/10.3.1/../../../../arm-none-eabi/lib/thumb/v6-m/nofp/libc.a(lib_a-memset.o)
                              build/startup.o (memset)
/home/tulip/gcc-arm-none-eabi-10.3-2021.10-x86_64-linux/gcc-arm-none-eabi-10.3-2021.10/bin/../lib/gcc/arm-none-eabi/10.3.1/../../../../arm-none-eabi/lib/thumb/v6-m/nofp/libc.a(lib_a-printf.o)
                              build/ble.o (printf)
/home/tulip/gcc-arm-none-eabi-10.3-2021.10-x86_64-linux/gcc-arm-none-eabi-10.3-2021.10/bin/../lib/gcc/arm-none-eabi/10.3.1/../../../../arm-none-eabi/lib/thumb/v6-m/nofp/libc.a(lib_a-reent.o)
                              build/stdlib_impl.o (errno)
/home/tulip/gcc-arm-none-eabi-10.3-2021.10-x86_64-linux/gcc-arm-none-eabi-10.3-2021.10/bin/../lib/gcc/arm-none-eabi/10.3.1/../../../../arm-none-eabi/lib/thumb/v6-m/nofp/libc.a(lib_a-vfprintf.o)
                              /home/tulip/gcc-arm-none-eabi-10.3-2021.10-x86_64-linux/gcc-arm-none-eabi-10.3-2021.10/bin/../lib/gcc/arm-none-eabi/10.3.1/../../../../arm-none-eabi/lib/thumb/v6-m/nofp/libc.a(lib_a-printf.o) (_vfprintf_r)
/home/tulip/gcc-arm-none-eabi-10.3-2021.10-x86_64-linux/gcc-arm-none-eabi-10.3-2021.10/bin/../lib/gcc/arm-none-eabi/10.3.1/../../../../arm-none-eabi/lib/thumb/v6-m/nofp/libc.a(lib_a-wsetup.o)
                              /home/tulip/gcc-arm-none-eabi-10.3-2021.10-x86_64-linux/gcc-arm-none-eabi-10.3-2021.10/bin/../lib/gcc/arm-none-eabi/10.3.1/../../../../arm-none-eabi/lib/thumb/v6-m/nofp/libc.a(lib_a-vfprintf.o) (__swsetup_r)
/home/tulip/gcc-arm-none-eabi-10.3-2021.10-x86_64-linux/gcc-arm-none-eabi-10.3-2021.10/bin/../lib/gcc/arm-none-eabi/10.3.1/../../../../arm-none-eabi/lib/thumb/v6-m/nofp/libc.a(lib_a-dtoa.o)
                              /home/tulip/gcc-arm-none-eabi-10.3-2021.10-x86_64-linux/gcc-arm-none-eabi-10.3-2021.10/bin/../lib/gcc/arm-none-eabi/10.3.1/../../../../arm-none-eabi/lib/thumb/v6-m/nofp/libc.a(lib_a-vfprintf.o) (_dtoa_r)
/home/tulip/gcc-arm-none-eabi-10.3-2021.10-x86_64-linux/gcc-arm-none-eabi-10.3-2021.10/bin/../lib/gcc/arm-none-eabi/10.3.1/../../../../arm-none-eabi/lib/thumb/v6-m/nofp/libc.a(lib_a-fflush.o)
                              /home/tulip/gcc-arm-none-eabi-10.3-2021.10-x86_64-linux/gcc-arm-none-eabi-10.3-2021.10/bin/../lib/gcc/arm-none-eabi/10.3.1/../../../../arm-none-eabi/lib/thumb/v6-m/nofp/libc.a(lib_a-vfprintf.o) (_fflush_r)
/home/tulip/gcc-arm-none-eabi-10.3-2021.10-x86_64-linux/gcc-arm-none-eabi-10.3-2021.10/bin/../lib/gcc/arm-none-eabi/10.3.1/../../../../arm-none-eabi/lib/thumb/v6-m/nofp/libc.a(lib_a-findfp.o)
                              /home/tulip/gcc-arm-none-eabi-10.3-2021.10-x86_64-linux/gcc-arm-none-eabi-10.3-2021.10/bin/../lib/gcc/arm-none-eabi/10.3.1/../../../../arm-none-eabi/lib/thumb/v6-m/nofp/libc.a(lib_a-vfprintf.o) (__sinit)
/home/tulip/gcc-arm-none-eabi-10.3-2021.10-x86_64-linux/gcc-arm-none-eabi-10.3-2021.10/bin/../lib/gcc/arm-none-eabi/10.3.1/../../../../arm-none-eabi/lib/thumb/v6-m/nofp/libc.a(lib_a-freer.o)
                              /home/tulip/gcc-arm-none-eabi-10.3-2021.10-x86_64-linux/gcc-arm-none-eabi-10.3-2021.10/bin/../lib/gcc/arm-none-eabi/10.3.1/../../../../arm-none-eabi/lib/thumb/v6-m/nofp/libc.a(lib_a-reent.o) (_free_r)
/home/tulip/gcc-arm-none-eabi-10.3-2021.10-x86_64-linux/gcc-arm-none-eabi-10.3-2021.10/bin/../lib/gcc/arm-none-eabi/10.3.1/../../../../arm-none-eabi/lib/thumb/v6-m/nofp/libc.a(lib_a-fwalk.o)
                              /home/tulip/gcc-arm-none-eabi-10.3-2021.10-x86_64-linux/gcc-arm-none-eabi-10.3-2021.10/bin/../lib/gcc/arm-none-eabi/10.3.1/../../../../arm-none-eabi/lib/thumb/v6-m/nofp/libc.a(lib_a-findfp.o) (_fwalk)
/home/tulip/gcc-arm-none-eabi-10.3-2021.10-x86_64-linux/gcc-arm-none-eabi-10.3-2021.10/bin/../lib/gcc/arm-none-eabi/10.3.1/../../../../arm-none-eabi/lib/thumb/v6-m/nofp/libc.a(lib_a-impure.o)
                              /home/tulip/gcc-arm-none-eabi-10.3-2021.10-x86_64-linux/gcc-arm-none-eabi-10.3-2021.10/bin/../lib/gcc/arm-none-eabi/10.3.1/../../../../arm-none-eabi/lib/thumb/v6-m/nofp/libc.a(lib_a-fflush.o) (_global_impure_ptr)
/home/tulip/gcc-arm-none-eabi-10.3-2021.10-x86_64-linux/gcc-arm-none-eabi-10.3-2021.10/bin/../lib/gcc/arm-none-eabi/10.3.1/../../../../arm-none-eabi/lib/thumb/v6-m/nofp/libc.a(lib_a-localeconv.o)
[...]
Memory Configuration

Name             Origin             Length             Attributes
FLASH            0x0000000000000000 0x0000000000040000 xr
RAM              0x0000000020000000 0x0000000000008000 xrw
*default*        0x0000000000000000 0xffffffffffffffff

Linker script and memory map

LOAD build/ble.o
LOAD build/ble_phy.o
LOAD build/device_store.o
LOAD build/leds.o
LOAD build/Main.o
LOAD build/startup.o
LOAD build/stdlib_impl.o
LOAD build/timer.o
LOAD build/uart.o
START GROUP
LOAD /home/tulip/gcc-arm-none-eabi-10.3-2021.10-x86_64-linux/gcc-arm-none-eabi-10.3-2021.10/bin/../lib/gcc/arm-none-eabi/10.3.1/thumb/v6-m/nofp/libgcc.a
LOAD /home/tulip/gcc-arm-none-eabi-10.3-2021.10-x86_64-linux/gcc-arm-none-eabi-10.3-2021.10/bin/../lib/gcc/arm-none-eabi/10.3.1/../../../../arm-none-eabi/lib/thumb/v6-m/nofp/libc.a
END GROUP
                0x0000000000000800                _minimum_stack_size = 0x800

.text           0x0000000000000000     0x968c
 *(.isr_vector)
 .isr_vector    0x0000000000000000       0xc0 build/startup.o
                0x0000000000000000                interrupt_vectors
 *(.text)
 .text          0x00000000000000c0      0x114 /home/tulip/gcc-arm-none-eabi-10.3-2021.10-x86_64-linux/gcc-arm-none-eabi-10.3-2021.10/bin/../lib/gcc/arm-none-eabi/10.3.1/thumb/v6-m/nofp/libgcc.a(_udivsi3.o)
                0x00000000000000c0                __udivsi3
                0x00000000000000c0                __aeabi_uidiv
                0x00000000000001cc                __aeabi_uidivmod
 .text          0x00000000000001d4      0x1d4 /home/tulip/gcc-arm-none-eabi-10.3-2021.10-x86_64-linux/gcc-arm-none-eabi-10.3-2021.10/bin/../lib/gcc/arm-none-eabi/10.3.1/thumb/v6-m/nofp/libgcc.a(_divsi3.o)
                0x00000000000001d4                __aeabi_idiv
                0x00000000000001d4                __divsi3
                0x00000000000003a0                __aeabi_idivmod
 .text          0x00000000000003a8        0x4 /home/tulip/gcc-arm-none-eabi-10.3-2021.10-x86_64-linux/gcc-arm-none-eabi-10.3-2021.10/bin/../lib/gcc/arm-none-eabi/10.3.1/thumb/v6-m/nofp/libgcc.a(_dvmd_tls.o)
                0x00000000000003a8                __aeabi_ldiv0
                0x00000000000003a8                __aeabi_idiv0
 .text          0x00000000000003ac       0x7c /home/tulip/gcc-arm-none-eabi-10.3-2021.10-x86_64-linux/gcc-arm-none-eabi-10.3-2021.10/bin/../lib/gcc/arm-none-eabi/10.3.1/thumb/v6-m/nofp/libgcc.a(_arm_cmpdf2.o)
                0x00000000000003ac                __aeabi_cdrcmple
                0x00000000000003bc                __aeabi_cdcmple
                0x00000000000003bc                __aeabi_cdcmpeq
                0x00000000000003cc                __aeabi_dcmpeq
                0x00000000000003d8                __aeabi_dcmplt
                0x00000000000003ec                __aeabi_dcmple
                0x0000000000000400                __aeabi_dcmpgt
                0x0000000000000414                __aeabi_dcmpge
 .text          0x0000000000000428       0x40 /home/tulip/gcc-arm-none-eabi-10.3-2021.10-x86_64-linux/gcc-arm-none-eabi-10.3-2021.10/bin/../lib/gcc/arm-none-eabi/10.3.1/thumb/v6-m/nofp/libgcc.a(_aeabi_uldivmod.o)
                0x0000000000000428                __aeabi_uldivmod
 .text          0x0000000000000468      0x198 /home/tulip/gcc-arm-none-eabi-10.3-2021.10-x86_64-linux/gcc-arm-none-eabi-10.3-2021.10/bin/../lib/gcc/arm-none-eabi/10.3.1/thumb/v6-m/nofp/libgcc.a(_udivmoddi4.o)
                0x0000000000000468                __udivmoddi4
 .text          0x0000000000000600      0x678 /home/tulip/gcc-arm-none-eabi-10.3-2021.10-x86_64-linux/gcc-arm-none-eabi-10.3-2021.10/bin/../lib/gcc/arm-none-eabi/10.3.1/thumb/v6-m/nofp/libgcc.a(adddf3.o)
                0x0000000000000600                __aeabi_dadd
 .text          0x0000000000000c78      0x5ec /home/tulip/gcc-arm-none-eabi-10.3-2021.10-x86_64-linux/gcc-arm-none-eabi-10.3-2021.10/bin/../lib/gcc/arm-none-eabi/10.3.1/thumb/v6-m/nofp/libgcc.a(divdf3.o)
                0x0000000000000c78                __aeabi_ddiv
 .text          0x0000000000001264       0x84 /home/tulip/gcc-arm-none-eabi-10.3-2021.10-x86_64-linux/gcc-arm-none-eabi-10.3-2021.10/bin/../lib/gcc/arm-none-eabi/10.3.1/thumb/v6-m/nofp/libgcc.a(eqdf2.o)
                0x0000000000001264                __eqdf2
                0x0000000000001264                __nedf2
 .text          0x00000000000012e8       0xcc /home/tulip/gcc-arm-none-eabi-10.3-2021.10-x86_64-linux/gcc-arm-none-eabi-10.3-2021.10/bin/../lib/gcc/arm-none-eabi/10.3.1/thumb/v6-m/nofp/libgcc.a(gedf2.o)
                0x00000000000012e8                __gtdf2
                0x00000000000012e8                __gedf2
 .text          0x00000000000013b4       0xc8 /home/tulip/gcc-arm-none-eabi-10.3-2021.10-x86_64-linux/gcc-arm-none-eabi-10.3-2021.10/bin/../lib/gcc/arm-none-eabi/10.3.1/thumb/v6-m/nofp/libgcc.a(ledf2.o)
                0x00000000000013b4                __ltdf2
                0x00000000000013b4                __ledf2
 .text          0x000000000000147c      0x4d8 /home/tulip/gcc-arm-none-eabi-10.3-2021.10-x86_64-linux/gcc-arm-none-eabi-10.3-2021.10/bin/../lib/gcc/arm-none-eabi/10.3.1/thumb/v6-m/nofp/libgcc.a(muldf3.o)
                0x000000000000147c                __aeabi_dmul
 .text          0x0000000000001954      0x724 /home/tulip/gcc-arm-none-eabi-10.3-2021.10-x86_64-linux/gcc-arm-none-eabi-10.3-2021.10/bin/../lib/gcc/arm-none-eabi/10.3.1/thumb/v6-m/nofp/libgcc.a(subdf3.o)
                0x0000000000001954                __aeabi_dsub
 .text          0x0000000000002078       0x3c /home/tulip/gcc-arm-none-eabi-10.3-2021.10-x86_64-linux/gcc-arm-none-eabi-10.3-2021.10/bin/../lib/gcc/arm-none-eabi/10.3.1/thumb/v6-m/nofp/libgcc.a(unorddf2.o)
                0x0000000000002078                __aeabi_dcmpun
 .text          0x00000000000020b4       0x6c /home/tulip/gcc-arm-none-eabi-10.3-2021.10-x86_64-linux/gcc-arm-none-eabi-10.3-2021.10/bin/../lib/gcc/arm-none-eabi/10.3.1/thumb/v6-m/nofp/libgcc.a(fixdfsi.o)
                0x00000000000020b4                __aeabi_d2iz
 .text          0x0000000000002120       0x60 /home/tulip/gcc-arm-none-eabi-10.3-2021.10-x86_64-linux/gcc-arm-none-eabi-10.3-2021.10/bin/../lib/gcc/arm-none-eabi/10.3.1/thumb/v6-m/nofp/libgcc.a(floatsidf.o)
                0x0000000000002120                __aeabi_i2d
 .text          0x0000000000002180       0x4c /home/tulip/gcc-arm-none-eabi-10.3-2021.10-x86_64-linux/gcc-arm-none-eabi-10.3-2021.10/bin/../lib/gcc/arm-none-eabi/10.3.1/thumb/v6-m/nofp/libgcc.a(floatunsidf.o)
                0x0000000000002180                __aeabi_ui2d
 .text          0x00000000000021cc       0x3c /home/tulip/gcc-arm-none-eabi-10.3-2021.10-x86_64-linux/gcc-arm-none-eabi-10.3-2021.10/bin/../lib/gcc/arm-none-eabi/10.3.1/thumb/v6-m/nofp/libgcc.a(_clzsi2.o)
                0x00000000000021cc                __clzsi2
 .text          0x0000000000002208       0x18 /home/tulip/gcc-arm-none-eabi-10.3-2021.10-x86_64-linux/gcc-arm-none-eabi-10.3-2021.10/bin/../lib/gcc/arm-none-eabi/10.3.1/thumb/v6-m/nofp/libgcc.a(_clzdi2.o)
                0x0000000000002208                __clzdi2
 *(.text.*)
 .text.init_pdu_buffer_pointer
                0x0000000000002220        0xc build/ble.o
                0x0000000000002220                init_pdu_buffer_pointer
 .text.show_pdu_data
                0x000000000000222c       0xfc build/ble.o
                0x000000000000222c                show_pdu_data
 .text.ble_init
                0x0000000000002328       0xe8 build/ble_phy.o
                0x0000000000002328                ble_init
 .text.ble_start_rx
                0x0000000000002410       0xd4 build/ble_phy.o
                0x0000000000002410                ble_start_rx
 .text.RADIO_IRQHandler
                0x00000000000024e4      0x124 build/ble_phy.o
                0x00000000000024e4                RADIO_IRQHandler
 .text.add_device_name
                0x0000000000002608       0x70 build/device_store.o
                0x0000000000002608                add_device_name
 .text.update_device
                0x0000000000002678       0xd4 build/device_store.o
                0x0000000000002678                update_device
 .text.print_detected_devices
                0x000000000000274c       0xd4 build/device_store.o
                0x000000000000274c                print_detected_devices
 .text.led_toogle
                0x0000000000002820       0x28 build/leds.o
                0x0000000000002820                led_toogle
 .text.led_init
                0x0000000000002848       0x38 build/leds.o
                0x0000000000002848                led_init
 .text.startup.main
                0x0000000000002880       0xc4 build/Main.o
                0x0000000000002880                main
 .text.Default_Handler
                0x0000000000002944        0x4 build/Main.o
                0x0000000000002944                Default_Handler
 .text.Default_Handler
                0x0000000000002948        0x4 build/startup.o
                0x0000000000002948                SPI0_TWI0_IRQHandler
                0x0000000000002948                RTC0_IRQHandler
                0x0000000000002948                HardFault_Handler
                0x0000000000002948                SysTick_Handler
                0x0000000000002948                GPIOTE_IRQHandler
                0x0000000000002948                PendSV_Handler
                0x0000000000002948                NMI_Handler
                0x0000000000002948                POWER_CLOCK_IRQHandler
                0x0000000000002948                LPCOMP_IRQHandler
                0x0000000000002948                SWI4_IRQHandler
                0x0000000000002948                TEMP_IRQHandler
                0x0000000000002948                QDEC_IRQHandler
                0x0000000000002948                UART0_IRQHandler
                0x0000000000002948                SWI5_IRQHandler
                0x0000000000002948                TIMER0_IRQHandler
                0x0000000000002948                SWI0_IRQHandler
                0x0000000000002948                TIMER1_IRQHandler
                0x0000000000002948                ECB_IRQHandler
                0x0000000000002948                ADC_IRQHandler
                0x0000000000002948                SWI3_IRQHandler
                0x0000000000002948                CCM_AAR_IRQHandler
                0x0000000000002948                WDT_IRQHandler
                0x0000000000002948                SVC_Handler
                0x0000000000002948                SWI2_IRQHandler
                0x0000000000002948                RNG_IRQHandler
                0x0000000000002948                SPI1_TWI1_IRQHandler
                0x0000000000002948                RTC1_IRQHandler
                0x0000000000002948                SWI1_IRQHandler
 .text.Reset_Handler
                0x000000000000294c       0x4c build/startup.o
 .text._write   0x0000000000002998       0x1c build/stdlib_impl.o
                0x0000000000002998                _write
 .text._sbrk    0x00000000000029b4       0x24 build/stdlib_impl.o
                0x00000000000029b4                _sbrk
 .text._close   0x00000000000029d8       0x10 build/stdlib_impl.o
                0x00000000000029d8                _close
 .text._lseek   0x00000000000029e8        0x4 build/stdlib_impl.o
                0x00000000000029e8                _lseek
 .text._read    0x00000000000029ec        0x4 build/stdlib_impl.o
                0x00000000000029ec                _read
 .text._fstat   0x00000000000029f0        0xc build/stdlib_impl.o
                0x00000000000029f0                _fstat
 .text._isatty  0x00000000000029fc        0x4 build/stdlib_impl.o
                0x00000000000029fc                _isatty
 .text._exit    0x0000000000002a00        0x8 build/stdlib_impl.o
                0x0000000000002a00                _exit
 .text._kill    0x0000000000002a08       0x10 build/stdlib_impl.o
                0x0000000000002a08                _kill
 .text._getpid  0x0000000000002a18        0x4 build/stdlib_impl.o
                0x0000000000002a18                _getpid
 .text.timer_get_time
                0x0000000000002a1c        0xc build/timer.o
                0x0000000000002a1c                timer_get_time
 .text.timer_init
                0x0000000000002a28       0x5c build/timer.o
                0x0000000000002a28                timer_init
 .text.TIMER2_IRQHandler
                0x0000000000002a84       0x1c build/timer.o
                0x0000000000002a84                TIMER2_IRQHandler
 .text.uart_init
                0x0000000000002aa0       0x54 build/uart.o
                0x0000000000002aa0                uart_init
 .text.uart_put
                0x0000000000002af4       0x20 build/uart.o
                0x0000000000002af4                uart_put
 .text.memcmp   0x0000000000002b14       0x48 /home/tulip/gcc-arm-none-eabi-10.3-2021.10-x86_64-linux/gcc-arm-none-eabi-10.3-2021.10/bin/../lib/gcc/arm-none-eabi/10.3.1/../../../../arm-none-eabi/lib/thumb/v6-m/nofp/libc.a(lib_a-memcmp.o)
                0x0000000000002b14                memcmp
 .text.memcpy   0x0000000000002b5c       0xa4 /home/tulip/gcc-arm-none-eabi-10.3-2021.10-x86_64-linux/gcc-arm-none-eabi-10.3-2021.10/bin/../lib/gcc/arm-none-eabi/10.3.1/../../../../arm-none-eabi/lib/thumb/v6-m/nofp/libc.a(lib_a-memcpy-stub.o)
                0x0000000000002b5c                memcpy
 .text.memset   0x0000000000002c00       0xa8 /home/tulip/gcc-arm-none-eabi-10.3-2021.10-x86_64-linux/gcc-arm-none-eabi-10.3-2021.10/bin/../lib/gcc/arm-none-eabi/10.3.1/../../../../arm-none-eabi/lib/thumb/v6-m/nofp/libc.a(lib_a-memset.o)
                0x0000000000002c00                memset
 .text.printf   0x0000000000002ca8       0x24 /home/tulip/gcc-arm-none-eabi-10.3-2021.10-x86_64-linux/gcc-arm-none-eabi-10.3-2021.10/bin/../lib/gcc/arm-none-eabi/10.3.1/../../../../arm-none-eabi/lib/thumb/v6-m/nofp/libc.a(lib_a-printf.o)
                0x0000000000002ca8                printf
 .text._vfprintf_r
                0x0000000000002ccc     0x1c44 /home/tulip/gcc-arm-none-eabi-10.3-2021.10-x86_64-linux/gcc-arm-none-eabi-10.3-2021.10/bin/../lib/gcc/arm-none-eabi/10.3.1/../../../../arm-none-eabi/lib/thumb/v6-m/nofp/libc.a(lib_a-vfprintf.o)
                0x0000000000002ccc                _vfprintf_r
 .text.__sbprintf
                0x0000000000004910       0x8c /home/tulip/gcc-arm-none-eabi-10.3-2021.10-x86_64-linux/gcc-arm-none-eabi-10.3-2021.10/bin/../lib/gcc/arm-none-eabi/10.3.1/../../../../arm-none-eabi/lib/thumb/v6-m/nofp/libc.a(lib_a-vfprintf.o)
 .text.__swsetup_r
                0x000000000000499c       0xdc /home/tulip/gcc-arm-none-eabi-10.3-2021.10-x86_64-linux/gcc-arm-none-eabi-10.3-2021.10/bin/../lib/gcc/arm-none-eabi/10.3.1/../../../../arm-none-eabi/lib/thumb/v6-m/nofp/libc.a(lib_a-wsetup.o)
                0x000000000000499c                __swsetup_r
 .text.quorem   0x0000000000004a78      0x148 /home/tulip/gcc-arm-none-eabi-10.3-2021.10-x86_64-linux/gcc-arm-none-eabi-10.3-2021.10/bin/../lib/gcc/arm-none-eabi/10.3.1/../../../../arm-none-eabi/lib/thumb/v6-m/nofp/libc.a(lib_a-dtoa.o)
 .text._dtoa_r  0x0000000000004bc0      0xfbc /home/tulip/gcc-arm-none-eabi-10.3-2021.10-x86_64-linux/gcc-arm-none-eabi-10.3-2021.10/bin/../lib/gcc/arm-none-eabi/10.3.1/../../../../arm-none-eabi/lib/thumb/v6-m/nofp/libc.a(lib_a-dtoa.o)
                0x0000000000004bc0                _dtoa_r
 .text.__sflush_r
                0x0000000000005b7c      0x140 /home/tulip/gcc-arm-none-eabi-10.3-2021.10-x86_64-linux/gcc-arm-none-eabi-10.3-2021.10/bin/../lib/gcc/arm-none-eabi/10.3.1/../../../../arm-none-eabi/lib/thumb/v6-m/nofp/libc.a(lib_a-fflush.o)
                0x0000000000005b7c                __sflush_r
 .text._fflush_r
                0x0000000000005cbc       0x6c /home/tulip/gcc-arm-none-eabi-10.3-2021.10-x86_64-linux/gcc-arm-none-eabi-10.3-2021.10/bin/../lib/gcc/arm-none-eabi/10.3.1/../../../../arm-none-eabi/lib/thumb/v6-m/nofp/libc.a(lib_a-fflush.o)
                0x0000000000005cbc                _fflush_r
 .text._cleanup_r
                0x0000000000005d28       0x10 /home/tulip/gcc-arm-none-eabi-10.3-2021.10-x86_64-linux/gcc-arm-none-eabi-10.3-2021.10/bin/../lib/gcc/arm-none-eabi/10.3.1/../../../../arm-none-eabi/lib/thumb/v6-m/nofp/libc.a(lib_a-findfp.o)
                0x0000000000005d28                _cleanup_r
 .text.__sinit  0x0000000000005d38      0x120 /home/tulip/gcc-arm-none-eabi-10.3-2021.10-x86_64-linux/gcc-arm-none-eabi-10.3-2021.10/bin/../lib/gcc/arm-none-eabi/10.3.1/../../../../arm-none-eabi/lib/thumb/v6-m/nofp/libc.a(lib_a-findfp.o)
                0x0000000000005d38                __sinit
 .text.__sfp_lock_acquire
                0x0000000000005e58       0x10 /home/tulip/gcc-arm-none-eabi-10.3-2021.10-x86_64-linux/gcc-arm-none-eabi-10.3-2021.10/bin/../lib/gcc/arm-none-eabi/10.3.1/../../../../arm-none-eabi/lib/thumb/v6-m/nofp/libc.a(lib_a-findfp.o)
                0x0000000000005e58                __sfp_lock_acquire
 .text.__sfp_lock_release
                0x0000000000005e68       0x10 /home/tulip/gcc-arm-none-eabi-10.3-2021.10-x86_64-linux/gcc-arm-none-eabi-10.3-2021.10/bin/../lib/gcc/arm-none-eabi/10.3.1/../../../../arm-none-eabi/lib/thumb/v6-m/nofp/libc.a(lib_a-findfp.o)
                0x0000000000005e68                __sfp_lock_release
 .text._malloc_trim_r
                0x0000000000005e78       0x9c /home/tulip/gcc-arm-none-eabi-10.3-2021.10-x86_64-linux/gcc-arm-none-eabi-10.3-2021.10/bin/../lib/gcc/arm-none-eabi/10.3.1/../../../../arm-none-eabi/lib/thumb/v6-m/nofp/libc.a(lib_a-freer.o)
                0x0000000000005e78                _malloc_trim_r
 .text._free_r  0x0000000000005f14      0x1c4 /home/tulip/gcc-arm-none-eabi-10.3-2021.10-x86_64-linux/gcc-arm-none-eabi-10.3-2021.10/bin/../lib/gcc/arm-none-eabi/10.3.1/../../../../arm-none-eabi/lib/thumb/v6-m/nofp/libc.a(lib_a-freer.o)
                0x0000000000005f14                _free_r
 .text._fwalk_reent
                0x00000000000060d8       0x48 /home/tulip/gcc-arm-none-eabi-10.3-2021.10-x86_64-linux/gcc-arm-none-eabi-10.3-2021.10/bin/../lib/gcc/arm-none-eabi/10.3.1/../../../../arm-none-eabi/lib/thumb/v6-m/nofp/libc.a(lib_a-fwalk.o)
                0x00000000000060d8                _fwalk_reent
 .text._localeconv_r
                0x0000000000006120        0x8 /home/tulip/gcc-arm-none-eabi-10.3-2021.10-x86_64-linux/gcc-arm-none-eabi-10.3-2021.10/bin/../lib/gcc/arm-none-eabi/10.3.1/../../../../arm-none-eabi/lib/thumb/v6-m/nofp/libc.a(lib_a-localeconv.o)
                0x0000000000006120                _localeconv_r
 .text.__retarget_lock_init_recursive
                0x0000000000006128        0x4 /home/tulip/gcc-arm-none-eabi-10.3-2021.10-x86_64-linux/gcc-arm-none-eabi-10.3-2021.10/bin/../lib/gcc/arm-none-eabi/10.3.1/../../../../arm-none-eabi/lib/thumb/v6-m/nofp/libc.a(lib_a-lock.o)
                0x0000000000006128                __retarget_lock_init_recursive
 .text.__retarget_lock_close_recursive
                0x000000000000612c        0x4 /home/tulip/gcc-arm-none-eabi-10.3-2021.10-x86_64-linux/gcc-arm-none-eabi-10.3-2021.10/bin/../lib/gcc/arm-none-eabi/10.3.1/../../../../arm-none-eabi/lib/thumb/v6-m/nofp/libc.a(lib_a-lock.o)
                0x000000000000612c                __retarget_lock_close_recursive
 .text.__retarget_lock_acquire_recursive
                0x0000000000006130        0x4 /home/tulip/gcc-arm-none-eabi-10.3-2021.10-x86_64-linux/gcc-arm-none-eabi-10.3-2021.10/bin/../lib/gcc/arm-none-eabi/10.3.1/../../../../arm-none-eabi/lib/thumb/v6-m/nofp/libc.a(lib_a-lock.o)
                0x0000000000006130                __retarget_lock_acquire_recursive
 .text.__retarget_lock_release_recursive
                0x0000000000006134        0x4 /home/tulip/gcc-arm-none-eabi-10.3-2021.10-x86_64-linux/gcc-arm-none-eabi-10.3-2021.10/bin/../lib/gcc/arm-none-eabi/10.3.1/../../../../arm-none-eabi/lib/thumb/v6-m/nofp/libc.a(lib_a-lock.o)
                0x0000000000006134                __retarget_lock_release_recursive
 .text.__smakebuf_r
                0x0000000000006138       0xe4 /home/tulip/gcc-arm-none-eabi-10.3-2021.10-x86_64-linux/gcc-arm-none-eabi-10.3-2021.10/bin/../lib/gcc/arm-none-eabi/10.3.1/../../../../arm-none-eabi/lib/thumb/v6-m/nofp/libc.a(lib_a-makebuf.o)
                0x0000000000006138                __smakebuf_r
 .text._malloc_r
                0x000000000000621c      0x584 /home/tulip/gcc-arm-none-eabi-10.3-2021.10-x86_64-linux/gcc-arm-none-eabi-10.3-2021.10/bin/../lib/gcc/arm-none-eabi/10.3.1/../../../../arm-none-eabi/lib/thumb/v6-m/nofp/libc.a(lib_a-mallocr.o)
                0x000000000000621c                _malloc_r
 .text.memchr   0x00000000000067a0       0x74 /home/tulip/gcc-arm-none-eabi-10.3-2021.10-x86_64-linux/gcc-arm-none-eabi-10.3-2021.10/bin/../lib/gcc/arm-none-eabi/10.3.1/../../../../arm-none-eabi/lib/thumb/v6-m/nofp/libc.a(lib_a-memchr-stub.o)
                0x00000000000067a0                memchr
 .text.__malloc_lock
                0x0000000000006814       0x10 /home/tulip/gcc-arm-none-eabi-10.3-2021.10-x86_64-linux/gcc-arm-none-eabi-10.3-2021.10/bin/../lib/gcc/arm-none-eabi/10.3.1/../../../../arm-none-eabi/lib/thumb/v6-m/nofp/libc.a(lib_a-mlock.o)
                0x0000000000006814                __malloc_lock
 .text.__malloc_unlock
                0x0000000000006824       0x10 /home/tulip/gcc-arm-none-eabi-10.3-2021.10-x86_64-linux/gcc-arm-none-eabi-10.3-2021.10/bin/../lib/gcc/arm-none-eabi/10.3.1/../../../../arm-none-eabi/lib/thumb/v6-m/nofp/libc.a(lib_a-mlock.o)
                0x0000000000006824                __malloc_unlock
 .text._Balloc  0x0000000000006834       0x50 /home/tulip/gcc-arm-none-eabi-10.3-2021.10-x86_64-linux/gcc-arm-none-eabi-10.3-2021.10/bin/../lib/gcc/arm-none-eabi/10.3.1/../../../../arm-none-eabi/lib/thumb/v6-m/nofp/libc.a(lib_a-mprec.o)
                0x0000000000006834                _Balloc
 .text._Bfree   0x0000000000006884       0x14 /home/tulip/gcc-arm-none-eabi-10.3-2021.10-x86_64-linux/gcc-arm-none-eabi-10.3-2021.10/bin/../lib/gcc/arm-none-eabi/10.3.1/../../../../arm-none-eabi/lib/thumb/v6-m/nofp/libc.a(lib_a-mprec.o)
                0x0000000000006884                _Bfree
 .text.__multadd
                0x0000000000006898       0xa8 /home/tulip/gcc-arm-none-eabi-10.3-2021.10-x86_64-linux/gcc-arm-none-eabi-10.3-2021.10/bin/../lib/gcc/arm-none-eabi/10.3.1/../../../../arm-none-eabi/lib/thumb/v6-m/nofp/libc.a(lib_a-mprec.o)
                0x0000000000006898                __multadd
 .text.__hi0bits
                0x0000000000006940       0x38 /home/tulip/gcc-arm-none-eabi-10.3-2021.10-x86_64-linux/gcc-arm-none-eabi-10.3-2021.10/bin/../lib/gcc/arm-none-eabi/10.3.1/../../../../arm-none-eabi/lib/thumb/v6-m/nofp/libc.a(lib_a-mprec.o)
                0x0000000000006940                __hi0bits
 .text.__lo0bits
                0x0000000000006978       0x5c /home/tulip/gcc-arm-none-eabi-10.3-2021.10-x86_64-linux/gcc-arm-none-eabi-10.3-2021.10/bin/../lib/gcc/arm-none-eabi/10.3.1/../../../../arm-none-eabi/lib/thumb/v6-m/nofp/libc.a(lib_a-mprec.o)
                0x0000000000006978                __lo0bits
 .text.__i2b    0x00000000000069d4       0x60 /home/tulip/gcc-arm-none-eabi-10.3-2021.10-x86_64-linux/gcc-arm-none-eabi-10.3-2021.10/bin/../lib/gcc/arm-none-eabi/10.3.1/../../../../arm-none-eabi/lib/thumb/v6-m/nofp/libc.a(lib_a-mprec.o)
                0x00000000000069d4                __i2b
 .text.__multiply
                0x0000000000006a34      0x1a4 /home/tulip/gcc-arm-none-eabi-10.3-2021.10-x86_64-linux/gcc-arm-none-eabi-10.3-2021.10/bin/../lib/gcc/arm-none-eabi/10.3.1/../../../../arm-none-eabi/lib/thumb/v6-m/nofp/libc.a(lib_a-mprec.o)
                0x0000000000006a34                __multiply
 .text.__pow5mult
                0x0000000000006bd8       0xd8 /home/tulip/gcc-arm-none-eabi-10.3-2021.10-x86_64-linux/gcc-arm-none-eabi-10.3-2021.10/bin/../lib/gcc/arm-none-eabi/10.3.1/../../../../arm-none-eabi/lib/thumb/v6-m/nofp/libc.a(lib_a-mprec.o)
                0x0000000000006bd8                __pow5mult
 .text.__lshift
                0x0000000000006cb0       0xfc /home/tulip/gcc-arm-none-eabi-10.3-2021.10-x86_64-linux/gcc-arm-none-eabi-10.3-2021.10/bin/../lib/gcc/arm-none-eabi/10.3.1/../../../../arm-none-eabi/lib/thumb/v6-m/nofp/libc.a(lib_a-mprec.o)
                0x0000000000006cb0                __lshift
 .text.__mcmp   0x0000000000006dac       0x34 /home/tulip/gcc-arm-none-eabi-10.3-2021.10-x86_64-linux/gcc-arm-none-eabi-10.3-2021.10/bin/../lib/gcc/arm-none-eabi/10.3.1/../../../../arm-none-eabi/lib/thumb/v6-m/nofp/libc.a(lib_a-mprec.o)
                0x0000000000006dac                __mcmp
 .text.__mdiff  0x0000000000006de0      0x18c /home/tulip/gcc-arm-none-eabi-10.3-2021.10-x86_64-linux/gcc-arm-none-eabi-10.3-2021.10/bin/../lib/gcc/arm-none-eabi/10.3.1/../../../../arm-none-eabi/lib/thumb/v6-m/nofp/libc.a(lib_a-mprec.o)
                0x0000000000006de0                __mdiff
 .text.__d2b    0x0000000000006f6c       0xd8 /home/tulip/gcc-arm-none-eabi-10.3-2021.10-x86_64-linux/gcc-arm-none-eabi-10.3-2021.10/bin/../lib/gcc/arm-none-eabi/10.3.1/../../../../arm-none-eabi/lib/thumb/v6-m/nofp/libc.a(lib_a-mprec.o)
                0x0000000000006f6c                __d2b
 .text.frexp    0x0000000000007044       0x64 /home/tulip/gcc-arm-none-eabi-10.3-2021.10-x86_64-linux/gcc-arm-none-eabi-10.3-2021.10/bin/../lib/gcc/arm-none-eabi/10.3.1/../../../../arm-none-eabi/lib/thumb/v6-m/nofp/libc.a(lib_a-s_frexp.o)
                0x0000000000007044                frexp
 .text._sbrk_r  0x00000000000070a8       0x24 /home/tulip/gcc-arm-none-eabi-10.3-2021.10-x86_64-linux/gcc-arm-none-eabi-10.3-2021.10/bin/../lib/gcc/arm-none-eabi/10.3.1/../../../../arm-none-eabi/lib/thumb/v6-m/nofp/libc.a(lib_a-sbrkr.o)
                0x00000000000070a8                _sbrk_r
 .text.__sread  0x00000000000070cc       0x28 /home/tulip/gcc-arm-none-eabi-10.3-2021.10-x86_64-linux/gcc-arm-none-eabi-10.3-2021.10/bin/../lib/gcc/arm-none-eabi/10.3.1/../../../../arm-none-eabi/lib/thumb/v6-m/nofp/libc.a(lib_a-stdio.o)
                0x00000000000070cc                __sread
 .text.__swrite
                0x00000000000070f4       0x40 /home/tulip/gcc-arm-none-eabi-10.3-2021.10-x86_64-linux/gcc-arm-none-eabi-10.3-2021.10/bin/../lib/gcc/arm-none-eabi/10.3.1/../../../../arm-none-eabi/lib/thumb/v6-m/nofp/libc.a(lib_a-stdio.o)
                0x00000000000070f4                __swrite
 .text.__sseek  0x0000000000007134       0x2c /home/tulip/gcc-arm-none-eabi-10.3-2021.10-x86_64-linux/gcc-arm-none-eabi-10.3-2021.10/bin/../lib/gcc/arm-none-eabi/10.3.1/../../../../arm-none-eabi/lib/thumb/v6-m/nofp/libc.a(lib_a-stdio.o)
                0x0000000000007134                __sseek
 .text.__sclose
                0x0000000000007160        0xc /home/tulip/gcc-arm-none-eabi-10.3-2021.10-x86_64-linux/gcc-arm-none-eabi-10.3-2021.10/bin/../lib/gcc/arm-none-eabi/10.3.1/../../../../arm-none-eabi/lib/thumb/v6-m/nofp/libc.a(lib_a-stdio.o)
                0x0000000000007160                __sclose
 .text.strlen   0x000000000000716c       0x5c /home/tulip/gcc-arm-none-eabi-10.3-2021.10-x86_64-linux/gcc-arm-none-eabi-10.3-2021.10/bin/../lib/gcc/arm-none-eabi/10.3.1/../../../../arm-none-eabi/lib/thumb/v6-m/nofp/libc.a(lib_a-strlen-stub.o)
                0x000000000000716c                strlen
 .text.strncpy  0x00000000000071c8       0x6c /home/tulip/gcc-arm-none-eabi-10.3-2021.10-x86_64-linux/gcc-arm-none-eabi-10.3-2021.10/bin/../lib/gcc/arm-none-eabi/10.3.1/../../../../arm-none-eabi/lib/thumb/v6-m/nofp/libc.a(lib_a-strncpy.o)
                0x00000000000071c8                strncpy
 .text.__sprint_r.part.0
                0x0000000000007234       0x88 /home/tulip/gcc-arm-none-eabi-10.3-2021.10-x86_64-linux/gcc-arm-none-eabi-10.3-2021.10/bin/../lib/gcc/arm-none-eabi/10.3.1/../../../../arm-none-eabi/lib/thumb/v6-m/nofp/libc.a(lib_a-vfiprintf.o)
 .text.__sprint_r
                0x00000000000072bc       0x14 /home/tulip/gcc-arm-none-eabi-10.3-2021.10-x86_64-linux/gcc-arm-none-eabi-10.3-2021.10/bin/../lib/gcc/arm-none-eabi/10.3.1/../../../../arm-none-eabi/lib/thumb/v6-m/nofp/libc.a(lib_a-vfiprintf.o)
                0x00000000000072bc                __sprint_r
 .text._vfiprintf_r
                0x00000000000072d0      0xdb8 /home/tulip/gcc-arm-none-eabi-10.3-2021.10-x86_64-linux/gcc-arm-none-eabi-10.3-2021.10/bin/../lib/gcc/arm-none-eabi/10.3.1/../../../../arm-none-eabi/lib/thumb/v6-m/nofp/libc.a(lib_a-vfiprintf.o)
                0x00000000000072d0                _vfiprintf_r
 .text.__sbprintf
                0x0000000000008088       0x8c /home/tulip/gcc-arm-none-eabi-10.3-2021.10-x86_64-linux/gcc-arm-none-eabi-10.3-2021.10/bin/../lib/gcc/arm-none-eabi/10.3.1/../../../../arm-none-eabi/lib/thumb/v6-m/nofp/libc.a(lib_a-vfiprintf.o)
 .text._write_r
                0x0000000000008114       0x28 /home/tulip/gcc-arm-none-eabi-10.3-2021.10-x86_64-linux/gcc-arm-none-eabi-10.3-2021.10/bin/../lib/gcc/arm-none-eabi/10.3.1/../../../../arm-none-eabi/lib/thumb/v6-m/nofp/libc.a(lib_a-writer.o)
                0x0000000000008114                _write_r
 .text.__assert_func
                0x000000000000813c       0x40 /home/tulip/gcc-arm-none-eabi-10.3-2021.10-x86_64-linux/gcc-arm-none-eabi-10.3-2021.10/bin/../lib/gcc/arm-none-eabi/10.3.1/../../../../arm-none-eabi/lib/thumb/v6-m/nofp/libc.a(lib_a-assert.o)
                0x000000000000813c                __assert_func
 .text._calloc_r
                0x000000000000817c       0x9c /home/tulip/gcc-arm-none-eabi-10.3-2021.10-x86_64-linux/gcc-arm-none-eabi-10.3-2021.10/bin/../lib/gcc/arm-none-eabi/10.3.1/../../../../arm-none-eabi/lib/thumb/v6-m/nofp/libc.a(lib_a-callocr.o)
                0x000000000000817c                _calloc_r
 .text._close_r
                0x0000000000008218       0x24 /home/tulip/gcc-arm-none-eabi-10.3-2021.10-x86_64-linux/gcc-arm-none-eabi-10.3-2021.10/bin/../lib/gcc/arm-none-eabi/10.3.1/../../../../arm-none-eabi/lib/thumb/v6-m/nofp/libc.a(lib_a-closer.o)
                0x0000000000008218                _close_r
 .text.__errno  0x000000000000823c        0xc /home/tulip/gcc-arm-none-eabi-10.3-2021.10-x86_64-linux/gcc-arm-none-eabi-10.3-2021.10/bin/../lib/gcc/arm-none-eabi/10.3.1/../../../../arm-none-eabi/lib/thumb/v6-m/nofp/libc.a(lib_a-errno.o)
                0x000000000000823c                __errno
 .text._fclose_r
                0x0000000000008248       0xdc /home/tulip/gcc-arm-none-eabi-10.3-2021.10-x86_64-linux/gcc-arm-none-eabi-10.3-2021.10/bin/../lib/gcc/arm-none-eabi/10.3.1/../../../../arm-none-eabi/lib/thumb/v6-m/nofp/libc.a(lib_a-fclose.o)
                0x0000000000008248                _fclose_r
 .text.fiprintf
                0x0000000000008324       0x24 /home/tulip/gcc-arm-none-eabi-10.3-2021.10-x86_64-linux/gcc-arm-none-eabi-10.3-2021.10/bin/../lib/gcc/arm-none-eabi/10.3.1/../../../../arm-none-eabi/lib/thumb/v6-m/nofp/libc.a(lib_a-fiprintf.o)
                0x0000000000008324                fiprintf
 .text.__fputwc
                0x0000000000008348       0x98 /home/tulip/gcc-arm-none-eabi-10.3-2021.10-x86_64-linux/gcc-arm-none-eabi-10.3-2021.10/bin/../lib/gcc/arm-none-eabi/10.3.1/../../../../arm-none-eabi/lib/thumb/v6-m/nofp/libc.a(lib_a-fputwc.o)
                0x0000000000008348                __fputwc
 .text._fputwc_r
                0x00000000000083e0       0x5c /home/tulip/gcc-arm-none-eabi-10.3-2021.10-x86_64-linux/gcc-arm-none-eabi-10.3-2021.10/bin/../lib/gcc/arm-none-eabi/10.3.1/../../../../arm-none-eabi/lib/thumb/v6-m/nofp/libc.a(lib_a-fputwc.o)
                0x00000000000083e0                _fputwc_r
 .text._fstat_r
                0x000000000000843c       0x28 /home/tulip/gcc-arm-none-eabi-10.3-2021.10-x86_64-linux/gcc-arm-none-eabi-10.3-2021.10/bin/../lib/gcc/arm-none-eabi/10.3.1/../../../../arm-none-eabi/lib/thumb/v6-m/nofp/libc.a(lib_a-fstatr.o)
                0x000000000000843c                _fstat_r
 .text.__sfvwrite_r
                0x0000000000008464      0x2f4 /home/tulip/gcc-arm-none-eabi-10.3-2021.10-x86_64-linux/gcc-arm-none-eabi-10.3-2021.10/bin/../lib/gcc/arm-none-eabi/10.3.1/../../../../arm-none-eabi/lib/thumb/v6-m/nofp/libc.a(lib_a-fvwrite.o)
                0x0000000000008464                __sfvwrite_r
 .text._isatty_r
                0x0000000000008758       0x24 /home/tulip/gcc-arm-none-eabi-10.3-2021.10-x86_64-linux/gcc-arm-none-eabi-10.3-2021.10/bin/../lib/gcc/arm-none-eabi/10.3.1/../../../../arm-none-eabi/lib/thumb/v6-m/nofp/libc.a(lib_a-isattyr.o)
                0x0000000000008758                _isatty_r
 .text.__locale_mb_cur_max
                0x000000000000877c       0x10 /home/tulip/gcc-arm-none-eabi-10.3-2021.10-x86_64-linux/gcc-arm-none-eabi-10.3-2021.10/bin/../lib/gcc/arm-none-eabi/10.3.1/../../../../arm-none-eabi/lib/thumb/v6-m/nofp/libc.a(lib_a-locale.o)
                0x000000000000877c                __locale_mb_cur_max
 .text._lseek_r
                0x000000000000878c       0x28 /home/tulip/gcc-arm-none-eabi-10.3-2021.10-x86_64-linux/gcc-arm-none-eabi-10.3-2021.10/bin/../lib/gcc/arm-none-eabi/10.3.1/../../../../arm-none-eabi/lib/thumb/v6-m/nofp/libc.a(lib_a-lseekr.o)
                0x000000000000878c                _lseek_r
 .text.__ascii_mbtowc
                0x00000000000087b4       0x2c /home/tulip/gcc-arm-none-eabi-10.3-2021.10-x86_64-linux/gcc-arm-none-eabi-10.3-2021.10/bin/../lib/gcc/arm-none-eabi/10.3.1/../../../../arm-none-eabi/lib/thumb/v6-m/nofp/libc.a(lib_a-mbtowc_r.o)
                0x00000000000087b4                __ascii_mbtowc
 .text.memmove  0x00000000000087e0       0xac /home/tulip/gcc-arm-none-eabi-10.3-2021.10-x86_64-linux/gcc-arm-none-eabi-10.3-2021.10/bin/../lib/gcc/arm-none-eabi/10.3.1/../../../../arm-none-eabi/lib/thumb/v6-m/nofp/libc.a(lib_a-memmove.o)
                0x00000000000087e0                memmove
 .text._read_r  0x000000000000888c       0x28 /home/tulip/gcc-arm-none-eabi-10.3-2021.10-x86_64-linux/gcc-arm-none-eabi-10.3-2021.10/bin/../lib/gcc/arm-none-eabi/10.3.1/../../../../arm-none-eabi/lib/thumb/v6-m/nofp/libc.a(lib_a-readr.o)
                0x000000000000888c                _read_r
 .text._realloc_r
                0x00000000000088b4      0x354 /home/tulip/gcc-arm-none-eabi-10.3-2021.10-x86_64-linux/gcc-arm-none-eabi-10.3-2021.10/bin/../lib/gcc/arm-none-eabi/10.3.1/../../../../arm-none-eabi/lib/thumb/v6-m/nofp/libc.a(lib_a-reallocr.o)
                0x00000000000088b4                _realloc_r
 .text.__swbuf_r
                0x0000000000008c08       0xc8 /home/tulip/gcc-arm-none-eabi-10.3-2021.10-x86_64-linux/gcc-arm-none-eabi-10.3-2021.10/bin/../lib/gcc/arm-none-eabi/10.3.1/../../../../arm-none-eabi/lib/thumb/v6-m/nofp/libc.a(lib_a-wbuf.o)
                0x0000000000008c08                __swbuf_r
 .text._wcrtomb_r
                0x0000000000008cd0       0x40 /home/tulip/gcc-arm-none-eabi-10.3-2021.10-x86_64-linux/gcc-arm-none-eabi-10.3-2021.10/bin/../lib/gcc/arm-none-eabi/10.3.1/../../../../arm-none-eabi/lib/thumb/v6-m/nofp/libc.a(lib_a-wcrtomb.o)
                0x0000000000008cd0                _wcrtomb_r
 .text.__ascii_wctomb
                0x0000000000008d10       0x1c /home/tulip/gcc-arm-none-eabi-10.3-2021.10-x86_64-linux/gcc-arm-none-eabi-10.3-2021.10/bin/../lib/gcc/arm-none-eabi/10.3.1/../../../../arm-none-eabi/lib/thumb/v6-m/nofp/libc.a(lib_a-wctomb_r.o)
                0x0000000000008d10                __ascii_wctomb
 .text.abort    0x0000000000008d2c       0x10 /home/tulip/gcc-arm-none-eabi-10.3-2021.10-x86_64-linux/gcc-arm-none-eabi-10.3-2021.10/bin/../lib/gcc/arm-none-eabi/10.3.1/../../../../arm-none-eabi/lib/thumb/v6-m/nofp/libc.a(lib_a-abort.o)
                0x0000000000008d2c                abort
 .text.raise    0x0000000000008d3c       0x60 /home/tulip/gcc-arm-none-eabi-10.3-2021.10-x86_64-linux/gcc-arm-none-eabi-10.3-2021.10/bin/../lib/gcc/arm-none-eabi/10.3.1/../../../../arm-none-eabi/lib/thumb/v6-m/nofp/libc.a(lib_a-signal.o)
                0x0000000000008d3c                raise
 .text._kill_r  0x0000000000008d9c       0x28 /home/tulip/gcc-arm-none-eabi-10.3-2021.10-x86_64-linux/gcc-arm-none-eabi-10.3-2021.10/bin/../lib/gcc/arm-none-eabi/10.3.1/../../../../arm-none-eabi/lib/thumb/v6-m/nofp/libc.a(lib_a-signalr.o)
                0x0000000000008d9c                _kill_r
 .text._getpid_r
                0x0000000000008dc4        0x8 /home/tulip/gcc-arm-none-eabi-10.3-2021.10-x86_64-linux/gcc-arm-none-eabi-10.3-2021.10/bin/../lib/gcc/arm-none-eabi/10.3.1/../../../../arm-none-eabi/lib/thumb/v6-m/nofp/libc.a(lib_a-signalr.o)
                0x0000000000008dc4                _getpid_r
 *(.rodata)
 .rodata        0x0000000000008dcc       0x40 /home/tulip/gcc-arm-none-eabi-10.3-2021.10-x86_64-linux/gcc-arm-none-eabi-10.3-2021.10/bin/../lib/gcc/arm-none-eabi/10.3.1/thumb/v6-m/nofp/libgcc.a(divdf3.o)
 .rodata        0x0000000000008e0c       0x40 /home/tulip/gcc-arm-none-eabi-10.3-2021.10-x86_64-linux/gcc-arm-none-eabi-10.3-2021.10/bin/../lib/gcc/arm-none-eabi/10.3.1/thumb/v6-m/nofp/libgcc.a(muldf3.o)
 *(.rodata.*)
 .rodata.show_pdu_data.str1.4
                0x0000000000008e4c       0x2c build/ble.o
 .rodata.ble_init.str1.4
                0x0000000000008e78       0x22 build/ble_phy.o
 *fill*         0x0000000000008e9a        0x2 ff
 .rodata.ble_start_rx.str1.4
                0x0000000000008e9c       0x1e build/ble_phy.o
 *fill*         0x0000000000008eba        0x2 ff
 .rodata.CSWTCH.20
                0x0000000000008ebc        0x3 build/ble_phy.o
 *fill*         0x0000000000008ebf        0x1 ff
 .rodata.update_device.str1.4
                0x0000000000008ec0       0x2b build/device_store.o
 *fill*         0x0000000000008eeb        0x1 ff
 .rodata.print_detected_devices.str1.4
                0x0000000000008eec       0x7b build/device_store.o
 *fill*         0x0000000000008f67        0x1 ff
 .rodata.LED1   0x0000000000008f68        0x4 build/leds.o
                0x0000000000008f68                LED1
 .rodata.LED3   0x0000000000008f6c        0x4 build/leds.o
                0x0000000000008f6c                LED3
 .rodata.LED4   0x0000000000008f70        0x4 build/leds.o
                0x0000000000008f70                LED4
 .rodata.main.str1.4
                0x0000000000008f74       0x44 build/Main.o
 .rodata._vfprintf_r.str1.4
                0x0000000000008fb8       0x42 /home/tulip/gcc-arm-none-eabi-10.3-2021.10-x86_64-linux/gcc-arm-none-eabi-10.3-2021.10/bin/../lib/gcc/arm-none-eabi/10.3.1/../../../../arm-none-eabi/lib/thumb/v6-m/nofp/libc.a(lib_a-vfprintf.o)
 *fill*         0x0000000000008ffa        0x2 ff
 .rodata._vfprintf_r
                0x0000000000008ffc      0x16c /home/tulip/gcc-arm-none-eabi-10.3-2021.10-x86_64-linux/gcc-arm-none-eabi-10.3-2021.10/bin/../lib/gcc/arm-none-eabi/10.3.1/../../../../arm-none-eabi/lib/thumb/v6-m/nofp/libc.a(lib_a-vfprintf.o)
 .rodata.blanks.1
                0x0000000000009168       0x10 /home/tulip/gcc-arm-none-eabi-10.3-2021.10-x86_64-linux/gcc-arm-none-eabi-10.3-2021.10/bin/../lib/gcc/arm-none-eabi/10.3.1/../../../../arm-none-eabi/lib/thumb/v6-m/nofp/libc.a(lib_a-vfprintf.o)
 .rodata.zeroes.0
                0x0000000000009178       0x10 /home/tulip/gcc-arm-none-eabi-10.3-2021.10-x86_64-linux/gcc-arm-none-eabi-10.3-2021.10/bin/../lib/gcc/arm-none-eabi/10.3.1/../../../../arm-none-eabi/lib/thumb/v6-m/nofp/libc.a(lib_a-vfprintf.o)
 .rodata._dtoa_r.str1.4
                0x0000000000009188       0xa2 /home/tulip/gcc-arm-none-eabi-10.3-2021.10-x86_64-linux/gcc-arm-none-eabi-10.3-2021.10/bin/../lib/gcc/arm-none-eabi/10.3.1/../../../../arm-none-eabi/lib/thumb/v6-m/nofp/libc.a(lib_a-dtoa.o)
                                         0xa6 (size before relaxing)
 *fill*         0x000000000000922a        0x2 ff
 .rodata.__multadd.str1.4
                0x000000000000922c       0x7f /home/tulip/gcc-arm-none-eabi-10.3-2021.10-x86_64-linux/gcc-arm-none-eabi-10.3-2021.10/bin/../lib/gcc/arm-none-eabi/10.3.1/../../../../arm-none-eabi/lib/thumb/v6-m/nofp/libc.a(lib_a-mprec.o)
                                         0x93 (size before relaxing)
 *fill*         0x00000000000092ab        0x5 ff
 .rodata.__mprec_bigtens
                0x00000000000092b0       0x28 /home/tulip/gcc-arm-none-eabi-10.3-2021.10-x86_64-linux/gcc-arm-none-eabi-10.3-2021.10/bin/../lib/gcc/arm-none-eabi/10.3.1/../../../../arm-none-eabi/lib/thumb/v6-m/nofp/libc.a(lib_a-mprec.o)
                0x00000000000092b0                __mprec_bigtens
 .rodata.__mprec_tens
                0x00000000000092d8       0xc8 /home/tulip/gcc-arm-none-eabi-10.3-2021.10-x86_64-linux/gcc-arm-none-eabi-10.3-2021.10/bin/../lib/gcc/arm-none-eabi/10.3.1/../../../../arm-none-eabi/lib/thumb/v6-m/nofp/libc.a(lib_a-mprec.o)
                0x00000000000092d8                __mprec_tens
 .rodata.p05.0  0x00000000000093a0        0xc /home/tulip/gcc-arm-none-eabi-10.3-2021.10-x86_64-linux/gcc-arm-none-eabi-10.3-2021.10/bin/../lib/gcc/arm-none-eabi/10.3.1/../../../../arm-none-eabi/lib/thumb/v6-m/nofp/libc.a(lib_a-mprec.o)
 .rodata._vfiprintf_r.str1.4
                0x00000000000093ac       0x2f /home/tulip/gcc-arm-none-eabi-10.3-2021.10-x86_64-linux/gcc-arm-none-eabi-10.3-2021.10/bin/../lib/gcc/arm-none-eabi/10.3.1/../../../../arm-none-eabi/lib/thumb/v6-m/nofp/libc.a(lib_a-vfiprintf.o)
 .rodata._vfiprintf_r
                0x00000000000093ac      0x16c /home/tulip/gcc-arm-none-eabi-10.3-2021.10-x86_64-linux/gcc-arm-none-eabi-10.3-2021.10/bin/../lib/gcc/arm-none-eabi/10.3.1/../../../../arm-none-eabi/lib/thumb/v6-m/nofp/libc.a(lib_a-vfiprintf.o)
 .rodata.blanks.1
                0x0000000000009518       0x10 /home/tulip/gcc-arm-none-eabi-10.3-2021.10-x86_64-linux/gcc-arm-none-eabi-10.3-2021.10/bin/../lib/gcc/arm-none-eabi/10.3.1/../../../../arm-none-eabi/lib/thumb/v6-m/nofp/libc.a(lib_a-vfiprintf.o)
 .rodata.zeroes.0
                0x0000000000009528       0x10 /home/tulip/gcc-arm-none-eabi-10.3-2021.10-x86_64-linux/gcc-arm-none-eabi-10.3-2021.10/bin/../lib/gcc/arm-none-eabi/10.3.1/../../../../arm-none-eabi/lib/thumb/v6-m/nofp/libc.a(lib_a-vfiprintf.o)
 .rodata.__assert_func.str1.4
                0x0000000000009538       0x3f /home/tulip/gcc-arm-none-eabi-10.3-2021.10-x86_64-linux/gcc-arm-none-eabi-10.3-2021.10/bin/../lib/gcc/arm-none-eabi/10.3.1/../../../../arm-none-eabi/lib/thumb/v6-m/nofp/libc.a(lib_a-assert.o)
                                         0x43 (size before relaxing)
 *fill*         0x0000000000009577        0x1 ff
 .rodata._setlocale_r.str1.4
                0x0000000000009578        0xa /home/tulip/gcc-arm-none-eabi-10.3-2021.10-x86_64-linux/gcc-arm-none-eabi-10.3-2021.10/bin/../lib/gcc/arm-none-eabi/10.3.1/../../../../arm-none-eabi/lib/thumb/v6-m/nofp/libc.a(lib_a-locale.o)
                                          0xd (size before relaxing)
 *fill*         0x0000000000009582        0x2 ff
 .rodata.str1.4
                0x0000000000009584        0x2 /home/tulip/gcc-arm-none-eabi-10.3-2021.10-x86_64-linux/gcc-arm-none-eabi-10.3-2021.10/bin/../lib/gcc/arm-none-eabi/10.3.1/../../../../arm-none-eabi/lib/thumb/v6-m/nofp/libc.a(lib_a-locale.o)
 *fill*         0x0000000000009586        0x2 ff
 .rodata._ctype_
                0x0000000000009588      0x101 /home/tulip/gcc-arm-none-eabi-10.3-2021.10-x86_64-linux/gcc-arm-none-eabi-10.3-2021.10/bin/../lib/gcc/arm-none-eabi/10.3.1/../../../../arm-none-eabi/lib/thumb/v6-m/nofp/libc.a(lib_a-ctype_.o)
                0x0000000000009588                _ctype_
                0x000000000000968c                . = ALIGN (0x4)
 *fill*         0x0000000000009689        0x3 ff
                0x000000000000968c                _etext = .
                0x000000000000968c                _sidata = _etext

.glue_7         0x000000000000968c        0x0
 .glue_7        0x000000000000968c        0x0 linker stubs

.glue_7t        0x000000000000968c        0x0
 .glue_7t       0x000000000000968c        0x0 linker stubs

.vfp11_veneer   0x000000000000968c        0x0
 .vfp11_veneer  0x000000000000968c        0x0 linker stubs

.v4_bx          0x000000000000968c        0x0
 .v4_bx         0x000000000000968c        0x0 linker stubs

.iplt           0x000000000000968c        0x0
 .iplt          0x000000000000968c        0x0 build/ble.o

.rel.dyn        0x000000000000968c        0x0
 .rel.iplt      0x000000000000968c        0x0 build/ble.o

.data           0x0000000020000000      0x9ac load address 0x000000000000968c
                0x0000000020000000                . = ALIGN (0x4)
                0x0000000020000000                _sdata = .
 *(.data)
 *(.data.*)
 .data._impure_ptr
                0x0000000020000000        0x4 /home/tulip/gcc-arm-none-eabi-10.3-2021.10-x86_64-linux/gcc-arm-none-eabi-10.3-2021.10/bin/../lib/gcc/arm-none-eabi/10.3.1/../../../../arm-none-eabi/lib/thumb/v6-m/nofp/libc.a(lib_a-impure.o)
                0x0000000020000000                _impure_ptr
 *fill*         0x0000000020000004        0x4 00000000
 .data.impure_data
                0x0000000020000008      0x428 /home/tulip/gcc-arm-none-eabi-10.3-2021.10-x86_64-linux/gcc-arm-none-eabi-10.3-2021.10/bin/../lib/gcc/arm-none-eabi/10.3.1/../../../../arm-none-eabi/lib/thumb/v6-m/nofp/libc.a(lib_a-impure.o)
 .data.__malloc_av_
                0x0000000020000430      0x408 /home/tulip/gcc-arm-none-eabi-10.3-2021.10-x86_64-linux/gcc-arm-none-eabi-10.3-2021.10/bin/../lib/gcc/arm-none-eabi/10.3.1/../../../../arm-none-eabi/lib/thumb/v6-m/nofp/libc.a(lib_a-mallocr.o)
                0x0000000020000430                __malloc_av_
 .data.__malloc_sbrk_base
                0x0000000020000838        0x4 /home/tulip/gcc-arm-none-eabi-10.3-2021.10-x86_64-linux/gcc-arm-none-eabi-10.3-2021.10/bin/../lib/gcc/arm-none-eabi/10.3.1/../../../../arm-none-eabi/lib/thumb/v6-m/nofp/libc.a(lib_a-mallocr.o)
                0x0000000020000838                __malloc_sbrk_base
 .data.__malloc_trim_threshold
                0x000000002000083c        0x4 /home/tulip/gcc-arm-none-eabi-10.3-2021.10-x86_64-linux/gcc-arm-none-eabi-10.3-2021.10/bin/../lib/gcc/arm-none-eabi/10.3.1/../../../../arm-none-eabi/lib/thumb/v6-m/nofp/libc.a(lib_a-mallocr.o)
                0x000000002000083c                __malloc_trim_threshold
 .data.__global_locale
                0x0000000020000840      0x16c /home/tulip/gcc-arm-none-eabi-10.3-2021.10-x86_64-linux/gcc-arm-none-eabi-10.3-2021.10/bin/../lib/gcc/arm-none-eabi/10.3.1/../../../../arm-none-eabi/lib/thumb/v6-m/nofp/libc.a(lib_a-locale.o)
                0x0000000020000840                __global_locale
                0x00000000200009ac                . = ALIGN (0x4)
                0x00000000200009ac                _edata = .

.igot.plt       0x00000000200009ac        0x0 load address 0x000000000000a038
 .igot.plt      0x00000000200009ac        0x0 build/ble.o

.bss            0x00000000200009ac     0x1c68 load address 0x000000000000a038
                0x00000000200009ac                . = ALIGN (0x4)
                0x00000000200009ac                _sbss = .
 *(.bss)
 *(.bss.*)
 .bss.rx_pdu_buffer
                0x00000000200009ac        0x4 build/ble.o
 .bss.rx_fifo   0x00000000200009b0      0xa18 build/ble_phy.o
                0x00000000200009b0                rx_fifo
 .bss.rx_pdu_buffer
                0x00000000200013c8       0xff build/ble_phy.o
 *fill*         0x00000000200014c7        0x1 
 .bss.device_last_reception_time
                0x00000000200014c8       0x50 build/device_store.o
                0x00000000200014c8                device_last_reception_time
 .bss.device_mac
                0x0000000020001518       0x78 build/device_store.o
                0x0000000020001518                device_mac
 .bss.device_name
                0x0000000020001590      0x7d0 build/device_store.o
                0x0000000020001590                device_name
 .bss.device_previous_reception_time
                0x0000000020001d60       0x50 build/device_store.o
                0x0000000020001d60                device_previous_reception_time
 .bss.device_rssi
                0x0000000020001db0       0x14 build/device_store.o
                0x0000000020001db0                device_rssi
 .bss.stored_devices
                0x0000000020001dc4        0x1 build/device_store.o
                0x0000000020001dc4                stored_devices
 *fill*         0x0000000020001dc5        0x3 
 .bss.heap.0    0x0000000020001dc8      0x800 build/stdlib_impl.o
 .bss.last.1    0x00000000200025c8        0x2 build/stdlib_impl.o
 *fill*         0x00000000200025ca        0x2 
 .bss.ms_counter
                0x00000000200025cc        0x4 build/timer.o
                0x00000000200025cc                ms_counter
 .bss.errno     0x00000000200025d0        0x4 /home/tulip/gcc-arm-none-eabi-10.3-2021.10-x86_64-linux/gcc-arm-none-eabi-10.3-2021.10/bin/../lib/gcc/arm-none-eabi/10.3.1/../../../../arm-none-eabi/lib/thumb/v6-m/nofp/libc.a(lib_a-reent.o)
                0x00000000200025d0                errno
 .bss.__lock___malloc_recursive_mutex
                0x00000000200025d4        0x1 /home/tulip/gcc-arm-none-eabi-10.3-2021.10-x86_64-linux/gcc-arm-none-eabi-10.3-2021.10/bin/../lib/gcc/arm-none-eabi/10.3.1/../../../../arm-none-eabi/lib/thumb/v6-m/nofp/libc.a(lib_a-lock.o)
                0x00000000200025d4                __lock___malloc_recursive_mutex
 *fill*         0x00000000200025d5        0x3 
 .bss.__lock___sfp_recursive_mutex
                0x00000000200025d8        0x1 /home/tulip/gcc-arm-none-eabi-10.3-2021.10-x86_64-linux/gcc-arm-none-eabi-10.3-2021.10/bin/../lib/gcc/arm-none-eabi/10.3.1/../../../../arm-none-eabi/lib/thumb/v6-m/nofp/libc.a(lib_a-lock.o)
                0x00000000200025d8                __lock___sfp_recursive_mutex
 *fill*         0x00000000200025d9        0x3 
 .bss.__lock___sinit_recursive_mutex
                0x00000000200025dc        0x1 /home/tulip/gcc-arm-none-eabi-10.3-2021.10-x86_64-linux/gcc-arm-none-eabi-10.3-2021.10/bin/../lib/gcc/arm-none-eabi/10.3.1/../../../../arm-none-eabi/lib/thumb/v6-m/nofp/libc.a(lib_a-lock.o)
                0x00000000200025dc                __lock___sinit_recursive_mutex
 *fill*         0x00000000200025dd        0x3 
 .bss.__malloc_current_mallinfo
                0x00000000200025e0       0x28 /home/tulip/gcc-arm-none-eabi-10.3-2021.10-x86_64-linux/gcc-arm-none-eabi-10.3-2021.10/bin/../lib/gcc/arm-none-eabi/10.3.1/../../../../arm-none-eabi/lib/thumb/v6-m/nofp/libc.a(lib_a-mallocr.o)
                0x00000000200025e0                __malloc_current_mallinfo
 .bss.__malloc_max_sbrked_mem
                0x0000000020002608        0x4 /home/tulip/gcc-arm-none-eabi-10.3-2021.10-x86_64-linux/gcc-arm-none-eabi-10.3-2021.10/bin/../lib/gcc/arm-none-eabi/10.3.1/../../../../arm-none-eabi/lib/thumb/v6-m/nofp/libc.a(lib_a-mallocr.o)
                0x0000000020002608                __malloc_max_sbrked_mem
 .bss.__malloc_max_total_mem
                0x000000002000260c        0x4 /home/tulip/gcc-arm-none-eabi-10.3-2021.10-x86_64-linux/gcc-arm-none-eabi-10.3-2021.10/bin/../lib/gcc/arm-none-eabi/10.3.1/../../../../arm-none-eabi/lib/thumb/v6-m/nofp/libc.a(lib_a-mallocr.o)
                0x000000002000260c                __malloc_max_total_mem
 .bss.__malloc_top_pad
                0x0000000020002610        0x4 /home/tulip/gcc-arm-none-eabi-10.3-2021.10-x86_64-linux/gcc-arm-none-eabi-10.3-2021.10/bin/../lib/gcc/arm-none-eabi/10.3.1/../../../../arm-none-eabi/lib/thumb/v6-m/nofp/libc.a(lib_a-mallocr.o)
                0x0000000020002610                __malloc_top_pad
 *(COMMON)
                0x0000000020002614                . = ALIGN (0x4)
                0x0000000020002614                _ebss = .
                0x0000000020008000                _estack = ((ORIGIN (RAM) + LENGTH (RAM)) & 0xfffffffc)
                0x0000000000000001                ASSERT (((_ebss + _minimum_stack_size) <= _estack), There is not enough space in RAM for stack.)

/DISCARD/
 *(.ARM.exidx*)
                [!provide]                        PROVIDE (end = _ebss)
OUTPUT(outputs/output.elf elf32-littlearm)
LOAD linker stubs

.debug_info     0x0000000000000000     0x390a
 .debug_info    0x0000000000000000      0x733 build/ble.o
 .debug_info    0x0000000000000733      0xe41 build/ble_phy.o
 .debug_info    0x0000000000001574      0x55b build/device_store.o
 .debug_info    0x0000000000001acf      0x2f6 build/leds.o
 .debug_info    0x0000000000001dc5      0x8e1 build/Main.o
 .debug_info    0x00000000000026a6      0x141 build/startup.o
 .debug_info    0x00000000000027e7      0x58e build/stdlib_impl.o
 .debug_info    0x0000000000002d75      0x66c build/timer.o
 .debug_info    0x00000000000033e1      0x529 build/uart.o

.debug_abbrev   0x0000000000000000     0x10b2
 .debug_abbrev  0x0000000000000000      0x1b0 build/ble.o
 .debug_abbrev  0x00000000000001b0      0x337 build/ble_phy.o
 .debug_abbrev  0x00000000000004e7      0x1c0 build/device_store.o
 .debug_abbrev  0x00000000000006a7      0x1a8 build/leds.o
 .debug_abbrev  0x000000000000084f      0x2db build/Main.o
 .debug_abbrev  0x0000000000000b2a       0xfa build/startup.o
 .debug_abbrev  0x0000000000000c24      0x19d build/stdlib_impl.o
 .debug_abbrev  0x0000000000000dc1      0x1e3 build/timer.o
 .debug_abbrev  0x0000000000000fa4      0x10e build/uart.o

.debug_loc      0x0000000000000000     0x11d2
 .debug_loc     0x0000000000000000      0x99c build/ble.o
 .debug_loc     0x000000000000099c      0x188 build/ble_phy.o
 .debug_loc     0x0000000000000b24      0x313 build/device_store.o
 .debug_loc     0x0000000000000e37       0x92 build/leds.o
 .debug_loc     0x0000000000000ec9       0xbe build/Main.o
 .debug_loc     0x0000000000000f87      0x1f3 build/stdlib_impl.o
 .debug_loc     0x000000000000117a       0x58 build/timer.o

.debug_aranges  0x0000000000000000      0x1d8
 .debug_aranges
                0x0000000000000000       0x28 build/ble.o
 .debug_aranges
                0x0000000000000028       0x30 build/ble_phy.o
 .debug_aranges
                0x0000000000000058       0x38 build/device_store.o
 .debug_aranges
                0x0000000000000090       0x28 build/leds.o
 .debug_aranges
                0x00000000000000b8       0x38 build/Main.o
 .debug_aranges
                0x00000000000000f0       0x28 build/startup.o
 .debug_aranges
                0x0000000000000118       0x68 build/stdlib_impl.o
 .debug_aranges
                0x0000000000000180       0x30 build/timer.o
 .debug_aranges
                0x00000000000001b0       0x28 build/uart.o

.debug_ranges   0x0000000000000000      0x3f8
 .debug_ranges  0x0000000000000000      0x168 build/ble.o
 .debug_ranges  0x0000000000000168       0x38 build/ble_phy.o
 .debug_ranges  0x00000000000001a0       0x80 build/device_store.o
 .debug_ranges  0x0000000000000220       0x30 build/leds.o
 .debug_ranges  0x0000000000000250       0xe8 build/Main.o
 .debug_ranges  0x0000000000000338       0x18 build/startup.o
 .debug_ranges  0x0000000000000350       0x58 build/stdlib_impl.o
 .debug_ranges  0x00000000000003a8       0x38 build/timer.o
 .debug_ranges  0x00000000000003e0       0x18 build/uart.o

.debug_macro    0x0000000000000000     0x97d6
 .debug_macro   0x0000000000000000      0x24e build/ble.o
 .debug_macro   0x000000000000024e      0xa3c build/ble.o
 .debug_macro   0x0000000000000c8a       0x22 build/ble.o
 .debug_macro   0x0000000000000cac       0x8e build/ble.o
 .debug_macro   0x0000000000000d3a       0x51 build/ble.o
 .debug_macro   0x0000000000000d8b      0x103 build/ble.o
 .debug_macro   0x0000000000000e8e       0x6a build/ble.o
 .debug_macro   0x0000000000000ef8      0x1df build/ble.o
 .debug_macro   0x00000000000010d7       0x22 build/ble.o
 .debug_macro   0x00000000000010f9       0x64 build/ble.o
 .debug_macro   0x000000000000115d       0x18 build/ble.o
 .debug_macro   0x0000000000001175       0x35 build/ble.o
 .debug_macro   0x00000000000011aa       0x34 build/ble.o
 .debug_macro   0x00000000000011de       0x16 build/ble.o
 .debug_macro   0x00000000000011f4       0x97 build/ble.o
 .debug_macro   0x000000000000128b      0x341 build/ble.o
 .debug_macro   0x00000000000015cc       0xfd build/ble.o
 .debug_macro   0x00000000000016c9       0x10 build/ble.o
 .debug_macro   0x00000000000016d9       0x16 build/ble.o
 .debug_macro   0x00000000000016ef       0x43 build/ble.o
 .debug_macro   0x0000000000001732       0x34 build/ble.o
 .debug_macro   0x0000000000001766       0x10 build/ble.o
 .debug_macro   0x0000000000001776       0x58 build/ble.o
 .debug_macro   0x00000000000017ce      0x182 build/ble.o
 .debug_macro   0x0000000000001950       0x10 build/ble.o
 .debug_macro   0x0000000000001960       0x1c build/ble.o
 .debug_macro   0x000000000000197c       0x52 build/ble.o
 .debug_macro   0x00000000000019ce       0x22 build/ble.o
 .debug_macro   0x00000000000019f0       0x10 build/ble.o
 .debug_macro   0x0000000000001a00       0x52 build/ble.o
 .debug_macro   0x0000000000001a52       0xd5 build/ble.o
 .debug_macro   0x0000000000001b27       0x1c build/ble.o
 .debug_macro   0x0000000000001b43       0x3d build/ble.o
 .debug_macro   0x0000000000001b80       0x16 build/ble.o
 .debug_macro   0x0000000000001b96      0x16f build/ble.o
 .debug_macro   0x0000000000001d05       0x16 build/ble.o
 .debug_macro   0x0000000000001d1b       0x35 build/ble.o
 .debug_macro   0x0000000000001d50       0x22 build/ble.o
 .debug_macro   0x0000000000001d72       0x3a build/ble.o
 .debug_macro   0x0000000000001dac       0x26 build/ble.o
 .debug_macro   0x0000000000001dd2      0x30d build/ble.o
 .debug_macro   0x00000000000020df      0x1b6 build/ble.o
 .debug_macro   0x0000000000002295     0x6504 build/ble.o
 .debug_macro   0x0000000000008799      0x258 build/ble_phy.o
 .debug_macro   0x00000000000089f1       0x5e build/ble_phy.o
 .debug_macro   0x0000000000008a4f       0x94 build/ble_phy.o
 .debug_macro   0x0000000000008ae3       0x57 build/ble_phy.o
 .debug_macro   0x0000000000008b3a       0x34 build/ble_phy.o
 .debug_macro   0x0000000000008b6e      0x20c build/device_store.o
 .debug_macro   0x0000000000008d7a       0xb1 build/leds.o
 .debug_macro   0x0000000000008e2b      0x24b build/Main.o
 .debug_macro   0x0000000000009076       0x17 build/startup.o
 .debug_macro   0x000000000000908d      0x1f0 build/stdlib_impl.o
 .debug_macro   0x000000000000927d       0x10 build/stdlib_impl.o
 .debug_macro   0x000000000000928d      0x241 build/stdlib_impl.o
 .debug_macro   0x00000000000094ce       0x16 build/stdlib_impl.o
 .debug_macro   0x00000000000094e4       0x10 build/stdlib_impl.o
 .debug_macro   0x00000000000094f4       0x10 build/stdlib_impl.o
 .debug_macro   0x0000000000009504       0x35 build/stdlib_impl.o
 .debug_macro   0x0000000000009539      0x12c build/stdlib_impl.o
 .debug_macro   0x0000000000009665       0xba build/timer.o
 .debug_macro   0x000000000000971f       0xb7 build/uart.o

.debug_line     0x0000000000000000     0x2d5c
 .debug_line    0x0000000000000000      0x6c9 build/ble.o
 .debug_line    0x00000000000006c9      0x7e9 build/ble_phy.o
 .debug_line    0x0000000000000eb2      0x6c1 build/device_store.o
 .debug_line    0x0000000000001573      0x3a2 build/leds.o
 .debug_line    0x0000000000001915      0x6ba build/Main.o
 .debug_line    0x0000000000001fcf       0xba build/startup.o
 .debug_line    0x0000000000002089      0x575 build/stdlib_impl.o
 .debug_line    0x00000000000025fe      0x3e4 build/timer.o
 .debug_line    0x00000000000029e2      0x37a build/uart.o

.debug_str      0x0000000000000000    0x2c429
 .debug_str     0x0000000000000000    0x2ad50 build/ble.o
                                      0x2af66 (size before relaxing)
 .debug_str     0x000000000002ad50      0x672 build/ble_phy.o
                                      0x2b521 (size before relaxing)
 .debug_str     0x000000000002b3c2      0x13e build/device_store.o
                                       0x786f (size before relaxing)
 .debug_str     0x000000000002b500       0x66 build/leds.o
                                      0x272fe (size before relaxing)
 .debug_str     0x000000000002b566      0x17a build/Main.o
                                      0x2b2e9 (size before relaxing)
 .debug_str     0x000000000002b6e0       0x9b build/startup.o
                                       0x2c96 (size before relaxing)
 .debug_str     0x000000000002b77b      0xb2c build/stdlib_impl.o
                                       0x781d (size before relaxing)
 .debug_str     0x000000000002c2a7       0x8a build/timer.o
                                      0x27601 (size before relaxing)
 .debug_str     0x000000000002c331       0xf8 build/uart.o
                                      0x27440 (size before relaxing)

.comment        0x0000000000000000       0x49
 .comment       0x0000000000000000       0x49 build/ble.o
                                         0x4a (size before relaxing)
 .comment       0x0000000000000049       0x4a build/ble_phy.o
 .comment       0x0000000000000049       0x4a build/device_store.o
 .comment       0x0000000000000049       0x4a build/leds.o
 .comment       0x0000000000000049       0x4a build/Main.o
 .comment       0x0000000000000049       0x4a build/startup.o
 .comment       0x0000000000000049       0x4a build/stdlib_impl.o
 .comment       0x0000000000000049       0x4a build/timer.o
 .comment       0x0000000000000049       0x4a build/uart.o

.ARM.attributes
                0x0000000000000000       0x2a
 .ARM.attributes
                0x0000000000000000       0x2c build/ble.o
 .ARM.attributes
                0x000000000000002c       0x2c build/ble_phy.o
 .ARM.attributes
                0x0000000000000058       0x2c build/device_store.o
 .ARM.attributes
                0x0000000000000084       0x2c build/leds.o
 .ARM.attributes
                0x00000000000000b0       0x2c build/Main.o
 .ARM.attributes
                0x00000000000000dc       0x2c build/startup.o
 .ARM.attributes
                0x0000000000000108       0x2c build/stdlib_impl.o
 .ARM.attributes
                0x0000000000000134       0x2c build/timer.o
 .ARM.attributes
                0x0000000000000160       0x2c build/uart.o
 .ARM.attributes
                0x000000000000018c       0x2c /home/tulip/gcc-arm-none-eabi-10.3-2021.10-x86_64-linux/gcc-arm-none-eabi-10.3-2021.10/bin/../lib/gcc/arm-none-eabi/10.3.1/../../../../arm-none-eabi/lib/thumb/v6-m/nofp/libc.a(lib_a-memcmp.o)
 .ARM.attributes
                0x00000000000001b8       0x2c /home/tulip/gcc-arm-none-eabi-10.3-2021.10-x86_64-linux/gcc-arm-none-eabi-10.3-2021.10/bin/../lib/gcc/arm-none-eabi/10.3.1/../../../../arm-none-eabi/lib/thumb/v6-m/nofp/libc.a(lib_a-memcpy-stub.o)
 .ARM.attributes
                0x00000000000001e4       0x2c /home/tulip/gcc-arm-none-eabi-10.3-2021.10-x86_64-linux/gcc-arm-none-eabi-10.3-2021.10/bin/../lib/gcc/arm-none-eabi/10.3.1/../../../../arm-none-eabi/lib/thumb/v6-m/nofp/libc.a(lib_a-memset.o)
 .ARM.attributes
                0x0000000000000210       0x2c /home/tulip/gcc-arm-none-eabi-10.3-2021.10-x86_64-linux/gcc-arm-none-eabi-10.3-2021.10/bin/../lib/gcc/arm-none-eabi/10.3.1/../../../../arm-none-eabi/lib/thumb/v6-m/nofp/libc.a(lib_a-printf.o)
 .ARM.attributes
                0x000000000000023c       0x2c /home/tulip/gcc-arm-none-eabi-10.3-2021.10-x86_64-linux/gcc-arm-none-eabi-10.3-2021.10/bin/../lib/gcc/arm-none-eabi/10.3.1/../../../../arm-none-eabi/lib/thumb/v6-m/nofp/libc.a(lib_a-reent.o)
 .ARM.attributes
                0x0000000000000268       0x2c /home/tulip/gcc-arm-none-eabi-10.3-2021.10-x86_64-linux/gcc-arm-none-eabi-10.3-2021.10/bin/../lib/gcc/arm-none-eabi/10.3.1/../../../../arm-none-eabi/lib/thumb/v6-m/nofp/libc.a(lib_a-vfprintf.o)
 .ARM.attributes
                0x0000000000000294       0x2c /home/tulip/gcc-arm-none-eabi-10.3-2021.10-x86_64-linux/gcc-arm-none-eabi-10.3-2021.10/bin/../lib/gcc/arm-none-eabi/10.3.1/../../../../arm-none-eabi/lib/thumb/v6-m/nofp/libc.a(lib_a-wsetup.o)
 .ARM.attributes
                0x00000000000002c0       0x2c /home/tulip/gcc-arm-none-eabi-10.3-2021.10-x86_64-linux/gcc-arm-none-eabi-10.3-2021.10/bin/../lib/gcc/arm-none-eabi/10.3.1/../../../../arm-none-eabi/lib/thumb/v6-m/nofp/libc.a(lib_a-dtoa.o)
 .ARM.attributes
                0x00000000000002ec       0x2c /home/tulip/gcc-arm-none-eabi-10.3-2021.10-x86_64-linux/gcc-arm-none-eabi-10.3-2021.10/bin/../lib/gcc/arm-none-eabi/10.3.1/../../../../arm-none-eabi/lib/thumb/v6-m/nofp/libc.a(lib_a-fflush.o)
 .ARM.attributes
                0x0000000000000318       0x2c /home/tulip/gcc-arm-none-eabi-10.3-2021.10-x86_64-linux/gcc-arm-none-eabi-10.3-2021.10/bin/../lib/gcc/arm-none-eabi/10.3.1/../../../../arm-none-eabi/lib/thumb/v6-m/nofp/libc.a(lib_a-findfp.o)
 .ARM.attributes
                0x0000000000000344       0x2c /home/tulip/gcc-arm-none-eabi-10.3-2021.10-x86_64-linux/gcc-arm-none-eabi-10.3-2021.10/bin/../lib/gcc/arm-none-eabi/10.3.1/../../../../arm-none-eabi/lib/thumb/v6-m/nofp/libc.a(lib_a-freer.o)
 .ARM.attributes
                0x0000000000000370       0x2c /home/tulip/gcc-arm-none-eabi-10.3-2021.10-x86_64-linux/gcc-arm-none-eabi-10.3-2021.10/bin/../lib/gcc/arm-none-eabi/10.3.1/../../../../arm-none-eabi/lib/thumb/v6-m/nofp/libc.a(lib_a-fwalk.o)
 .ARM.attributes
                0x000000000000039c       0x2c /home/tulip/gcc-arm-none-eabi-10.3-2021.10-x86_64-linux/gcc-arm-none-eabi-10.3-2021.10/bin/../lib/gcc/arm-none-eabi/10.3.1/../../../../arm-none-eabi/lib/thumb/v6-m/nofp/libc.a(lib_a-impure.o)
 .ARM.attributes
                0x00000000000003c8       0x2c /home/tulip/gcc-arm-none-eabi-10.3-2021.10-x86_64-linux/gcc-arm-none-eabi-10.3-2021.10/bin/../lib/gcc/arm-none-eabi/10.3.1/../../../../arm-none-eabi/lib/thumb/v6-m/nofp/libc.a(lib_a-localeconv.o)
 .ARM.attributes
                0x00000000000003f4       0x2c /home/tulip/gcc-arm-none-eabi-10.3-2021.10-x86_64-linux/gcc-arm-none-eabi-10.3-2021.10/bin/../lib/gcc/arm-none-eabi/10.3.1/../../../../arm-none-eabi/lib/thumb/v6-m/nofp/libc.a(lib_a-lock.o)
 .ARM.attributes
                0x0000000000000420       0x2c /home/tulip/gcc-arm-none-eabi-10.3-2021.10-x86_64-linux/gcc-arm-none-eabi-10.3-2021.10/bin/../lib/gcc/arm-none-eabi/10.3.1/../../../../arm-none-eabi/lib/thumb/v6-m/nofp/libc.a(lib_a-makebuf.o)
 .ARM.attributes
                0x000000000000044c       0x2c /home/tulip/gcc-arm-none-eabi-10.3-2021.10-x86_64-linux/gcc-arm-none-eabi-10.3-2021.10/bin/../lib/gcc/arm-none-eabi/10.3.1/../../../../arm-none-eabi/lib/thumb/v6-m/nofp/libc.a(lib_a-mallocr.o)
 .ARM.attributes
                0x0000000000000478       0x2c /home/tulip/gcc-arm-none-eabi-10.3-2021.10-x86_64-linux/gcc-arm-none-eabi-10.3-2021.10/bin/../lib/gcc/arm-none-eabi/10.3.1/../../../../arm-none-eabi/lib/thumb/v6-m/nofp/libc.a(lib_a-memchr-stub.o)
 .ARM.attributes
                0x00000000000004a4       0x2c /home/tulip/gcc-arm-none-eabi-10.3-2021.10-x86_64-linux/gcc-arm-none-eabi-10.3-2021.10/bin/../lib/gcc/arm-none-eabi/10.3.1/../../../../arm-none-eabi/lib/thumb/v6-m/nofp/libc.a(lib_a-mlock.o)
 .ARM.attributes
                0x00000000000004d0       0x2c /home/tulip/gcc-arm-none-eabi-10.3-2021.10-x86_64-linux/gcc-arm-none-eabi-10.3-2021.10/bin/../lib/gcc/arm-none-eabi/10.3.1/../../../../arm-none-eabi/lib/thumb/v6-m/nofp/libc.a(lib_a-mprec.o)
 .ARM.attributes
                0x00000000000004fc       0x2c /home/tulip/gcc-arm-none-eabi-10.3-2021.10-x86_64-linux/gcc-arm-none-eabi-10.3-2021.10/bin/../lib/gcc/arm-none-eabi/10.3.1/../../../../arm-none-eabi/lib/thumb/v6-m/nofp/libc.a(lib_a-s_frexp.o)
 .ARM.attributes
                0x0000000000000528       0x2c /home/tulip/gcc-arm-none-eabi-10.3-2021.10-x86_64-linux/gcc-arm-none-eabi-10.3-2021.10/bin/../lib/gcc/arm-none-eabi/10.3.1/../../../../arm-none-eabi/lib/thumb/v6-m/nofp/libc.a(lib_a-sbrkr.o)
 .ARM.attributes
                0x0000000000000554       0x2c /home/tulip/gcc-arm-none-eabi-10.3-2021.10-x86_64-linux/gcc-arm-none-eabi-10.3-2021.10/bin/../lib/gcc/arm-none-eabi/10.3.1/../../../../arm-none-eabi/lib/thumb/v6-m/nofp/libc.a(lib_a-stdio.o)
 .ARM.attributes
                0x0000000000000580       0x2c /home/tulip/gcc-arm-none-eabi-10.3-2021.10-x86_64-linux/gcc-arm-none-eabi-10.3-2021.10/bin/../lib/gcc/arm-none-eabi/10.3.1/../../../../arm-none-eabi/lib/thumb/v6-m/nofp/libc.a(lib_a-strlen-stub.o)
 .ARM.attributes
                0x00000000000005ac       0x2c /home/tulip/gcc-arm-none-eabi-10.3-2021.10-x86_64-linux/gcc-arm-none-eabi-10.3-2021.10/bin/../lib/gcc/arm-none-eabi/10.3.1/../../../../arm-none-eabi/lib/thumb/v6-m/nofp/libc.a(lib_a-strncpy.o)
 .ARM.attributes
                0x00000000000005d8       0x2c /home/tulip/gcc-arm-none-eabi-10.3-2021.10-x86_64-linux/gcc-arm-none-eabi-10.3-2021.10/bin/../lib/gcc/arm-none-eabi/10.3.1/../../../../arm-none-eabi/lib/thumb/v6-m/nofp/libc.a(lib_a-vfiprintf.o)
 .ARM.attributes
                0x0000000000000604       0x2c /home/tulip/gcc-arm-none-eabi-10.3-2021.10-x86_64-linux/gcc-arm-none-eabi-10.3-2021.10/bin/../lib/gcc/arm-none-eabi/10.3.1/../../../../arm-none-eabi/lib/thumb/v6-m/nofp/libc.a(lib_a-writer.o)
 .ARM.attributes
                0x0000000000000630       0x2c /home/tulip/gcc-arm-none-eabi-10.3-2021.10-x86_64-linux/gcc-arm-none-eabi-10.3-2021.10/bin/../lib/gcc/arm-none-eabi/10.3.1/../../../../arm-none-eabi/lib/thumb/v6-m/nofp/libc.a(lib_a-assert.o)
 .ARM.attributes
                0x000000000000065c       0x2c /home/tulip/gcc-arm-none-eabi-10.3-2021.10-x86_64-linux/gcc-arm-none-eabi-10.3-2021.10/bin/../lib/gcc/arm-none-eabi/10.3.1/../../../../arm-none-eabi/lib/thumb/v6-m/nofp/libc.a(lib_a-callocr.o)
 .ARM.attributes
                0x0000000000000688       0x2c /home/tulip/gcc-arm-none-eabi-10.3-2021.10-x86_64-linux/gcc-arm-none-eabi-10.3-2021.10/bin/../lib/gcc/arm-none-eabi/10.3.1/../../../../arm-none-eabi/lib/thumb/v6-m/nofp/libc.a(lib_a-closer.o)
 .ARM.attributes
                0x00000000000006b4       0x2c /home/tulip/gcc-arm-none-eabi-10.3-2021.10-x86_64-linux/gcc-arm-none-eabi-10.3-2021.10/bin/../lib/gcc/arm-none-eabi/10.3.1/../../../../arm-none-eabi/lib/thumb/v6-m/nofp/libc.a(lib_a-errno.o)
 .ARM.attributes
                0x00000000000006e0       0x2c /home/tulip/gcc-arm-none-eabi-10.3-2021.10-x86_64-linux/gcc-arm-none-eabi-10.3-2021.10/bin/../lib/gcc/arm-none-eabi/10.3.1/../../../../arm-none-eabi/lib/thumb/v6-m/nofp/libc.a(lib_a-fclose.o)
 .ARM.attributes
                0x000000000000070c       0x2c /home/tulip/gcc-arm-none-eabi-10.3-2021.10-x86_64-linux/gcc-arm-none-eabi-10.3-2021.10/bin/../lib/gcc/arm-none-eabi/10.3.1/../../../../arm-none-eabi/lib/thumb/v6-m/nofp/libc.a(lib_a-fiprintf.o)
 .ARM.attributes
                0x0000000000000738       0x2c /home/tulip/gcc-arm-none-eabi-10.3-2021.10-x86_64-linux/gcc-arm-none-eabi-10.3-2021.10/bin/../lib/gcc/arm-none-eabi/10.3.1/../../../../arm-none-eabi/lib/thumb/v6-m/nofp/libc.a(lib_a-fputwc.o)
 .ARM.attributes
                0x0000000000000764       0x2c /home/tulip/gcc-arm-none-eabi-10.3-2021.10-x86_64-linux/gcc-arm-none-eabi-10.3-2021.10/bin/../lib/gcc/arm-none-eabi/10.3.1/../../../../arm-none-eabi/lib/thumb/v6-m/nofp/libc.a(lib_a-fstatr.o)
 .ARM.attributes
                0x0000000000000790       0x2c /home/tulip/gcc-arm-none-eabi-10.3-2021.10-x86_64-linux/gcc-arm-none-eabi-10.3-2021.10/bin/../lib/gcc/arm-none-eabi/10.3.1/../../../../arm-none-eabi/lib/thumb/v6-m/nofp/libc.a(lib_a-fvwrite.o)
 .ARM.attributes
                0x00000000000007bc       0x2c /home/tulip/gcc-arm-none-eabi-10.3-2021.10-x86_64-linux/gcc-arm-none-eabi-10.3-2021.10/bin/../lib/gcc/arm-none-eabi/10.3.1/../../../../arm-none-eabi/lib/thumb/v6-m/nofp/libc.a(lib_a-isattyr.o)
 .ARM.attributes
                0x00000000000007e8       0x2c /home/tulip/gcc-arm-none-eabi-10.3-2021.10-x86_64-linux/gcc-arm-none-eabi-10.3-2021.10/bin/../lib/gcc/arm-none-eabi/10.3.1/../../../../arm-none-eabi/lib/thumb/v6-m/nofp/libc.a(lib_a-locale.o)
 .ARM.attributes
                0x0000000000000814       0x2c /home/tulip/gcc-arm-none-eabi-10.3-2021.10-x86_64-linux/gcc-arm-none-eabi-10.3-2021.10/bin/../lib/gcc/arm-none-eabi/10.3.1/../../../../arm-none-eabi/lib/thumb/v6-m/nofp/libc.a(lib_a-lseekr.o)
 .ARM.attributes
                0x0000000000000840       0x2c /home/tulip/gcc-arm-none-eabi-10.3-2021.10-x86_64-linux/gcc-arm-none-eabi-10.3-2021.10/bin/../lib/gcc/arm-none-eabi/10.3.1/../../../../arm-none-eabi/lib/thumb/v6-m/nofp/libc.a(lib_a-mbtowc_r.o)
 .ARM.attributes
                0x000000000000086c       0x2c /home/tulip/gcc-arm-none-eabi-10.3-2021.10-x86_64-linux/gcc-arm-none-eabi-10.3-2021.10/bin/../lib/gcc/arm-none-eabi/10.3.1/../../../../arm-none-eabi/lib/thumb/v6-m/nofp/libc.a(lib_a-memmove.o)
 .ARM.attributes
                0x0000000000000898       0x2c /home/tulip/gcc-arm-none-eabi-10.3-2021.10-x86_64-linux/gcc-arm-none-eabi-10.3-2021.10/bin/../lib/gcc/arm-none-eabi/10.3.1/../../../../arm-none-eabi/lib/thumb/v6-m/nofp/libc.a(lib_a-readr.o)
 .ARM.attributes
                0x00000000000008c4       0x2c /home/tulip/gcc-arm-none-eabi-10.3-2021.10-x86_64-linux/gcc-arm-none-eabi-10.3-2021.10/bin/../lib/gcc/arm-none-eabi/10.3.1/../../../../arm-none-eabi/lib/thumb/v6-m/nofp/libc.a(lib_a-reallocr.o)
 .ARM.attributes
                0x00000000000008f0       0x2c /home/tulip/gcc-arm-none-eabi-10.3-2021.10-x86_64-linux/gcc-arm-none-eabi-10.3-2021.10/bin/../lib/gcc/arm-none-eabi/10.3.1/../../../../arm-none-eabi/lib/thumb/v6-m/nofp/libc.a(lib_a-wbuf.o)
 .ARM.attributes
                0x000000000000091c       0x2c /home/tulip/gcc-arm-none-eabi-10.3-2021.10-x86_64-linux/gcc-arm-none-eabi-10.3-2021.10/bin/../lib/gcc/arm-none-eabi/10.3.1/../../../../arm-none-eabi/lib/thumb/v6-m/nofp/libc.a(lib_a-wcrtomb.o)
 .ARM.attributes
                0x0000000000000948       0x2c /home/tulip/gcc-arm-none-eabi-10.3-2021.10-x86_64-linux/gcc-arm-none-eabi-10.3-2021.10/bin/../lib/gcc/arm-none-eabi/10.3.1/../../../../arm-none-eabi/lib/thumb/v6-m/nofp/libc.a(lib_a-wctomb_r.o)
 .ARM.attributes
                0x0000000000000974       0x2c /home/tulip/gcc-arm-none-eabi-10.3-2021.10-x86_64-linux/gcc-arm-none-eabi-10.3-2021.10/bin/../lib/gcc/arm-none-eabi/10.3.1/../../../../arm-none-eabi/lib/thumb/v6-m/nofp/libc.a(lib_a-abort.o)
 .ARM.attributes
                0x00000000000009a0       0x2c /home/tulip/gcc-arm-none-eabi-10.3-2021.10-x86_64-linux/gcc-arm-none-eabi-10.3-2021.10/bin/../lib/gcc/arm-none-eabi/10.3.1/../../../../arm-none-eabi/lib/thumb/v6-m/nofp/libc.a(lib_a-ctype_.o)
 .ARM.attributes
                0x00000000000009cc       0x2c /home/tulip/gcc-arm-none-eabi-10.3-2021.10-x86_64-linux/gcc-arm-none-eabi-10.3-2021.10/bin/../lib/gcc/arm-none-eabi/10.3.1/../../../../arm-none-eabi/lib/thumb/v6-m/nofp/libc.a(lib_a-signal.o)
 .ARM.attributes
                0x00000000000009f8       0x2c /home/tulip/gcc-arm-none-eabi-10.3-2021.10-x86_64-linux/gcc-arm-none-eabi-10.3-2021.10/bin/../lib/gcc/arm-none-eabi/10.3.1/../../../../arm-none-eabi/lib/thumb/v6-m/nofp/libc.a(lib_a-signalr.o)
 .ARM.attributes
                0x0000000000000a24       0x1e /home/tulip/gcc-arm-none-eabi-10.3-2021.10-x86_64-linux/gcc-arm-none-eabi-10.3-2021.10/bin/../lib/gcc/arm-none-eabi/10.3.1/thumb/v6-m/nofp/libgcc.a(_udivsi3.o)
 .ARM.attributes
                0x0000000000000a42       0x1e /home/tulip/gcc-arm-none-eabi-10.3-2021.10-x86_64-linux/gcc-arm-none-eabi-10.3-2021.10/bin/../lib/gcc/arm-none-eabi/10.3.1/thumb/v6-m/nofp/libgcc.a(_divsi3.o)
 .ARM.attributes
                0x0000000000000a60       0x1e /home/tulip/gcc-arm-none-eabi-10.3-2021.10-x86_64-linux/gcc-arm-none-eabi-10.3-2021.10/bin/../lib/gcc/arm-none-eabi/10.3.1/thumb/v6-m/nofp/libgcc.a(_dvmd_tls.o)
 .ARM.attributes
                0x0000000000000a7e       0x1e /home/tulip/gcc-arm-none-eabi-10.3-2021.10-x86_64-linux/gcc-arm-none-eabi-10.3-2021.10/bin/../lib/gcc/arm-none-eabi/10.3.1/thumb/v6-m/nofp/libgcc.a(_arm_cmpdf2.o)
 .ARM.attributes
                0x0000000000000a9c       0x1e /home/tulip/gcc-arm-none-eabi-10.3-2021.10-x86_64-linux/gcc-arm-none-eabi-10.3-2021.10/bin/../lib/gcc/arm-none-eabi/10.3.1/thumb/v6-m/nofp/libgcc.a(_aeabi_uldivmod.o)
 .ARM.attributes
                0x0000000000000aba       0x2c /home/tulip/gcc-arm-none-eabi-10.3-2021.10-x86_64-linux/gcc-arm-none-eabi-10.3-2021.10/bin/../lib/gcc/arm-none-eabi/10.3.1/thumb/v6-m/nofp/libgcc.a(_udivmoddi4.o)
 .ARM.attributes
                0x0000000000000ae6       0x2c /home/tulip/gcc-arm-none-eabi-10.3-2021.10-x86_64-linux/gcc-arm-none-eabi-10.3-2021.10/bin/../lib/gcc/arm-none-eabi/10.3.1/thumb/v6-m/nofp/libgcc.a(adddf3.o)
 .ARM.attributes
                0x0000000000000b12       0x2c /home/tulip/gcc-arm-none-eabi-10.3-2021.10-x86_64-linux/gcc-arm-none-eabi-10.3-2021.10/bin/../lib/gcc/arm-none-eabi/10.3.1/thumb/v6-m/nofp/libgcc.a(divdf3.o)
 .ARM.attributes
                0x0000000000000b3e       0x2c /home/tulip/gcc-arm-none-eabi-10.3-2021.10-x86_64-linux/gcc-arm-none-eabi-10.3-2021.10/bin/../lib/gcc/arm-none-eabi/10.3.1/thumb/v6-m/nofp/libgcc.a(eqdf2.o)
 .ARM.attributes
                0x0000000000000b6a       0x2c /home/tulip/gcc-arm-none-eabi-10.3-2021.10-x86_64-linux/gcc-arm-none-eabi-10.3-2021.10/bin/../lib/gcc/arm-none-eabi/10.3.1/thumb/v6-m/nofp/libgcc.a(gedf2.o)
 .ARM.attributes
                0x0000000000000b96       0x2c /home/tulip/gcc-arm-none-eabi-10.3-2021.10-x86_64-linux/gcc-arm-none-eabi-10.3-2021.10/bin/../lib/gcc/arm-none-eabi/10.3.1/thumb/v6-m/nofp/libgcc.a(ledf2.o)
 .ARM.attributes
                0x0000000000000bc2       0x2c /home/tulip/gcc-arm-none-eabi-10.3-2021.10-x86_64-linux/gcc-arm-none-eabi-10.3-2021.10/bin/../lib/gcc/arm-none-eabi/10.3.1/thumb/v6-m/nofp/libgcc.a(muldf3.o)
 .ARM.attributes
                0x0000000000000bee       0x2c /home/tulip/gcc-arm-none-eabi-10.3-2021.10-x86_64-linux/gcc-arm-none-eabi-10.3-2021.10/bin/../lib/gcc/arm-none-eabi/10.3.1/thumb/v6-m/nofp/libgcc.a(subdf3.o)
 .ARM.attributes
                0x0000000000000c1a       0x2c /home/tulip/gcc-arm-none-eabi-10.3-2021.10-x86_64-linux/gcc-arm-none-eabi-10.3-2021.10/bin/../lib/gcc/arm-none-eabi/10.3.1/thumb/v6-m/nofp/libgcc.a(unorddf2.o)
 .ARM.attributes
                0x0000000000000c46       0x2c /home/tulip/gcc-arm-none-eabi-10.3-2021.10-x86_64-linux/gcc-arm-none-eabi-10.3-2021.10/bin/../lib/gcc/arm-none-eabi/10.3.1/thumb/v6-m/nofp/libgcc.a(fixdfsi.o)
 .ARM.attributes
                0x0000000000000c72       0x2c /home/tulip/gcc-arm-none-eabi-10.3-2021.10-x86_64-linux/gcc-arm-none-eabi-10.3-2021.10/bin/../lib/gcc/arm-none-eabi/10.3.1/thumb/v6-m/nofp/libgcc.a(floatsidf.o)
 .ARM.attributes
                0x0000000000000c9e       0x2c /home/tulip/gcc-arm-none-eabi-10.3-2021.10-x86_64-linux/gcc-arm-none-eabi-10.3-2021.10/bin/../lib/gcc/arm-none-eabi/10.3.1/thumb/v6-m/nofp/libgcc.a(floatunsidf.o)
 .ARM.attributes
                0x0000000000000cca       0x1e /home/tulip/gcc-arm-none-eabi-10.3-2021.10-x86_64-linux/gcc-arm-none-eabi-10.3-2021.10/bin/../lib/gcc/arm-none-eabi/10.3.1/thumb/v6-m/nofp/libgcc.a(_clzsi2.o)
 .ARM.attributes
                0x0000000000000ce8       0x1e /home/tulip/gcc-arm-none-eabi-10.3-2021.10-x86_64-linux/gcc-arm-none-eabi-10.3-2021.10/bin/../lib/gcc/arm-none-eabi/10.3.1/thumb/v6-m/nofp/libgcc.a(_clzdi2.o)

.debug_frame    0x0000000000000000     0x1744
 .debug_frame   0x0000000000000000       0x44 build/ble.o
 .debug_frame   0x0000000000000044       0x60 build/ble_phy.o
 .debug_frame   0x00000000000000a4       0xb0 build/device_store.o
 .debug_frame   0x0000000000000154       0x38 build/leds.o
 .debug_frame   0x000000000000018c       0x74 build/Main.o
 .debug_frame   0x0000000000000200       0x38 build/startup.o
 .debug_frame   0x0000000000000238       0xc4 build/stdlib_impl.o
 .debug_frame   0x00000000000002fc       0x4c build/timer.o
 .debug_frame   0x0000000000000348       0x30 build/uart.o
 .debug_frame   0x0000000000000378       0x2c /home/tulip/gcc-arm-none-eabi-10.3-2021.10-x86_64-linux/gcc-arm-none-eabi-10.3-2021.10/bin/../lib/gcc/arm-none-eabi/10.3.1/../../../../arm-none-eabi/lib/thumb/v6-m/nofp/libc.a(lib_a-memcmp.o)
 .debug_frame   0x00000000000003a4       0x34 /home/tulip/gcc-arm-none-eabi-10.3-2021.10-x86_64-linux/gcc-arm-none-eabi-10.3-2021.10/bin/../lib/gcc/arm-none-eabi/10.3.1/../../../../arm-none-eabi/lib/thumb/v6-m/nofp/libc.a(lib_a-memcpy-stub.o)
 .debug_frame   0x00000000000003d8       0x30 /home/tulip/gcc-arm-none-eabi-10.3-2021.10-x86_64-linux/gcc-arm-none-eabi-10.3-2021.10/bin/../lib/gcc/arm-none-eabi/10.3.1/../../../../arm-none-eabi/lib/thumb/v6-m/nofp/libc.a(lib_a-memset.o)
 .debug_frame   0x0000000000000408       0x48 /home/tulip/gcc-arm-none-eabi-10.3-2021.10-x86_64-linux/gcc-arm-none-eabi-10.3-2021.10/bin/../lib/gcc/arm-none-eabi/10.3.1/../../../../arm-none-eabi/lib/thumb/v6-m/nofp/libc.a(lib_a-printf.o)
 .debug_frame   0x0000000000000450       0x50 /home/tulip/gcc-arm-none-eabi-10.3-2021.10-x86_64-linux/gcc-arm-none-eabi-10.3-2021.10/bin/../lib/gcc/arm-none-eabi/10.3.1/../../../../arm-none-eabi/lib/thumb/v6-m/nofp/libc.a(lib_a-reent.o)
 .debug_frame   0x00000000000004a0       0x78 /home/tulip/gcc-arm-none-eabi-10.3-2021.10-x86_64-linux/gcc-arm-none-eabi-10.3-2021.10/bin/../lib/gcc/arm-none-eabi/10.3.1/../../../../arm-none-eabi/lib/thumb/v6-m/nofp/libc.a(lib_a-vfprintf.o)
 .debug_frame   0x0000000000000518       0x2c /home/tulip/gcc-arm-none-eabi-10.3-2021.10-x86_64-linux/gcc-arm-none-eabi-10.3-2021.10/bin/../lib/gcc/arm-none-eabi/10.3.1/../../../../arm-none-eabi/lib/thumb/v6-m/nofp/libc.a(lib_a-wsetup.o)
 .debug_frame   0x0000000000000544       0x68 /home/tulip/gcc-arm-none-eabi-10.3-2021.10-x86_64-linux/gcc-arm-none-eabi-10.3-2021.10/bin/../lib/gcc/arm-none-eabi/10.3.1/../../../../arm-none-eabi/lib/thumb/v6-m/nofp/libc.a(lib_a-dtoa.o)
 .debug_frame   0x00000000000005ac       0x6c /home/tulip/gcc-arm-none-eabi-10.3-2021.10-x86_64-linux/gcc-arm-none-eabi-10.3-2021.10/bin/../lib/gcc/arm-none-eabi/10.3.1/../../../../arm-none-eabi/lib/thumb/v6-m/nofp/libc.a(lib_a-fflush.o)
 .debug_frame   0x0000000000000618      0x170 /home/tulip/gcc-arm-none-eabi-10.3-2021.10-x86_64-linux/gcc-arm-none-eabi-10.3-2021.10/bin/../lib/gcc/arm-none-eabi/10.3.1/../../../../arm-none-eabi/lib/thumb/v6-m/nofp/libc.a(lib_a-findfp.o)
 .debug_frame   0x0000000000000788       0x54 /home/tulip/gcc-arm-none-eabi-10.3-2021.10-x86_64-linux/gcc-arm-none-eabi-10.3-2021.10/bin/../lib/gcc/arm-none-eabi/10.3.1/../../../../arm-none-eabi/lib/thumb/v6-m/nofp/libc.a(lib_a-freer.o)
 .debug_frame   0x00000000000007dc       0x5c /home/tulip/gcc-arm-none-eabi-10.3-2021.10-x86_64-linux/gcc-arm-none-eabi-10.3-2021.10/bin/../lib/gcc/arm-none-eabi/10.3.1/../../../../arm-none-eabi/lib/thumb/v6-m/nofp/libc.a(lib_a-fwalk.o)
 .debug_frame   0x0000000000000838       0x40 /home/tulip/gcc-arm-none-eabi-10.3-2021.10-x86_64-linux/gcc-arm-none-eabi-10.3-2021.10/bin/../lib/gcc/arm-none-eabi/10.3.1/../../../../arm-none-eabi/lib/thumb/v6-m/nofp/libc.a(lib_a-localeconv.o)
 .debug_frame   0x0000000000000878       0xb0 /home/tulip/gcc-arm-none-eabi-10.3-2021.10-x86_64-linux/gcc-arm-none-eabi-10.3-2021.10/bin/../lib/gcc/arm-none-eabi/10.3.1/../../../../arm-none-eabi/lib/thumb/v6-m/nofp/libc.a(lib_a-lock.o)
 .debug_frame   0x0000000000000928       0x58 /home/tulip/gcc-arm-none-eabi-10.3-2021.10-x86_64-linux/gcc-arm-none-eabi-10.3-2021.10/bin/../lib/gcc/arm-none-eabi/10.3.1/../../../../arm-none-eabi/lib/thumb/v6-m/nofp/libc.a(lib_a-makebuf.o)
 .debug_frame   0x0000000000000980       0x3c /home/tulip/gcc-arm-none-eabi-10.3-2021.10-x86_64-linux/gcc-arm-none-eabi-10.3-2021.10/bin/../lib/gcc/arm-none-eabi/10.3.1/../../../../arm-none-eabi/lib/thumb/v6-m/nofp/libc.a(lib_a-mallocr.o)
 .debug_frame   0x00000000000009bc       0x2c /home/tulip/gcc-arm-none-eabi-10.3-2021.10-x86_64-linux/gcc-arm-none-eabi-10.3-2021.10/bin/../lib/gcc/arm-none-eabi/10.3.1/../../../../arm-none-eabi/lib/thumb/v6-m/nofp/libc.a(lib_a-memchr-stub.o)
 .debug_frame   0x00000000000009e8       0x40 /home/tulip/gcc-arm-none-eabi-10.3-2021.10-x86_64-linux/gcc-arm-none-eabi-10.3-2021.10/bin/../lib/gcc/arm-none-eabi/10.3.1/../../../../arm-none-eabi/lib/thumb/v6-m/nofp/libc.a(lib_a-mlock.o)
 .debug_frame   0x0000000000000a28      0x258 /home/tulip/gcc-arm-none-eabi-10.3-2021.10-x86_64-linux/gcc-arm-none-eabi-10.3-2021.10/bin/../lib/gcc/arm-none-eabi/10.3.1/../../../../arm-none-eabi/lib/thumb/v6-m/nofp/libc.a(lib_a-mprec.o)
 .debug_frame   0x0000000000000c80       0x2c /home/tulip/gcc-arm-none-eabi-10.3-2021.10-x86_64-linux/gcc-arm-none-eabi-10.3-2021.10/bin/../lib/gcc/arm-none-eabi/10.3.1/../../../../arm-none-eabi/lib/thumb/v6-m/nofp/libc.a(lib_a-s_frexp.o)
 .debug_frame   0x0000000000000cac       0x2c /home/tulip/gcc-arm-none-eabi-10.3-2021.10-x86_64-linux/gcc-arm-none-eabi-10.3-2021.10/bin/../lib/gcc/arm-none-eabi/10.3.1/../../../../arm-none-eabi/lib/thumb/v6-m/nofp/libc.a(lib_a-sbrkr.o)
 .debug_frame   0x0000000000000cd8       0x90 /home/tulip/gcc-arm-none-eabi-10.3-2021.10-x86_64-linux/gcc-arm-none-eabi-10.3-2021.10/bin/../lib/gcc/arm-none-eabi/10.3.1/../../../../arm-none-eabi/lib/thumb/v6-m/nofp/libc.a(lib_a-stdio.o)
 .debug_frame   0x0000000000000d68       0x28 /home/tulip/gcc-arm-none-eabi-10.3-2021.10-x86_64-linux/gcc-arm-none-eabi-10.3-2021.10/bin/../lib/gcc/arm-none-eabi/10.3.1/../../../../arm-none-eabi/lib/thumb/v6-m/nofp/libc.a(lib_a-strlen-stub.o)
 .debug_frame   0x0000000000000d90       0x30 /home/tulip/gcc-arm-none-eabi-10.3-2021.10-x86_64-linux/gcc-arm-none-eabi-10.3-2021.10/bin/../lib/gcc/arm-none-eabi/10.3.1/../../../../arm-none-eabi/lib/thumb/v6-m/nofp/libc.a(lib_a-strncpy.o)
 .debug_frame   0x0000000000000dc0       0xbc /home/tulip/gcc-arm-none-eabi-10.3-2021.10-x86_64-linux/gcc-arm-none-eabi-10.3-2021.10/bin/../lib/gcc/arm-none-eabi/10.3.1/../../../../arm-none-eabi/lib/thumb/v6-m/nofp/libc.a(lib_a-vfiprintf.o)
 .debug_frame   0x0000000000000e7c       0x2c /home/tulip/gcc-arm-none-eabi-10.3-2021.10-x86_64-linux/gcc-arm-none-eabi-10.3-2021.10/bin/../lib/gcc/arm-none-eabi/10.3.1/../../../../arm-none-eabi/lib/thumb/v6-m/nofp/libc.a(lib_a-writer.o)
 .debug_frame   0x0000000000000ea8       0x44 /home/tulip/gcc-arm-none-eabi-10.3-2021.10-x86_64-linux/gcc-arm-none-eabi-10.3-2021.10/bin/../lib/gcc/arm-none-eabi/10.3.1/../../../../arm-none-eabi/lib/thumb/v6-m/nofp/libc.a(lib_a-assert.o)
 .debug_frame   0x0000000000000eec       0x2c /home/tulip/gcc-arm-none-eabi-10.3-2021.10-x86_64-linux/gcc-arm-none-eabi-10.3-2021.10/bin/../lib/gcc/arm-none-eabi/10.3.1/../../../../arm-none-eabi/lib/thumb/v6-m/nofp/libc.a(lib_a-callocr.o)
 .debug_frame   0x0000000000000f18       0x2c /home/tulip/gcc-arm-none-eabi-10.3-2021.10-x86_64-linux/gcc-arm-none-eabi-10.3-2021.10/bin/../lib/gcc/arm-none-eabi/10.3.1/../../../../arm-none-eabi/lib/thumb/v6-m/nofp/libc.a(lib_a-closer.o)
 .debug_frame   0x0000000000000f44       0x20 /home/tulip/gcc-arm-none-eabi-10.3-2021.10-x86_64-linux/gcc-arm-none-eabi-10.3-2021.10/bin/../lib/gcc/arm-none-eabi/10.3.1/../../../../arm-none-eabi/lib/thumb/v6-m/nofp/libc.a(lib_a-errno.o)
 .debug_frame   0x0000000000000f64       0x48 /home/tulip/gcc-arm-none-eabi-10.3-2021.10-x86_64-linux/gcc-arm-none-eabi-10.3-2021.10/bin/../lib/gcc/arm-none-eabi/10.3.1/../../../../arm-none-eabi/lib/thumb/v6-m/nofp/libc.a(lib_a-fclose.o)
 .debug_frame   0x0000000000000fac       0x48 /home/tulip/gcc-arm-none-eabi-10.3-2021.10-x86_64-linux/gcc-arm-none-eabi-10.3-2021.10/bin/../lib/gcc/arm-none-eabi/10.3.1/../../../../arm-none-eabi/lib/thumb/v6-m/nofp/libc.a(lib_a-fiprintf.o)
 .debug_frame   0x0000000000000ff4       0x70 /home/tulip/gcc-arm-none-eabi-10.3-2021.10-x86_64-linux/gcc-arm-none-eabi-10.3-2021.10/bin/../lib/gcc/arm-none-eabi/10.3.1/../../../../arm-none-eabi/lib/thumb/v6-m/nofp/libc.a(lib_a-fputwc.o)
 .debug_frame   0x0000000000001064       0x2c /home/tulip/gcc-arm-none-eabi-10.3-2021.10-x86_64-linux/gcc-arm-none-eabi-10.3-2021.10/bin/../lib/gcc/arm-none-eabi/10.3.1/../../../../arm-none-eabi/lib/thumb/v6-m/nofp/libc.a(lib_a-fstatr.o)
 .debug_frame   0x0000000000001090       0x3c /home/tulip/gcc-arm-none-eabi-10.3-2021.10-x86_64-linux/gcc-arm-none-eabi-10.3-2021.10/bin/../lib/gcc/arm-none-eabi/10.3.1/../../../../arm-none-eabi/lib/thumb/v6-m/nofp/libc.a(lib_a-fvwrite.o)
 .debug_frame   0x00000000000010cc       0x2c /home/tulip/gcc-arm-none-eabi-10.3-2021.10-x86_64-linux/gcc-arm-none-eabi-10.3-2021.10/bin/../lib/gcc/arm-none-eabi/10.3.1/../../../../arm-none-eabi/lib/thumb/v6-m/nofp/libc.a(lib_a-isattyr.o)
 .debug_frame   0x00000000000010f8       0x58 /home/tulip/gcc-arm-none-eabi-10.3-2021.10-x86_64-linux/gcc-arm-none-eabi-10.3-2021.10/bin/../lib/gcc/arm-none-eabi/10.3.1/../../../../arm-none-eabi/lib/thumb/v6-m/nofp/libc.a(lib_a-locale.o)
 .debug_frame   0x0000000000001150       0x2c /home/tulip/gcc-arm-none-eabi-10.3-2021.10-x86_64-linux/gcc-arm-none-eabi-10.3-2021.10/bin/../lib/gcc/arm-none-eabi/10.3.1/../../../../arm-none-eabi/lib/thumb/v6-m/nofp/libc.a(lib_a-lseekr.o)
 .debug_frame   0x000000000000117c       0x40 /home/tulip/gcc-arm-none-eabi-10.3-2021.10-x86_64-linux/gcc-arm-none-eabi-10.3-2021.10/bin/../lib/gcc/arm-none-eabi/10.3.1/../../../../arm-none-eabi/lib/thumb/v6-m/nofp/libc.a(lib_a-mbtowc_r.o)
 .debug_frame   0x00000000000011bc       0x30 /home/tulip/gcc-arm-none-eabi-10.3-2021.10-x86_64-linux/gcc-arm-none-eabi-10.3-2021.10/bin/../lib/gcc/arm-none-eabi/10.3.1/../../../../arm-none-eabi/lib/thumb/v6-m/nofp/libc.a(lib_a-memmove.o)
 .debug_frame   0x00000000000011ec       0x2c /home/tulip/gcc-arm-none-eabi-10.3-2021.10-x86_64-linux/gcc-arm-none-eabi-10.3-2021.10/bin/../lib/gcc/arm-none-eabi/10.3.1/../../../../arm-none-eabi/lib/thumb/v6-m/nofp/libc.a(lib_a-readr.o)
 .debug_frame   0x0000000000001218       0x3c /home/tulip/gcc-arm-none-eabi-10.3-2021.10-x86_64-linux/gcc-arm-none-eabi-10.3-2021.10/bin/../lib/gcc/arm-none-eabi/10.3.1/../../../../arm-none-eabi/lib/thumb/v6-m/nofp/libc.a(lib_a-reallocr.o)
 .debug_frame   0x0000000000001254       0x48 /home/tulip/gcc-arm-none-eabi-10.3-2021.10-x86_64-linux/gcc-arm-none-eabi-10.3-2021.10/bin/../lib/gcc/arm-none-eabi/10.3.1/../../../../arm-none-eabi/lib/thumb/v6-m/nofp/libc.a(lib_a-wbuf.o)
 .debug_frame   0x000000000000129c       0x50 /home/tulip/gcc-arm-none-eabi-10.3-2021.10-x86_64-linux/gcc-arm-none-eabi-10.3-2021.10/bin/../lib/gcc/arm-none-eabi/10.3.1/../../../../arm-none-eabi/lib/thumb/v6-m/nofp/libc.a(lib_a-wcrtomb.o)
 .debug_frame   0x00000000000012ec       0x3c /home/tulip/gcc-arm-none-eabi-10.3-2021.10-x86_64-linux/gcc-arm-none-eabi-10.3-2021.10/bin/../lib/gcc/arm-none-eabi/10.3.1/../../../../arm-none-eabi/lib/thumb/v6-m/nofp/libc.a(lib_a-wctomb_r.o)
 .debug_frame   0x0000000000001328       0x28 /home/tulip/gcc-arm-none-eabi-10.3-2021.10-x86_64-linux/gcc-arm-none-eabi-10.3-2021.10/bin/../lib/gcc/arm-none-eabi/10.3.1/../../../../arm-none-eabi/lib/thumb/v6-m/nofp/libc.a(lib_a-abort.o)
 .debug_frame   0x0000000000001350       0xfc /home/tulip/gcc-arm-none-eabi-10.3-2021.10-x86_64-linux/gcc-arm-none-eabi-10.3-2021.10/bin/../lib/gcc/arm-none-eabi/10.3.1/../../../../arm-none-eabi/lib/thumb/v6-m/nofp/libc.a(lib_a-signal.o)
 .debug_frame   0x000000000000144c       0x44 /home/tulip/gcc-arm-none-eabi-10.3-2021.10-x86_64-linux/gcc-arm-none-eabi-10.3-2021.10/bin/../lib/gcc/arm-none-eabi/10.3.1/../../../../arm-none-eabi/lib/thumb/v6-m/nofp/libc.a(lib_a-signalr.o)
 .debug_frame   0x0000000000001490       0x20 /home/tulip/gcc-arm-none-eabi-10.3-2021.10-x86_64-linux/gcc-arm-none-eabi-10.3-2021.10/bin/../lib/gcc/arm-none-eabi/10.3.1/thumb/v6-m/nofp/libgcc.a(_udivsi3.o)
 .debug_frame   0x00000000000014b0       0x20 /home/tulip/gcc-arm-none-eabi-10.3-2021.10-x86_64-linux/gcc-arm-none-eabi-10.3-2021.10/bin/../lib/gcc/arm-none-eabi/10.3.1/thumb/v6-m/nofp/libgcc.a(_divsi3.o)
 .debug_frame   0x00000000000014d0       0x3c /home/tulip/gcc-arm-none-eabi-10.3-2021.10-x86_64-linux/gcc-arm-none-eabi-10.3-2021.10/bin/../lib/gcc/arm-none-eabi/10.3.1/thumb/v6-m/nofp/libgcc.a(_udivmoddi4.o)
 .debug_frame   0x000000000000150c       0x38 /home/tulip/gcc-arm-none-eabi-10.3-2021.10-x86_64-linux/gcc-arm-none-eabi-10.3-2021.10/bin/../lib/gcc/arm-none-eabi/10.3.1/thumb/v6-m/nofp/libgcc.a(adddf3.o)
 .debug_frame   0x0000000000001544       0x3c /home/tulip/gcc-arm-none-eabi-10.3-2021.10-x86_64-linux/gcc-arm-none-eabi-10.3-2021.10/bin/../lib/gcc/arm-none-eabi/10.3.1/thumb/v6-m/nofp/libgcc.a(divdf3.o)
 .debug_frame   0x0000000000001580       0x38 /home/tulip/gcc-arm-none-eabi-10.3-2021.10-x86_64-linux/gcc-arm-none-eabi-10.3-2021.10/bin/../lib/gcc/arm-none-eabi/10.3.1/thumb/v6-m/nofp/libgcc.a(eqdf2.o)
 .debug_frame   0x00000000000015b8       0x34 /home/tulip/gcc-arm-none-eabi-10.3-2021.10-x86_64-linux/gcc-arm-none-eabi-10.3-2021.10/bin/../lib/gcc/arm-none-eabi/10.3.1/thumb/v6-m/nofp/libgcc.a(gedf2.o)
 .debug_frame   0x00000000000015ec       0x34 /home/tulip/gcc-arm-none-eabi-10.3-2021.10-x86_64-linux/gcc-arm-none-eabi-10.3-2021.10/bin/../lib/gcc/arm-none-eabi/10.3.1/thumb/v6-m/nofp/libgcc.a(ledf2.o)
 .debug_frame   0x0000000000001620       0x3c /home/tulip/gcc-arm-none-eabi-10.3-2021.10-x86_64-linux/gcc-arm-none-eabi-10.3-2021.10/bin/../lib/gcc/arm-none-eabi/10.3.1/thumb/v6-m/nofp/libgcc.a(muldf3.o)
 .debug_frame   0x000000000000165c       0x3c /home/tulip/gcc-arm-none-eabi-10.3-2021.10-x86_64-linux/gcc-arm-none-eabi-10.3-2021.10/bin/../lib/gcc/arm-none-eabi/10.3.1/thumb/v6-m/nofp/libgcc.a(subdf3.o)
 .debug_frame   0x0000000000001698       0x2c /home/tulip/gcc-arm-none-eabi-10.3-2021.10-x86_64-linux/gcc-arm-none-eabi-10.3-2021.10/bin/../lib/gcc/arm-none-eabi/10.3.1/thumb/v6-m/nofp/libgcc.a(unorddf2.o)
 .debug_frame   0x00000000000016c4       0x2c /home/tulip/gcc-arm-none-eabi-10.3-2021.10-x86_64-linux/gcc-arm-none-eabi-10.3-2021.10/bin/../lib/gcc/arm-none-eabi/10.3.1/thumb/v6-m/nofp/libgcc.a(fixdfsi.o)
 .debug_frame   0x00000000000016f0       0x2c /home/tulip/gcc-arm-none-eabi-10.3-2021.10-x86_64-linux/gcc-arm-none-eabi-10.3-2021.10/bin/../lib/gcc/arm-none-eabi/10.3.1/thumb/v6-m/nofp/libgcc.a(floatsidf.o)
 .debug_frame   0x000000000000171c       0x28 /home/tulip/gcc-arm-none-eabi-10.3-2021.10-x86_64-linux/gcc-arm-none-eabi-10.3-2021.10/bin/../lib/gcc/arm-none-eabi/10.3.1/thumb/v6-m/nofp/libgcc.a(floatunsidf.o)